04-04 23:38:27.400   512   512 I lowmemorykiller: nr_free_pages: 4472 nr_inactive_file: 198101 nr_active_file: 117493 workingset_refault: 3863913923 pgscan_kswapd: 6159121750 pgscan_direct: 236513998 pgscan_direct_throttle: 4633 init_pgscan_direct: 236509902 init_pgscan_kswapd: 6159106966 base_file_lru: 309366 init_ws_refault: 3863907781 free_swap: 680377 total_swap: 1572863 swap_free_percentage: 43%
04-04 23:38:27.405 15219 15240 I GrallocExtra: gralloc_extra_query:is_SW3D 0
04-04 23:38:27.409  1694  3330 W ServiceManagerCppClient: Permission failure: android.permission.ACCESS_SURFACE_FLINGER from uid=10419 pid=0
04-04 23:38:27.409  1694  3330 W ServiceManagerCppClient: Permission failure: android.permission.ROTATE_SURFACE_FLINGER from uid=10419 pid=0
04-04 23:38:27.409  1694  3330 W ServiceManagerCppClient: Permission failure: android.permission.INTERNAL_SYSTEM_WINDOW from uid=10419 pid=0
04-04 23:38:27.410  1694  1746 W WindowManager: lockNow pending, ignore updating lockscreen timeout
04-04 23:38:27.411  1096  1096 I SurfaceFlinger: onHandleDestroyed: layerId=287549, name=animation-background#287549
04-04 23:38:27.411  1096  1096 I SurfaceFlinger: onHandleDestroyed: layerId=287545, name=Transition Root: Task=6329#287545
04-04 23:38:27.413  1056  1077 I mtkpower@impl: [setMode] type:6, enabled:0
04-04 23:38:27.413  1056  1077 E mtkpower@impl: [setMode] unknown type
04-04 23:38:27.414  1694  1746 W WindowManager: lockNow pending, ignore updating lockscreen timeout
04-04 23:38:27.419  1694  1741 I ActivityTaskManager: Displayed com.smartbus.app/.activities.SplashActivity for user 0: +850ms
04-04 23:38:27.424  1694  3330 W WindowManager: lockNow pending, ignore updating lockscreen timeout
04-04 23:38:27.428  1096  1096 I SurfaceFlinger: onHandleDestroyed: layerId=287530, name=f53dd3c ActivityRecordInputSink com.whatsapp.w4b/com.whatsapp.Conversation#287530
04-04 23:38:27.431  1032  1424 W hwcomposer: [DRMDEV] paramIsSame(), id 93478, w 1080/1080, h 2400/2400, pitch 1088/1088, format 0x2/0x1, secure 0/0  
04-04 23:38:27.445  1032  1070 I hwcomposer: [HWCDisplay] [Display_0 (type:1, mode:2)] fps:43.945850,dur:1001.23,max:198.40,min:12.67  
04-04 23:38:25.757  1096  1096 W warn_alloc: 4 callbacks suppressed
04-04 23:38:25.757  1096  1096 W surfaceflinger: page allocation failure: order:0, mode:0x10800(GFP_NOWAIT|__GFP_NORETRY), nodemask=(null),cpuset=/,mems_allowed=0
04-04 23:38:25.757  1096  1096 W         : CPU: 6 PID: 1096 Comm: surfaceflinger Tainted: P        W  O       6.1.134-android14-11-g8dc7d7757edd-ab13492451 #1
04-04 23:38:25.757  1096  1096 W Hardware name: MT6878 (DT)
04-04 23:38:25.757  1096  1096 W Call trace:  
04-04 23:38:25.757  1096  1096 W         : dump_backtrace+0xf4/0x118
04-04 23:38:25.757  1096  1096 W         : show_stack+0x18/0x24
04-04 23:38:25.757  1096  1096 W         : dump_stack_lvl+0x60/0x7c
04-04 23:38:25.757  1096  1096 W         : dump_stack+0x18/0x38
04-04 23:38:25.757  1096  1096 W         : warn_alloc+0xf4/0x160
04-04 23:38:25.757  1096  1096 W         : __alloc_pages_slowpath+0x108c/0x11b8
04-04 23:38:25.757  1096  1096 W         : __alloc_pages+0x1f4/0x22c
04-04 23:38:25.757  1096  1096 W         : __erofs_allocpage+0x88/0xac
04-04 23:38:25.757  1096  1096 W         : z_erofs_lz4_decompress+0x1f8/0x738
04-04 23:38:25.757  1096  1096 W         : z_erofs_decompress_queue+0x694/0xcb8
04-04 23:38:25.757  1096  1096 W         : z_erofs_runqueue+0x874/0x8b4
04-04 23:38:25.757  1096  1096 W         : z_erofs_readahead+0x260/0x324
04-04 23:38:25.757  1096  1096 W         : read_pages+0x84/0x3f8
04-04 23:38:25.757  1096  1096 W         : page_cache_ra_unbounded+0x9c/0x2b4
04-04 23:38:25.757  1096  1096 W         : page_cache_ra_order+0x2b0/0x348
04-04 23:38:25.757  1096  1096 W         : do_sync_mmap_readahead+0x11c/0x368
04-04 23:38:25.757  1096  1096 W         : filemap_fault+0x1ac/0x56c
04-04 23:38:25.757  1096  1096 W         : __do_fault+0xbc/0x104
04-04 23:38:25.757  1096  1096 W         : handle_mm_fault+0x458/0x12c0
04-04 23:38:25.757  1096  1096 W         : do_page_fault+0x1fc/0x4ac
04-04 23:38:25.757  1096  1096 W         : do_translation_fault+0x38/0x54
04-04 23:38:25.757  1096  1096 W         : do_mem_abort+0x58/0x118
04-04 23:38:25.757  1096  1096 W         : el0_ia+0x68/0x114
04-04 23:38:25.757  1096  1096 W         : el0t_64_sync_handler+0x88/0xb4
04-04 23:38:25.757  1096  1096 W         : el0t_64_sync+0x1a4/0x1a8
04-04 23:38:25.757  1096  1096 W Mem-Info:  
04-04 23:38:25.757  1096  1096 W active_anon: 181299 inactive_anon:50603 isolated_anon:0
04-04 23:38:25.757  1096  1096 W active_file: 118063 inactive_file:198215 isolated_file:0
04-04 23:38:25.757  1096  1096 W unevictable: 68638 dirty:1283 writeback:4
04-04 23:38:25.757  1096  1096 W slab_reclaimable: 57186 slab_unreclaimable:101639
04-04 23:38:25.757  1096  1096 W mapped  : 225773 shmem:5126 pagetables:36041
04-04 23:38:25.757  1096  1096 W sec_pagetables: 0 bounce:0
04-04 23:38:25.757  1096  1096 W kernel_misc_reclaimable: 18282
04-04 23:38:25.757  1096  1096 W free    : 2188 free_pcp:403 free_cma:0
04-04 23:38:25.757  1096  1096 W         : Node 0 active_anon:725196kB inactive_anon:202412kB active_file:472252kB inactive_file:792860kB unevictable:274552kB isolated(anon):0kB isolated(file):0kB mapped:903092kB dirty:5132kB writeback:16kB shmem:20504kB shmem_thp: 0kB shmem_pmdmapped: 0kB anon_thp: 0kB writeback_tmp:0kB kernel_stack:91532kB shadow_call_stack:22924kB pagetables:144164kB sec_pagetables:0kB all_unreclaimable? no
04-04 23:38:25.757  1096  1096 W Normal free: 9256kB boost:0kB min:9332kB low:75876kB high:142420kB reserved_highatomic:53248KB active_anon:724224kB inactive_anon:202912kB active_file:471748kB inactive_file:792548kB unevictable:274552kB writepending:5148kB present:6291456kB managed:5545568kB mlocked:274552kB bounce:0kB free_pcp:1504kB local_pcp:236kB free_cma:0kB
04-04 23:38:25.757  1096  1096 W lowmem_reserve[]: 0 0 0 0
04-04 23:38:25.757  1096  1096 W Normal  : 900*4kB (UME) 106*8kB (UME) 301*16kB (UMH) 0*32kB 0*64kB 0*128kB 0*256kB 0*512kB 0*1024kB 0*2048kB 0*4096kB = 9264kB
04-04 23:38:25.757  1096  1096 W         : 397868 total pagecache pages
04-04 23:38:25.757  1096  1096 W         : 8152 pages in swap cache
04-04 23:38:25.757  1096  1096 W         : Free swap  = 2714780kB
04-04 23:38:25.757  1096  1096 W         : Total swap = 6291452kB
04-04 23:38:25.757  1096  1096 W         : 1572864 pages RAM
04-04 23:38:25.757  1096  1096 W         : 0 pages HighMem/MovableOnly
04-04 23:38:25.757  1096  1096 W         : 186472 pages reserved
04-04 23:38:25.757  1096  1096 W         : 57344 pages cma reserved
04-04 23:38:27.503   512   512 I lowmemorykiller: nr_free_pages: 17497 nr_inactive_file: 184646 nr_active_file: 119942 workingset_refault: 3863915610 pgscan_kswapd: 6159132694 pgscan_direct: 236528245 pgscan_direct_throttle: 4634 init_pgscan_direct: 236509902 init_pgscan_kswapd: 6159121750 base_file_lru: 309366 init_ws_refault: 3863907781 free_swap: 670117 total_swap: 1572863 swap_free_percentage: 42%
04-04 23:38:25.837 21458 21458 I [wlan][21458]soc7_0ForceEnableHostCsrIrq: (HAL INFO) RD 0x7c0601a4 = 00000000
04-04 23:38:25.837 21458 21458 I [wlan][21458]soc7_0ForceEnableHostCsrIrq: (HAL INFO) WR 0x7c0601a4 = 00000001
04-04 23:38:25.839 21458 21458 I [wlan][21458]soc7_0ForceEnableHostCsrIrq: (HAL INFO) RD 0x7c011000 = 02050401
04-04 23:38:25.839 21458 21458 I [wlan][21458]soc7_0ForceEnableHostCsrIrq: (HAL INFO) RD 0x7c001210 = 00010002
04-04 23:38:25.839 21458 21458 I [wlan][21458]soc7_0ForceEnableHostCsrIrq: (HAL INFO) RD 0x7c001600 = 000003ff
04-04 23:38:25.839 21458 21458 I [wlan][21458]soc7_0ForceEnableHostCsrIrq: (HAL INFO) WR 0x7c001600 = 0x3FF
04-04 23:38:25.839 21458 21458 I [wlan][21458]soc7_0ForceEnableHostCsrIrq: (HAL INFO) RD 0x7c001600 = 000003ff
04-04 23:38:25.839 21458 21458 I [wlan][21458]soc7_0ForceEnableHostCsrIrq: (HAL INFO) RD 0x7c0601a4 = 00000001
04-04 23:38:25.839 21458 21458 I [wlan][21458]soc7_0ForceEnableHostCsrIrq: (HAL INFO) WR 0x7c0601a4 = 00000000
04-04 23:38:25.859 21457 21457 I [wlan][21457]statsParsePktInfo: (RX INFO) <RX><IPv6> hop-by-hop packet, SSN:1045
04-04 23:38:25.859 21457 21457 I [wlan][21457]statsParsePktInfo: (RX INFO) <RX><IPv6> hop-by-hop packet, SSN:1046
04-04 23:38:25.860 21457 21457 I [wlan][21457]statsParsePktInfo: (RX INFO) <RX><IPv6> hop-by-hop packet, SSN:1048
04-04 23:38:27.567 15085 15148 E HiddenApis2: Failed to init DecodeJObjectFuncPtr
04-04 23:38:25.896 19509 19509 W audit   : audit_lost=610669217 audit_rate_limit=5 audit_backlog_limit=64
04-04 23:38:25.896 19509 19509 E audit   : rate limit exceeded
04-04 23:38:27.560  2634  2634 W dataInfoSend: type=1400 audit(0.0:611762423): avc:  denied  { bpf } for  capability=39  scontext=u:r:bpfloader:s0 tcontext=u:r:bpfloader:s0 tclass=capability2 permissive=0
04-04 23:38:27.560  2634  2634 W dataInfoSend: type=1400 audit(0.0:611762424): avc:  denied  { bpf } for  capability=39  scontext=u:r:bpfloader:s0 tcontext=u:r:bpfloader:s0 tclass=capability2 permissive=0
04-04 23:38:27.560  2634  2634 W dataInfoSend: type=1400 audit(0.0:611762425): avc:  denied  { bpf } for  capability=39  scontext=u:r:bpfloader:s0 tcontext=u:r:bpfloader:s0 tclass=capability2 permissive=0
04-04 23:38:27.560  2634  2634 W dataInfoSend: type=1400 audit(0.0:611762426): avc:  denied  { bpf } for  capability=39  scontext=u:r:bpfloader:s0 tcontext=u:r:bpfloader:s0 tclass=capability2 permissive=0
04-04 23:38:27.560  2634  2634 W dataInfoSend: type=1400 audit(0.0:611762427): avc:  denied  { bpf } for  capability=39  scontext=u:r:bpfloader:s0 tcontext=u:r:bpfloader:s0 tclass=capability2 permissive=0
04-04 23:38:27.580 15085 15148 W fb4a.Fixie/ActivityStackResetterFixer: Enable Activity Stack Resetter
04-04 23:38:25.926 21458 21458 I [wlan][21458]halSetFWOwn: (INIT INFO) FW OWN:1, IntSta:0x00000048
04-04 23:38:27.603   512   512 I lowmemorykiller: nr_free_pages: 42711 nr_inactive_file: 148817 nr_active_file: 131717 workingset_refault: 3863923386 pgscan_kswapd: 6159166358 pgscan_direct: 236528245 pgscan_direct_throttle: 4634 init_pgscan_direct: 236509902 init_pgscan_kswapd: 6159132694 base_file_lru: 309366 init_ws_refault: 3863907781 free_swap: 671013 total_swap: 1572863 swap_free_percentage: 42%
04-04 23:38:25.965 21458 21458 I [wlan][21458]soc7_0ForceEnableHostCsrIrq: (HAL INFO) RD 0x7c0601a4 = 00000000
04-04 23:38:25.965 21458 21458 I [wlan][21458]soc7_0ForceEnableHostCsrIrq: (HAL INFO) WR 0x7c0601a4 = 00000001
04-04 23:38:25.966 21458 21458 I [wlan][21458]soc7_0ForceEnableHostCsrIrq: (HAL INFO) RD 0x7c011000 = 02050401
04-04 23:38:25.967 21458 21458 I [wlan][21458]soc7_0ForceEnableHostCsrIrq: (HAL INFO) RD 0x7c001210 = 00010002
04-04 23:38:25.967 21458 21458 I [wlan][21458]soc7_0ForceEnableHostCsrIrq: (HAL INFO) RD 0x7c001600 = 000003ff
04-04 23:38:25.967 21458 21458 I [wlan][21458]soc7_0ForceEnableHostCsrIrq: (HAL INFO) WR 0x7c001600 = 0x3FF
04-04 23:38:25.967 21458 21458 I [wlan][21458]soc7_0ForceEnableHostCsrIrq: (HAL INFO) RD 0x7c001600 = 000003ff
04-04 23:38:25.967 21458 21458 I [wlan][21458]soc7_0ForceEnableHostCsrIrq: (HAL INFO) RD 0x7c0601a4 = 00000001
04-04 23:38:25.967 21458 21458 I [wlan][21458]soc7_0ForceEnableHostCsrIrq: (HAL INFO) WR 0x7c0601a4 = 00000000
04-04 23:38:27.667  2907  3044 W BluetoothMetricsLogger: MetricsLogger isn't initialized
04-04 23:38:27.667  2907  3044 W BluetoothMetricsLogger: MetricsLogger isn't initialized
04-04 23:38:27.667  2907  3044 E ScannerMap: Context not found for ID 4
04-04 23:38:26.026 21458 21458 I [wlan][21458]halSetFWOwn: (INIT INFO) FW OWN:1, IntSta:0x00000004
04-04 23:38:27.700   512   512 I lowmemorykiller: nr_free_pages: 39309 nr_inactive_file: 141656 nr_active_file: 139509 workingset_refault: 3863931879 pgscan_kswapd: 6159174230 pgscan_direct: 236528245 pgscan_direct_throttle: 4634 init_pgscan_direct: 236509902 init_pgscan_kswapd: 6159166358 base_file_lru: 309366 init_ws_refault: 3863907781 free_swap: 671077 total_swap: 1572863 swap_free_percentage: 42%
04-04 23:38:27.717 15085 15274 I ApexCodecsLazy: Failed to load libcom.android.media.swcodec.apexcodecs.so: dlopen failed: library "libcom.android.media.swcodec.apexcodecs.so" not found
04-04 23:38:27.718 15085 15274 I Codec2Client: Available Codec2 services: "default" "software"
04-04 23:38:27.721 15085 15274 I CCodec  : setting up 'default' as default (vendor) store
04-04 23:38:26.067 15279 15279 I         : [VCP] vcp_enable_pm_clk id 1 done 2 clk 728000
04-04 23:38:26.067 21458 21458 I [wlan][21458]soc7_0ForceEnableHostCsrIrq: (HAL INFO) RD 0x7c0601a4 = 00000000
04-04 23:38:26.067 15279 15279 I         : [MTK_V4L2] level=0 fops_vcodec_open(),200: 16000000.vdec decoder [7470][1]
04-04 23:38:26.067 21458 21458 I [wlan][21458]soc7_0ForceEnableHostCsrIrq: (HAL INFO) WR 0x7c0601a4 = 00000001
04-04 23:38:26.068 21458 21458 I [wlan][21458]soc7_0ForceEnableHostCsrIrq: (HAL INFO) RD 0x7c011000 = 02050401
04-04 23:38:26.069 21458 21458 I [wlan][21458]soc7_0ForceEnableHostCsrIrq: (HAL INFO) RD 0x7c001210 = 00010002
04-04 23:38:26.069 21458 21458 I [wlan][21458]soc7_0ForceEnableHostCsrIrq: (HAL INFO) RD 0x7c001600 = 000003ff
04-04 23:38:26.069 21458 21458 I [wlan][21458]soc7_0ForceEnableHostCsrIrq: (HAL INFO) WR 0x7c001600 = 0x3FF
04-04 23:38:26.069 21458 21458 I [wlan][21458]soc7_0ForceEnableHostCsrIrq: (HAL INFO) RD 0x7c001600 = 000003ff
04-04 23:38:26.069 21458 21458 I [wlan][21458]soc7_0ForceEnableHostCsrIrq: (HAL INFO) RD 0x7c0601a4 = 00000001
04-04 23:38:26.069 21458 21458 I [wlan][21458]soc7_0ForceEnableHostCsrIrq: (HAL INFO) WR 0x7c0601a4 = 00000000
04-04 23:38:27.741  1034  1851 E C2MtkVdec: [0xB4000075A1890968] Lock on weak_ptr (mIntf) returns null.
04-04 23:38:27.746 15085 15274 I CCodec  : Created component [c2.mtk.avc.decoder] for [c2.mtk.avc.decoder]
04-04 23:38:27.748  1064  1089 E NtChgAidl: NtChgAidl: InGameStatus: 0
04-04 23:38:27.749  1064  1089 E NtChg   : NtChg:T0-6:[50,100,350,370,390,410,500],chg_series:8,is_changed:1,TeBoT0-6:[50,100,330,350,370,410,500],TRegion:5,Temp:395,tzname:shell_max,Ibat:1000,onlineI:-400,param_type:6,AbnormalStatus:128,tzn:56,g_cp_mode:5,vbat:0,pr_id:3,OnGameStatus:0
04-04 23:38:27.749  1064  1089 E NtChg   : NtChg:handle_batt_temp_normal triggered
04-04 23:38:27.749  1064  1089 E NtChg   : NtChg:set temp_region=5
04-04 23:38:27.749  1064  1089 E NtChg   : NtChg:set ibatmax=1000 and set vbatmax=4500
04-04 23:38:26.078  1089  1089 I chg_check_pmic_info: psp:65 - 1
04-04 23:38:27.757 15085 15274 I CCodecConfig: query failed after returning 18 values (BAD_INDEX)
04-04 23:38:27.758 15085 15274 W ColorUtils: expected specified color aspects (2:0:0:0)
04-04 23:38:27.764  1694  1956 I ImeTracker: com.smartbus.app:317db439: onRequestHide at ORIGIN_SERVER reason HIDE_UNSPECIFIED_WINDOW fromUser false
04-04 23:38:27.766 15219 15219 I ImeTracker: com.smartbus.app:317db439: onCancelled at PHASE_CLIENT_ALREADY_HIDDEN
04-04 23:38:26.100 15279 15279 I         : [MTK_V4L2] level=0 fops_vcodec_release(),250: [7470][1] decoder
04-04 23:38:27.772 15085 15290 I hw-BpHwBinder: onLastStrongRef automatically unlinking death recipients
04-04 23:38:27.774  1034  2529 I hw-BpHwBinder: onLastStrongRef automatically unlinking death recipients
04-04 23:38:27.779 15085 15274 I CCodec  : setting up 'default' as default (vendor) store
04-04 23:38:27.782  1055  1055 I android.hardware.thermal-service.mediatek: getTemperaturesWithType TemperatureType: 3
04-04 23:38:27.782  1694  3330 I ImeTracker: system_server:aef5bdbe: onRequestHide at ORIGIN_SERVER reason IME_REQUESTED_CHANGED_LISTENER fromUser false
04-04 23:38:27.783  1055  1055 W android.hardware.thermal-service.mediatek: i=0 tz_data[i].tz_idx[0]=10
04-04 23:38:27.783  1055  1055 W android.hardware.thermal-service.mediatek: i=1 tz_data[i].tz_idx[0]=10
04-04 23:38:27.783  1055  1055 W android.hardware.thermal-service.mediatek: i=2 tz_data[i].tz_idx[0]=7
04-04 23:38:27.783  1055  1055 W android.hardware.thermal-service.mediatek: i=3 tz_data[i].tz_idx[0]=56
04-04 23:38:27.783  1055  1055 I android.hardware.thermal-service.mediatek: fill_temperatures filterType1 name: SKIN type: SKIN throttlingStatus: LIGHT value: 39.586 ret_temps size 0
04-04 23:38:27.783  1055  1055 W android.hardware.thermal-service.mediatek: i=4 tz_data[i].tz_idx[0]=0
04-04 23:38:27.783  1055  1055 W android.hardware.thermal-service.mediatek: i=5 tz_data[i].tz_idx[0]=51
04-04 23:38:27.783  1055  1055 W android.hardware.thermal-service.mediatek: i=6 tz_data[i].tz_idx[0]=-1
04-04 23:38:27.783  1055  1055 W android.hardware.thermal-service.mediatek: i=7 tz_data[i].tz_idx[0]=-1
04-04 23:38:27.783  1055  1055 W android.hardware.thermal-service.mediatek: i=8 tz_data[i].tz_idx[0]=-1
04-04 23:38:27.783  1055  1055 W android.hardware.thermal-service.mediatek: i=9 tz_data[i].tz_idx[0]=10
04-04 23:38:27.783  1055  1055 W android.hardware.thermal-service.mediatek: i=10 tz_data[i].tz_idx[0]=10
04-04 23:38:27.783  1055  1055 W android.hardware.thermal-service.mediatek: i=11 tz_data[i].tz_idx[0]=-1
04-04 23:38:27.783  1055  1055 W android.hardware.thermal-service.mediatek: i=12 tz_data[i].tz_idx[0]=-1
04-04 23:38:27.783  1055  1055 W android.hardware.thermal-service.mediatek: i=13 tz_data[i].tz_idx[0]=10
04-04 23:38:27.783  1694  1745 I ImeTracker: system_server:aef5bdbe: onCancelled at PHASE_SERVER_SHOULD_HIDE
04-04 23:38:27.784  1694  1746 W WindowManager: lockNow pending, ignore updating lockscreen timeout
04-04 23:38:27.785 17726 17726 I GoogleInputMethodService: GoogleInputMethodService.onFinishInput():2159 
04-04 23:38:26.117 15291 15291 I         : [VCP] vcp_enable_pm_clk id 1 done 2 clk 728000
04-04 23:38:26.117 15291 15291 I         : [MTK_V4L2] level=0 fops_vcodec_open(),200: 16000000.vdec decoder [7471][1]
04-04 23:38:27.790  1034  1851 E C2MtkVdec: [0xB4000075A188E3E8] Lock on weak_ptr (mIntf) returns null.
04-04 23:38:27.795  1694  2639 W WindowManager: lockNow pending, ignore updating lockscreen timeout
04-04 23:38:27.796 15085 15274 I CCodec  : Created component [c2.mtk.avc.decoder] for [c2.mtk.avc.decoder]
04-04 23:38:27.798  1096  1444 E SurfaceFlinger: MtkDuration override mode is disabled
04-04 23:38:27.798  1096  1444 I PowerHalWrapper: updateFps(): 120
04-04 23:38:27.798  2121  2216 W WindowOnBackDispatcher: sendCancelIfRunning: isInProgress=false callback=android.view.ViewRootImpl$$ExternalSyntheticLambda12@c8f5f85
04-04 23:38:27.798  1032  1070 I hwcomposer: [HWCDisplay] (0) setActiveConfigWithConstraints config:1  
04-04 23:38:27.798  1032  1070 I hwcomposer: [HWCDisplay] setActiveConfigWithConstraints(), now 469730682889228, diff 117462, estimated_applied_time 16666667 queued_size:0  
04-04 23:38:27.800   512   512 I lowmemorykiller: nr_free_pages: 39753 nr_inactive_file: 128867 nr_active_file: 148307 workingset_refault: 3863940027 pgscan_kswapd: 6159186966 pgscan_direct: 236528245 pgscan_direct_throttle: 4634 init_pgscan_direct: 236509902 init_pgscan_kswapd: 6159174230 base_file_lru: 309366 init_ws_refault: 3863907781 free_swap: 673509 total_swap: 1572863 swap_free_percentage: 42%
04-04 23:38:26.128 21458 21458 I [wlan][21458]halSetFWOwn: (INIT INFO) FW OWN:1, IntSta:0x00000004
04-04 23:38:27.801  1694  3410 W WindowManager: lockNow pending, ignore updating lockscreen timeout
04-04 23:38:27.802  1694  1746 W WindowManager: lockNow pending, ignore updating lockscreen timeout
04-04 23:38:27.802  1694  1745 I PowerHalWrapper: amsBoostNotify pid:26849,activity:com.whatsapp.Conversation, package:com.whatsapp.w4b, mProcessCreatePackcom.smartbus.app 
04-04 23:38:27.802  1694  1745 I PowerHalWrapper: state: 0 
04-04 23:38:27.802  1694  1745 I mtkpower_client: [PowerHal_Wrap_notifyAppState] com.whatsapp.w4b/com.whatsapp.Conversation pid=26849 activityId:139455514 state:0
04-04 23:38:27.802  1054  1054 I IPCThreadState: oneway function results for code 2 on binder at 0xb4000071fd5d4110 will be dropped but finished with status UNKNOWN_TRANSACTION
04-04 23:38:27.803  1054  1054 I vendor.mediatek.hardware.mtkpower_applist-service.mediatek: packName: com.whatsapp.w4b actName: com.whatsapp.Conversation pid: 26849 uid: 10261 state: 0
04-04 23:38:27.803  1054  1054 I MTK_APPList: [notifyAPPstate] com.whatsapp.w4b/com.whatsapp.Conversation, pid=26849, uid=10261, state:PAUSED, fps:-1, win:1
04-04 23:38:27.803  1054  1054 I MTK_APPList: [notifyAPPstate] multi_resumed_app_count: 5
04-04 23:38:27.803  1054  1054 I MTK_APPList: [notifyAPPstate] multi_resumed_app_info[0] com.android.systemui/com.android.systemui._51596708, pid:2121, fps:120, isMultiWindow:1
04-04 23:38:27.803  1054  1054 I MTK_APPList: [notifyAPPstate] multi_resumed_app_info[1] com.android.systemui/com.android.systemui._207002783, pid:2121, fps:-1, isMultiWindow:1
04-04 23:38:27.803  1054  1054 I MTK_APPList: [notifyAPPstate] multi_resumed_app_info[2] com.android.systemui/com.android.systemui._18945189, pid:2121, fps:120, isMultiWindow:1
04-04 23:38:27.803  1054  1054 I MTK_APPList: [notifyAPPstate] multi_resumed_app_info[3] com.android.systemui/com.android.systemui._33617838, pid:2121, fps:-1, isMultiWindow:1
04-04 23:38:27.803  1054  1054 I MTK_APPList: [notifyAPPstate] multi_resumed_app_info[4] com.smartbus.app/com.smartbus.app.activities.SplashActivity, pid:15219, fps:-1, isMultiWindow:1
04-04 23:38:27.803  1054  1054 I MTK_APPList: [getForegroundAPPCount] 5
04-04 23:38:27.803  1054  1054 I MTK_APPList: [notifyNetdUID] 10419
04-04 23:38:27.803  1054  1054 I MTK_APPList: [notifyPID] 15219
04-04 23:38:27.804  1694  1745 I PowerHalWrapper: amsBoostNotify AMS_BOOST_PROCESS_CREATE_BOOST:true 
04-04 23:38:27.804  1056  1142 I libPowerHal: [perfSetSysInfo] pid type:24, 15219
04-04 23:38:27.811  1032  1464 I hwcomposer: [HWCDisplay] updateAppliedConfigState: applied config complete[idx:29563, config:1]  
04-04 23:38:27.812  1096  1096 I PowerHalWrapper: updateFps(): 120
04-04 23:38:27.812  1096  1096 I PowerHalWrapper: mEnableMultiDisplayMode enable=0 fps=120
04-04 23:38:27.812  1096  1096 I mtkpower_client: PowerHal_Wrap_EnableMultiDisplayMode, enable:0 fps:120 CurMultiDisplayMode:-1
04-04 23:38:27.814 17726 17726 I Module  : DeviceLockedStatusModuleProvider$Module.updateDeviceLockedStatus():103 repeatCheckTimes = 0, locked = false
04-04 23:38:27.815  1096  1096 I PowerHalWrapper: updateFps(): 120
04-04 23:38:27.815  1096  3276 I SurfaceFlinger: onHandleDestroyed: layerId=287539, name=Surface(name=2efbba4 InputMethod)/@0x76442d3 - animation-leash of insets_animation#287539
04-04 23:38:27.826  9606 10189 I FontLog : (REDACTED) Received query %s, URI %s
04-04 23:38:27.826  9606 10189 I FontLog : (REDACTED) Query [%s] resolved to %s
04-04 23:38:27.833 17726 17726 I GoogleInputMethodService: GoogleInputMethodService.onStartInput():1434 onStartInput(EditorInfo{EditorInfo{packageName=com.smartbus.app, inputType=0, inputTypeString=NULL, enableLearning=false, autoCorrection=false, autoComplete=false, imeOptions=0, privateImeOptions=null, actionName=UNSPECIFIED, actionLabel=null, initialSelStart=-1, initialSelEnd=-1, initialCapsMode=0, label=null, fieldId=0, fieldName=null, extras=null, hintText=null, hintLocales=[]}}, false)
04-04 23:38:27.837 17726 17726 I AndroidIME: LatinIMEBase.updateInputViewCoverNavigation():312 Update input view padding, isNavbarOverInputWindow=true, bottom inset=113
04-04 23:38:26.133   513   513 E SELinux : avc:  denied  { find } for pid=1694 uid=1000 name=vendor.mediatek.hardware.gpuserv.IGpuService/default scontext=u:r:system_server:s0 tcontext=u:object_r:mtk_hal_gpuserv_service:s0 tclass=service_manager permissive=0
04-04 23:38:26.138  1424  1424 I         : [DISP]mtk_drm_crtc_mode_check++ from 0 to 1
04-04 23:38:26.138  1424  1424 I         : [DISP]mtk_crtc_disp_mode_switch_begin++ from 0 to 1
04-04 23:38:26.138  1424  1424 I         : [DISP]mtk_crtc_disp_mode_switch_begin++ from 60 to 120
04-04 23:38:26.138   247   247 I         : [DISP]mtk_drm_mode_switch_thread++
04-04 23:38:26.138  1424  1424 I [DISP][fps]: drm_invoke_fps_chg_callbacks,new_fps =120
04-04 23:38:26.138  1424  1424 I         : [DISP]mtk_crtc_disp_mode_switch_begin--
04-04 23:38:26.138   247   247 I         : [DISP]mtk_drm_mode_switch_thread--
04-04 23:38:27.847  1038  1095 I SCP-HfLooper: [SCP_HAL] step_counter: 63506
04-04 23:38:27.848 17726 17726 I Module  : DeviceLockedStatusModuleProvider$Module.updateDeviceLockedStatus():103 repeatCheckTimes = 1, locked = false
04-04 23:38:27.850  1694  1908 E AppOps  : attributionTag  not declared in manifest of com.nothing.hearthstone
04-04 23:38:27.854  9606 10189 I FontLog : (REDACTED) Fetch %s end status %s
04-04 23:38:27.857  1694  3426 W PackageConfigPersister: App-specific configuration not found for packageName: com.smartbus.app and userId: 0
04-04 23:38:27.868 15085 15274 I CCodecConfig: query failed after returning 18 values (BAD_INDEX)
04-04 23:38:27.869 15085 15274 W ColorUtils: expected specified color aspects (2:0:0:0)
04-04 23:38:27.873 26849 26849 I AutofillManager: onInvisibleForAutofill(): expiringResponse
04-04 23:38:27.874  1055  1055 I android.hardware.thermal-service.mediatek: getTemperaturesWithType TemperatureType: 3
04-04 23:38:27.874  1055  1055 W android.hardware.thermal-service.mediatek: i=0 tz_data[i].tz_idx[0]=10
04-04 23:38:27.874  1055  1055 W android.hardware.thermal-service.mediatek: i=1 tz_data[i].tz_idx[0]=10
04-04 23:38:27.874  1055  1055 W android.hardware.thermal-service.mediatek: i=2 tz_data[i].tz_idx[0]=7
04-04 23:38:27.874  1055  1055 W android.hardware.thermal-service.mediatek: i=3 tz_data[i].tz_idx[0]=56
04-04 23:38:27.875  1055  1055 I android.hardware.thermal-service.mediatek: fill_temperatures filterType1 name: SKIN type: SKIN throttlingStatus: LIGHT value: 39.586 ret_temps size 0
04-04 23:38:27.875  1055  1055 W android.hardware.thermal-service.mediatek: i=4 tz_data[i].tz_idx[0]=0
04-04 23:38:27.875  1055  1055 W android.hardware.thermal-service.mediatek: i=5 tz_data[i].tz_idx[0]=51
04-04 23:38:27.875  1055  1055 W android.hardware.thermal-service.mediatek: i=6 tz_data[i].tz_idx[0]=-1
04-04 23:38:27.875  1055  1055 W android.hardware.thermal-service.mediatek: i=7 tz_data[i].tz_idx[0]=-1
04-04 23:38:27.875  1055  1055 W android.hardware.thermal-service.mediatek: i=8 tz_data[i].tz_idx[0]=-1
04-04 23:38:27.875  1055  1055 W android.hardware.thermal-service.mediatek: i=9 tz_data[i].tz_idx[0]=10
04-04 23:38:27.875  1055  1055 W android.hardware.thermal-service.mediatek: i=10 tz_data[i].tz_idx[0]=10
04-04 23:38:27.875  1055  1055 W android.hardware.thermal-service.mediatek: i=11 tz_data[i].tz_idx[0]=-1
04-04 23:38:27.875  1055  1055 W android.hardware.thermal-service.mediatek: i=12 tz_data[i].tz_idx[0]=-1
04-04 23:38:27.875  1055  1055 W android.hardware.thermal-service.mediatek: i=13 tz_data[i].tz_idx[0]=10
04-04 23:38:27.879  9606 10189 I FontLog : (REDACTED) Pulling font file for id = %d, cache size = %d
04-04 23:38:27.889 26849 26849 I ImeTracker: com.whatsapp.w4b:89fba948: onRequestHide at ORIGIN_CLIENT reason HIDE_SOFT_INPUT fromUser false
04-04 23:38:27.889 26849 26849 I ImeTracker: com.whatsapp.w4b:89fba948: onFailed at PHASE_CLIENT_VIEW_SERVED
04-04 23:38:27.890 15085 15305 I CCodec  : setting up 'default' as default (vendor) store
04-04 23:38:27.898 15085 15305 I CCodec  : Created component [c2.android.aac.decoder] for [c2.android.aac.decoder]
04-04 23:38:26.207   333   333 I instant_current: cic_idx:0
04-04 23:38:26.225 25181 25181 I         : [name:spm&][SPM] mcusys was not off
04-04 23:38:26.225 25181 25181 I         : [name:spm&] Pending Wakeup Sources: NT_CHG_WAKE 11201000.usb0 disp_crtc0_wakelock
04-04 23:38:27.900  9606 10189 I FontLog : (REDACTED) Pulling font file for id = %d, cache size = %d
04-04 23:38:27.901   512   512 I lowmemorykiller: nr_free_pages: 24707 nr_inactive_file: 125294 nr_active_file: 165558 workingset_refault: 3863956627 pgscan_kswapd: 6159190294 pgscan_direct: 236528245 pgscan_direct_throttle: 4634 init_pgscan_direct: 236509902 init_pgscan_kswapd: 6159186966 base_file_lru: 309366 init_ws_refault: 3863907781 free_swap: 681061 total_swap: 1572863 swap_free_percentage: 43%
04-04 23:38:27.911 15085 15305 I CCodecConfig: query failed after returning 21 values (BAD_INDEX)
04-04 23:38:27.913   512   512 I lowmemorykiller: nr_free_pages: 25174 nr_inactive_file: 123584 nr_active_file: 167214 workingset_refault: 3863958052 pgscan_kswapd: 6159191958 pgscan_direct: 236528245 pgscan_direct_throttle: 4634 init_pgscan_direct: 236509902 init_pgscan_kswapd: 6159190294 base_file_lru: 309366 init_ws_refault: 3863907781 free_swap: 681637 total_swap: 1572863 swap_free_percentage: 43%
04-04 23:38:27.921 15085 15305 I hw-BpHwBinder: onLastStrongRef automatically unlinking death recipients
04-04 23:38:27.922  1326  9655 I hw-BpHwBinder: onLastStrongRef automatically unlinking death recipients
04-04 23:38:27.925  2907  3044 W BluetoothMetricsLogger: MetricsLogger isn't initialized
04-04 23:38:27.925  2907  3044 W BluetoothMetricsLogger: MetricsLogger isn't initialized
04-04 23:38:27.925  2907  3044 E ScannerMap: Context not found for ID 4
04-04 23:38:27.925   512   512 I lowmemorykiller: nr_free_pages: 28705 nr_inactive_file: 118325 nr_active_file: 168420 workingset_refault: 3863958907 pgscan_kswapd: 6159197108 pgscan_direct: 236528245 pgscan_direct_throttle: 4634 init_pgscan_direct: 236509902 init_pgscan_kswapd: 6159191958 base_file_lru: 309366 init_ws_refault: 3863907781 free_swap: 682213 total_swap: 1572863 swap_free_percentage: 43%
04-04 23:38:27.929 15085 15305 I CCodec  : setting up 'default' as default (vendor) store
04-04 23:38:26.260  1033  1033 W healthd : soc_b:91, soc:100, soc_c:100, Vol:4489, Cur:243,chg_s:1,t_l:820,b_s:2,OffTlast:0,lcd_off:0,Vu:4618,Vw:0,pid:1033,brightness:2.646238,rmCap:4998
04-04 23:38:27.936   512   512 I lowmemorykiller: nr_free_pages: 29028 nr_inactive_file: 118338 nr_active_file: 168746 workingset_refault: 3863959208 pgscan_kswapd: 6159198068 pgscan_direct: 236528245 pgscan_direct_throttle: 4634 init_pgscan_direct: 236509902 init_pgscan_kswapd: 6159197108 base_file_lru: 309366 init_ws_refault: 3863907781 free_swap: 682036 total_swap: 1572863 swap_free_percentage: 43%
04-04 23:38:27.942  9606  6456 I NearbyDiscovery: (REDACTED) BloomFilterAdvManager: Detected bloom filter but too far away, ignoring. %sm, %s
04-04 23:38:27.949   512   512 I lowmemorykiller: nr_free_pages: 27130 nr_inactive_file: 118338 nr_active_file: 170057 workingset_refault: 3863960519 pgscan_kswapd: 6159199092 pgscan_direct: 236528245 pgscan_direct_throttle: 4634 init_pgscan_direct: 236509902 init_pgscan_kswapd: 6159198068 base_file_lru: 309366 init_ws_refault: 3863907781 free_swap: 681756 total_swap: 1572863 swap_free_percentage: 43%
04-04 23:38:27.949  2907  3044 W BluetoothMetricsLogger: MetricsLogger isn't initialized
04-04 23:38:27.949  2907  3044 W BluetoothMetricsLogger: MetricsLogger isn't initialized
04-04 23:38:27.949  2907  3044 E ScannerMap: Context not found for ID 4
04-04 23:38:27.950  1694  2424 W WindowManager: lockNow pending, ignore updating lockscreen timeout
04-04 23:38:27.952 15085 15305 I CCodec  : Created component [c2.android.aac.decoder] for [c2.android.aac.decoder]
04-04 23:38:27.953  1694  2165 W ActivityManager: Background start not allowed: service Intent { act=Orca.START xflg=0x4 cmp=cc.honista.app/com.facebook.rti.push.service.FbnsService (has extras) } to cc.honista.app/com.facebook.rti.push.service.FbnsService from pid=14407 uid=10392 pkg=cc.honista.app startFg?=false
04-04 23:38:27.959  1694  1746 W WindowManager: lockNow pending, ignore updating lockscreen timeout
04-04 23:38:27.961   512   512 I lowmemorykiller: nr_free_pages: 26005 nr_inactive_file: 118338 nr_active_file: 171477 workingset_refault: 3863961928 pgscan_kswapd: 6159200180 pgscan_direct: 236528245 pgscan_direct_throttle: 4634 init_pgscan_direct: 236509902 init_pgscan_kswapd: 6159199092 base_file_lru: 309366 init_ws_refault: 3863907781 free_swap: 681564 total_swap: 1572863 swap_free_percentage: 43%
04-04 23:38:27.962 15219 15223 I om.smartbus.app: Compiler allocated 6736KB to compile void android.view.ViewRootImpl.performTraversals()
04-04 23:38:27.968  1096  1096 I SurfaceFlinger: onHandleDestroyed: layerId=287535, name=com.whatsapp.w4b/com.whatsapp.Conversation#287535
04-04 23:38:27.972   512   512 I lowmemorykiller: nr_free_pages: 25473 nr_inactive_file: 118338 nr_active_file: 172332 workingset_refault: 3863962783 pgscan_kswapd: 6159200948 pgscan_direct: 236528245 pgscan_direct_throttle: 4634 init_pgscan_direct: 236509902 init_pgscan_kswapd: 6159200180 base_file_lru: 309366 init_ws_refault: 3863907781 free_swap: 681349 total_swap: 1572863 swap_free_percentage: 43%
04-04 23:38:27.975  1096  1096 I BufferQueueProducer: [StatusBar#93](this:0xb40000737beb4e18,id:-1,api:0,p:-1,c:1096) queueBuffer: fps=9.38 dur=1066.28 max=915.68 min=16.50
04-04 23:38:27.978  1096  1096 I SurfaceFlinger: onHandleDestroyed: layerId=287544, name=Splash Screen com.smartbus.app#287544
04-04 23:38:27.978 15085 15305 I CCodecConfig: query failed after returning 21 values (BAD_INDEX)
04-04 23:38:27.978  1096  1096 I SurfaceFlinger: onHandleDestroyed: layerId=287556, name=Surface(name=f4fde93 Splash Screen com.smartbus.app)/@0xa217850 - animation-leash of window_animation#287556
04-04 23:38:27.978  1096  1096 I SurfaceFlinger: onHandleDestroyed: layerId=287543, name=f4fde93 Splash Screen com.smartbus.app#287543
04-04 23:38:27.979  1694  1746 W WindowManager: lockNow pending, ignore updating lockscreen timeout
04-04 23:38:27.985   512   512 I lowmemorykiller: nr_free_pages: 25851 nr_inactive_file: 118338 nr_active_file: 172560 workingset_refault: 3863962954 pgscan_kswapd: 6159203764 pgscan_direct: 236528245 pgscan_direct_throttle: 4634 init_pgscan_direct: 236509902 init_pgscan_kswapd: 6159200948 base_file_lru: 309366 init_ws_refault: 3863907781 free_swap: 680924 total_swap: 1572863 swap_free_percentage: 43%
04-04 23:38:27.998   512   512 I lowmemorykiller: nr_free_pages: 25598 nr_inactive_file: 118338 nr_active_file: 173073 workingset_refault: 3863963467 pgscan_kswapd: 6159205172 pgscan_direct: 236528245 pgscan_direct_throttle: 4634 init_pgscan_direct: 236509902 init_pgscan_kswapd: 6159203764 base_file_lru: 309366 init_ws_refault: 3863907781 free_swap: 680525 total_swap: 1572863 swap_free_percentage: 43%
04-04 23:38:27.998 15085 15135 E fb4a.MobileConfigInit: MobileConfigDebug: endToEndConfigLevelConsistencyTests
04-04 23:38:28.000  2070  2070 I WifiHAL : feature_set=0x8488341a
04-04 23:38:28.001  1694  1986 I HalDevMgr: bestIfaceCreationProposal is null, requestIface=STA, existingIface=[name=wlan0 type=STA]
04-04 23:38:26.313 21457 21457 I [wlan][21457]asicConnac2xFillCmdTxdInfo: (TX INFO) TX CMD: ID[0x81] SEQ[200] SET[0] LEN[64]
04-04 23:38:26.313 21458 21458 I [wlan][21458]soc7_0ForceEnableHostCsrIrq: (HAL INFO) RD 0x7c0601a4 = 00000000
04-04 23:38:26.313 21458 21458 I [wlan][21458]soc7_0ForceEnableHostCsrIrq: (HAL INFO) WR 0x7c0601a4 = 00000001
04-04 23:38:26.314 21458 21458 I [wlan][21458]soc7_0ForceEnableHostCsrIrq: (HAL INFO) RD 0x7c011000 = 02050401
04-04 23:38:26.314 21458 21458 I [wlan][21458]soc7_0ForceEnableHostCsrIrq: (HAL INFO) RD 0x7c001210 = 00010002
04-04 23:38:26.314 21458 21458 I [wlan][21458]soc7_0ForceEnableHostCsrIrq: (HAL INFO) RD 0x7c001600 = 000003ff
04-04 23:38:26.314 21458 21458 I [wlan][21458]soc7_0ForceEnableHostCsrIrq: (HAL INFO) WR 0x7c001600 = 0x3FF
04-04 23:38:26.314 21458 21458 I [wlan][21458]soc7_0ForceEnableHostCsrIrq: (HAL INFO) RD 0x7c001600 = 000003ff
04-04 23:38:26.314 21458 21458 I [wlan][21458]soc7_0ForceEnableHostCsrIrq: (HAL INFO) RD 0x7c0601a4 = 00000001
04-04 23:38:26.314 21458 21458 I [wlan][21458]soc7_0ForceEnableHostCsrIrq: (HAL INFO) WR 0x7c0601a4 = 00000000
04-04 23:38:26.320 21458 21458 I [wlan][21458]wlanTxCmdDoneCb: (TX INFO) Add command: 0000000027ace3ca, 00000000aa85403d, cmd=0x81, seq=200
04-04 23:38:26.324 21457 21457 I [wlan][21457]nicGetPendingCmdInfo: (TX INFO) Get command: 0000000027ace3ca, 00000000aa85403d, cmd=0x81, seq=200
04-04 23:38:26.324 18973 18973 I [wlan][18973]mtk_cfg80211_get_station: (REQ INFO) link speed=4330/4333, bw=0/0, rssi=-41, BSSID:[92:d4:**:**:**:62], idx=0,TxFail=0, TxTimeOut=0, TxOK=67312, RxOK=108368, FcsErr=0
04-04 23:38:28.007 14407 15303 E FbnsAIDLClientManager: open failed: bindService failure, do unbind to let service shutdown
04-04 23:38:28.008   512   512 I lowmemorykiller: nr_free_pages: 27369 nr_inactive_file: 118338 nr_active_file: 173871 workingset_refault: 3863964436 pgscan_kswapd: 6159208564 pgscan_direct: 236528245 pgscan_direct_throttle: 4634 init_pgscan_direct: 236509902 init_pgscan_kswapd: 6159205172 base_file_lru: 309366 init_ws_refault: 3863907781 free_swap: 680287 total_swap: 1572863 swap_free_percentage: 43%
04-04 23:38:28.014 15085 15150 E fb4a.AppState: Returning default for firstRunInfo
04-04 23:38:28.014 15085 15150 E fb4a.AppState: Returning default for firstRunInfo
04-04 23:38:26.345 21458 21458 I [wlan][21458]halDumpMsduReportStats: (HAL INFO) TX_Delay D:[1:5:10:20]=[1:0:1:0:0#3] C:[10:20:50:80]=[2:0:0:0:0#1] M:[5:10:20:50]=[1:0:1:0:0#9] A:[5:10:20:50]=[0:0:0:0:0#0] F:[10:20:50:80]=[0:0:0:0:0#0] Txfail:0
04-04 23:38:26.345 21458 21458 I [wlan][21458]halDumpHifStats: (HAL INFO) I[0 / 16018495 1 0 1 0x0 0x0 0] T[322265 322265 322265 / 15057369 15057369 15055897 15056975] R[19939075 / 7726271] T_Q:T_R[0:0 0:0 0:0 0:0 0:0 0:0 0:0 0:0]  R_R:R_N[0:0 0:0 0:0 0:0] Msdu:F[8191/8192]P[0]D[0] Tok[0/4096] Rfb[4149/0/1/8/0/0/0/0/4150] txreg[9282639] rxreg[18577670]
04-04 23:38:26.345 21457 21457 I [wlan][21457]kalPerMonUpdate: (SW4 INFO) <1016ms> Tput: 7584(0.007mbps) [184:2:780:7][0:0:0:0][0:0:0:0][0:0:0:0] Pending:0/4096 [0:0:0:0][0:0:0:0][0:0:0:0][0:0:0:0] LQ[15528044:88127:88393] idle:0 lv:0 th:5 fg:0x9 TxCpu[2187106,3679194,3909968,4177850,208325,438493,214778,222940] RxCpu[0,0,0,0,0,0,0,0] TxDp[ST:BS:FO:QM:DP]:4126:0:0:0:41104 Tx[SQ:TI:TM:TDD:TDM:TIC:TFP]:0:15038092:15038654:0:0:114967:15038647 MgmtSub[124:144:51:9:0:0:0:0:0:0:0:562:173:467:0:0]
04-04 23:38:26.345 21457 21457 I [wlan][21457]kalPerMonUpdate: (SW4 INFO) ndevdrp:[0:0:0:301][0:0:0:56] NAPI[16018495,0,0,0,0,0,0,0,0,0,0] RxReorder[1:7:0:0] RxPending[0:0:0:0] RfbTrack[0:60:10:0:0:0:0:0:0:0:0:0:0:0:0:0:0:0:0] drv[RM,IL,RI,PA,PF,DU,DA,RT,RM,RW,RA,RB,DT,NS,IB,HS,LS,DD,ME,BD,NI,DR,TE,PE,CE,DN,FE,DE,IE,TME,CM,FB,ID,FD,NL]:21342678,0,19709304,19732213,22912,22912,0,19713470,777389077608,19411900,59030,21469,227656,57,0,958,0,4236,0,5144,0,216956,0,0,90,227594,0,0,0,0,62,0,0,0,0
04-04 23:38:26.345 21458 21458 I [wlan][21458]halSetFWOwn: (INIT INFO) FW OWN:1, IntSta:0x08000000
04-04 23:38:28.021   512   512 I lowmemorykiller: nr_free_pages: 27490 nr_inactive_file: 118338 nr_active_file: 174897 workingset_refault: 3863965405 pgscan_kswapd: 6159209844 pgscan_direct: 236528245 pgscan_direct_throttle: 4634 init_pgscan_direct: 236509902 init_pgscan_kswapd: 6159208564 base_file_lru: 309366 init_ws_refault: 3863907781 free_swap: 679464 total_swap: 1572863 swap_free_percentage: 43%
04-04 23:38:26.353 21457 21457 I [wlan][21457]asicConnac2xFillCmdTxdInfo: (TX INFO) TX CMD: ID[0x7E] SEQ[201] SET[1] LEN[376]
04-04 23:38:26.353 21457 21457 I [wlan][21457]asicConnac2xFillCmdTxdInfo: (TX INFO) TX CMD: ID[0x85] SEQ[202] SET[0] LEN[92]
04-04 23:38:26.353 21457 21457 I [wlan][21457]asicConnac2xFillCmdTxdInfo: (TX INFO) TX CMD: ID[0x82] SEQ[203] SET[0] LEN[76]
04-04 23:38:26.353 21457 21457 I [wlan][21457]wlanLinkQualityMonitor: (SW4 INFO) Link Quality: Tx(rate:4330, total:15528044, retry:956, fail:1074, RTS fail:0, ACK fail:1074), Rx(rate:4333, total:88127, dup:2145, error:44606), PER(0), Congestion(idle slot:3607935620, diff:53602, AwakeDur:189721162)
04-04 23:38:26.353 21458 21458 I [wlan][21458]soc7_0ForceEnableHostCsrIrq: (HAL INFO) RD 0x7c0601a4 = 00000000
04-04 23:38:26.353 21458 21458 I [wlan][21458]soc7_0ForceEnableHostCsrIrq: (HAL INFO) WR 0x7c0601a4 = 00000001
04-04 23:38:26.354 21458 21458 I [wlan][21458]soc7_0ForceEnableHostCsrIrq: (HAL INFO) RD 0x7c011000 = 02050401
04-04 23:38:26.355 21458 21458 I [wlan][21458]soc7_0ForceEnableHostCsrIrq: (HAL INFO) RD 0x7c001210 = 00010002
04-04 23:38:26.355 21458 21458 I [wlan][21458]soc7_0ForceEnableHostCsrIrq: (HAL INFO) RD 0x7c001600 = 000003ff
04-04 23:38:26.355 21458 21458 I [wlan][21458]soc7_0ForceEnableHostCsrIrq: (HAL INFO) WR 0x7c001600 = 0x3FF
04-04 23:38:26.355 21458 21458 I [wlan][21458]soc7_0ForceEnableHostCsrIrq: (HAL INFO) RD 0x7c001600 = 000003ff
04-04 23:38:26.355 21458 21458 I [wlan][21458]soc7_0ForceEnableHostCsrIrq: (HAL INFO) RD 0x7c0601a4 = 00000001
04-04 23:38:26.355 21458 21458 I [wlan][21458]soc7_0ForceEnableHostCsrIrq: (HAL INFO) WR 0x7c0601a4 = 00000000
04-04 23:38:26.360 21458 21458 I [wlan][21458]wlanTxCmdDoneCb: (TX INFO) Add command: 00000000d4fffd89, 00000000171fb9ec, cmd=0x85, seq=202
04-04 23:38:26.360 21458 21458 I [wlan][21458]wlanTxCmdDoneCb: (TX INFO) Add command: 00000000ec3d5351, 00000000a24ff883, cmd=0x82, seq=203
04-04 23:38:26.360 21458 21458 I [wlan][21458]soc7_0_DumpWfsyscpupcr: (HAL INFO) wm pc=469729.244861/0xf0413186;469729.244868/0xf0413184;469729.244869/0xf04131ca;469729.244871/0xf046f1da;469729.244872/0xf0475c7c;
04-04 23:38:26.360 21458 21458 I [wlan][21458]soc7_0_DumpWfsyscpupcr: (HAL INFO) wm lp=469729.244861/0xf048b530;469729.244868/0xf048b530;469729.244869/0xf048b530;469729.244871/0xf046f1e4;469729.244872/0xf046f1e4;
04-04 23:38:26.361 21457 21457 I [wlan][21457]nicRxProcessEventPacket: (RX INFO) Not static config event: id=0x21, seq=202
04-04 23:38:26.361 21457 21457 I [wlan][21457]nicGetPendingCmdInfo: (TX INFO) Get command: 00000000d4fffd89, 00000000171fb9ec, cmd=0x85, seq=202
04-04 23:38:28.034   512   512 I lowmemorykiller: nr_free_pages: 27357 nr_inactive_file: 118338 nr_active_file: 175410 workingset_refault: 3863965918 pgscan_kswapd: 6159210868 pgscan_direct: 236528245 pgscan_direct_throttle: 4634 init_pgscan_direct: 236509902 init_pgscan_kswapd: 6159209844 base_file_lru: 309366 init_ws_refault: 3863907781 free_swap: 678952 total_swap: 1572863 swap_free_percentage: 43%
04-04 23:38:28.044   512   512 I lowmemorykiller: nr_free_pages: 26082 nr_inactive_file: 118338 nr_active_file: 175923 workingset_refault: 3863966431 pgscan_kswapd: 6159211700 pgscan_direct: 236528245 pgscan_direct_throttle: 4634 init_pgscan_direct: 236509902 init_pgscan_kswapd: 6159210868 base_file_lru: 309366 init_ws_refault: 3863907781 free_swap: 679362 total_swap: 1572863 swap_free_percentage: 43%
04-04 23:38:28.057   512   512 I lowmemorykiller: nr_free_pages: 25704 nr_inactive_file: 118338 nr_active_file: 176322 workingset_refault: 3863966887 pgscan_kswapd: 6159213236 pgscan_direct: 236528245 pgscan_direct_throttle: 4634 init_pgscan_direct: 236509902 init_pgscan_kswapd: 6159211700 base_file_lru: 309366 init_ws_refault: 3863907781 free_swap: 679656 total_swap: 1572863 swap_free_percentage: 43%
04-04 23:38:26.361 21457 21457 I [wlan][21457]nicGetPendingCmdInfo: (TX INFO) Get command: 00000000ec3d5351, 00000000a24ff883, cmd=0x82, seq=203
04-04 23:38:26.386 21458 21458 I [wlan][21458]halSetFWOwn: (INIT INFO) FW OWN:1, IntSta:0x08000000
04-04 23:38:28.069   512   512 I lowmemorykiller: nr_free_pages: 25858 nr_inactive_file: 118362 nr_active_file: 176543 workingset_refault: 3863967063 pgscan_kswapd: 6159214452 pgscan_direct: 236528245 pgscan_direct_throttle: 4634 init_pgscan_direct: 236509902 init_pgscan_kswapd: 6159213236 base_file_lru: 309366 init_ws_refault: 3863907781 free_swap: 679721 total_swap: 1572863 swap_free_percentage: 43%
04-04 23:38:28.082   512   512 I lowmemorykiller: nr_free_pages: 25278 nr_inactive_file: 118362 nr_active_file: 176885 workingset_refault: 3863967405 pgscan_kswapd: 6159215540 pgscan_direct: 236528245 pgscan_direct_throttle: 4634 init_pgscan_direct: 236509902 init_pgscan_kswapd: 6159214452 base_file_lru: 309366 init_ws_refault: 3863907781 free_swap: 679602 total_swap: 1572863 swap_free_percentage: 43%
04-04 23:38:28.092   512   512 I lowmemorykiller: nr_free_pages: 24700 nr_inactive_file: 118186 nr_active_file: 177160 workingset_refault: 3863967405 pgscan_kswapd: 6159215668 pgscan_direct: 236528245 pgscan_direct_throttle: 4634 init_pgscan_direct: 236509902 init_pgscan_kswapd: 6159215540 base_file_lru: 309366 init_ws_refault: 3863907781 free_swap: 680627 total_swap: 1572863 swap_free_percentage: 43%
04-04 23:38:28.105   512   512 I lowmemorykiller: nr_free_pages: 24323 nr_inactive_file: 118040 nr_active_file: 177416 workingset_refault: 3863967496 pgscan_kswapd: 6159215668 pgscan_direct: 236528245 pgscan_direct_throttle: 4634 init_pgscan_direct: 236509902 init_pgscan_kswapd: 6159215668 base_file_lru: 309366 init_ws_refault: 3863907781 free_swap: 681971 total_swap: 1572863 swap_free_percentage: 43%
04-04 23:38:28.117   512   512 I lowmemorykiller: nr_free_pages: 23575 nr_inactive_file: 117157 nr_active_file: 178621 workingset_refault: 3863967736 pgscan_kswapd: 6159215668 pgscan_direct: 236528245 pgscan_direct_throttle: 4634 init_pgscan_direct: 236509902 init_pgscan_kswapd: 6159215668 base_file_lru: 309366 init_ws_refault: 3863907781 free_swap: 682611 total_swap: 1572863 swap_free_percentage: 43%
04-04 23:38:28.118  1054  1103 I libPerfCtl: xgfGetFPS pid:2121 fps:120
04-04 23:38:28.118  1054  1103 I libPerfCtl: xgfGetFPS pid:2392 fps:-1
04-04 23:38:28.118  1054  1103 I libPerfCtl: xgfGetFPS pid:15219 fps:-1
04-04 23:38:28.118  1054  1103 I libPerfCtl: xgfGetFPS pid:26849 fps:-1
04-04 23:38:28.128   512   512 I lowmemorykiller: nr_free_pages: 24790 nr_inactive_file: 214871 nr_active_file: 80907 workingset_refault: 3863967736 pgscan_kswapd: 6159216180 pgscan_direct: 236528245 pgscan_direct_throttle: 4634 init_pgscan_direct: 236509902 init_pgscan_kswapd: 6159215668 base_file_lru: 309366 init_ws_refault: 3863907781 free_swap: 682327 total_swap: 1572863 swap_free_percentage: 43%
04-04 23:38:28.131  1008 20856 I netd    : tetherGetStats() -> {[TetherStatsParcel{iface: ccmni1, rxBytes: 3999950, rxPackets: 42679, txBytes: 3779963, txPackets: 50555, ifIndex: 0}, TetherStatsParcel{iface: ccmni2, rxBytes: 1858963, rxPackets: 16603, txBytes: 1445860, txPackets: 19349, ifIndex: 0}, TetherStatsParcel{iface: ccmni3, rxBytes: 1041185, rxPackets: 9304, txBytes: 870502, txPackets: 11401, ifIndex: 0}, TetherStatsParcel{iface: v4-ccmni1, rxBytes: 1112959460, rxPackets: 485904, txBytes: 121321328, txPackets: 500074, ifIndex: 0}, TetherStatsParcel{iface: v4-ccmni2, rxBytes: 269024249, rxPackets: 259951, txBytes: 25090607, txPackets: 101783, ifIndex: 0}, TetherStatsParcel{iface: v4-ccmni3, rxBytes: 40752930, rxPackets: 39294, txBytes: 6013669, txPackets: 24211, ifIndex: 0}, TetherStatsParcel{iface: wlan0, rxBytes: 2680895786, rxPackets: 2371268, txBytes: 675196317, txPackets: 1518260, ifIndex: 0}]} <3.15ms>
04-04 23:38:28.144   512   512 I lowmemorykiller: nr_free_pages: 24500 nr_inactive_file: 214928 nr_active_file: 81534 workingset_refault: 3863968363 pgscan_kswapd: 6159217140 pgscan_direct: 236528245 pgscan_direct_throttle: 4634 init_pgscan_direct: 236509902 init_pgscan_kswapd: 6159216180 base_file_lru: 309366 init_ws_refault: 3863907781 free_swap: 682018 total_swap: 1572863 swap_free_percentage: 43%
04-04 23:38:26.491   239   239 I [DISP]mtk_dsi_esd_cmp: expect[0x80], read[0x80]
04-04 23:38:28.180  2907  3044 W BluetoothMetricsLogger: MetricsLogger isn't initialized
04-04 23:38:28.180  2907  3044 W BluetoothMetricsLogger: MetricsLogger isn't initialized
04-04 23:38:28.180  2907  3044 E ScannerMap: Context not found for ID 4
04-04 23:38:28.182  9606  6456 I NearbyDiscovery: (REDACTED) BloomFilterAdvManager: Detected bloom filter but too far away, ignoring. %sm, %s
04-04 23:38:28.187  1055  1084 W android.hardware.thermal-service.mediatek: parseMsg: Get from client TYPE=thermal_hal_notify NAME=SKIN
04-04 23:38:28.187  1055  1084 W android.hardware.thermal-service.mediatek: parseMsg:name.c_str():SKIN
04-04 23:38:28.187  1055  1084 W android.hardware.thermal-service.mediatek: parseMsg:tz notify:SKIN
04-04 23:38:28.187  1055  1084 I android.hardware.thermal-service.mediatek: Wait to accept a connection
04-04 23:38:28.188  1055  1084 I android.hardware.thermal-service.mediatek: Sending notification:  Type: SKIN Name: SKIN CurrentValue: 39.586 ThrottlingStatus: LIGHT
04-04 23:38:28.188  1055  1084 I android.hardware.thermal-service.mediatek: sendThermalChangedCallback
04-04 23:38:28.206 15085 15151 E fb4a.ColdstartExperimentsController: unable to set dex config
04-04 23:38:28.206 15085 15151 E fb4a.ColdstartExperimentsController: java.lang.IllegalStateException: Main DexStore is null
04-04 23:38:28.206 15085 15151 E fb4a.ColdstartExperimentsController: 	at com.facebook.common.dextricksdi.ColdstartExperimentsController.A00(Unknown Source:212)
04-04 23:38:28.206 15085 15151 E fb4a.ColdstartExperimentsController: 	at com.facebook.common.dextricksdi.ColdstartExperimentsController.A01(Unknown Source:64)
04-04 23:38:28.206 15085 15151 E fb4a.ColdstartExperimentsController: 	at X.7NU.A0C(Unknown Source:1604)
04-04 23:38:28.206 15085 15151 E fb4a.ColdstartExperimentsController: 	at X.7NU.A0I(Unknown Source:3)
04-04 23:38:28.206 15085 15151 E fb4a.ColdstartExperimentsController: 	at X.7NU.A0H(Unknown Source:3)
04-04 23:38:28.206 15085 15151 E fb4a.ColdstartExperimentsController: 	at X.7NU.A0J(Unknown Source:3)
04-04 23:38:28.206 15085 15151 E fb4a.ColdstartExperimentsController: 	at X.7NU.A0G(Unknown Source:3)
04-04 23:38:28.206 15085 15151 E fb4a.ColdstartExperimentsController: 	at X.7NU.A0M(Unknown Source:3)
04-04 23:38:28.206 15085 15151 E fb4a.ColdstartExperimentsController: 	at X.7NU.A0L(Unknown Source:3)
04-04 23:38:28.206 15085 15151 E fb4a.ColdstartExperimentsController: 	at X.7NU.A0N(Unknown Source:3)
04-04 23:38:28.206 15085 15151 E fb4a.ColdstartExperimentsController: 	at X.7NU.A0K(Unknown Source:3)
04-04 23:38:28.206 15085 15151 E fb4a.ColdstartExperimentsController: 	at X.7NU.A0P(Unknown Source:3)
