--------- beginning of main
04-04 23:38:26.379  1008 20856 I netd    : setProcSysNet(4, 2, wlan0, retrans_time_ms, 750) <0.77ms>
04-04 23:38:26.379  1008 20856 I netd    : setProcSysNet(4, 2, wlan0, ucast_solicit, 10) <0.13ms>
04-04 23:38:26.380  1008 20856 I netd    : setProcSysNet(6, 2, wlan0, retrans_time_ms, 750) <0.38ms>
04-04 23:38:26.381  1008 20856 I netd    : setProcSysNet(6, 2, wlan0, ucast_solicit, 10) <0.23ms>
04-04 23:38:26.397  2907  3044 W BluetoothMetricsLogger: MetricsLogger isn't initialized
04-04 23:38:26.398  2907  3044 W BluetoothMetricsLogger: MetricsLogger isn't initialized
04-04 23:38:26.398  2907  3044 E ScannerMap: Context not found for ID 4
04-04 23:38:26.402  9606  6456 I NearbyDiscovery: (REDACTED) BloomFilterAdvManager: Detected bloom filter but too far away, ignoring. %sm, %s
04-04 23:38:26.444  1032  1070 I hwcomposer: [HWCDisplay] [Display_0 (type:1, mode:2)] fps:1.993611,dur:1003.21,max:501.73,min:501.48  
04-04 23:38:26.509  2907  3044 W BluetoothMetricsLogger: MetricsLogger isn't initialized
04-04 23:38:26.509  2907  3044 W BluetoothMetricsLogger: MetricsLogger isn't initialized
04-04 23:38:26.510  2907  3044 E ScannerMap: Context not found for ID 4
04-04 23:38:26.548  2634  2634 W dataInfoSend: type=1400 audit(0.0:611758694): avc:  denied  { bpf } for  capability=39  scontext=u:r:bpfloader:s0 tcontext=u:r:bpfloader:s0 tclass=capability2 permissive=0
04-04 23:38:26.548  2634  2634 W dataInfoSend: type=1400 audit(0.0:611758695): avc:  denied  { bpf } for  capability=39  scontext=u:r:bpfloader:s0 tcontext=u:r:bpfloader:s0 tclass=capability2 permissive=0
04-04 23:38:26.548  2634  2634 W dataInfoSend: type=1400 audit(0.0:611758696): avc:  denied  { bpf } for  capability=39  scontext=u:r:bpfloader:s0 tcontext=u:r:bpfloader:s0 tclass=capability2 permissive=0
04-04 23:38:26.548  2634  2634 W dataInfoSend: type=1400 audit(0.0:611758697): avc:  denied  { bpf } for  capability=39  scontext=u:r:bpfloader:s0 tcontext=u:r:bpfloader:s0 tclass=capability2 permissive=0
04-04 23:38:26.548  2634  2634 W dataInfoSend: type=1400 audit(0.0:611758698): avc:  denied  { bpf } for  capability=39  scontext=u:r:bpfloader:s0 tcontext=u:r:bpfloader:s0 tclass=capability2 permissive=0
--------- beginning of kernel
04-04 23:38:24.882 19509 19509 W audit   : audit_lost=610665493 audit_rate_limit=5 audit_backlog_limit=64
04-04 23:38:24.882 19509 19509 E audit   : rate limit exceeded
--------- beginning of system
04-04 23:38:26.562  1694  2639 W ActivityTaskManager: callingPackage for (uid=2000, pid=15216) has no WPC
04-04 23:38:26.573  1694  2639 I system_server: AssetManager2(0xb400007c40db9cf8) locale list changing from [] to [en-GB]
04-04 23:38:26.587  1694  2639 W OptProp : Cannot read opt property android.window.PROPERTY_COMPAT_ALLOW_RESIZEABLE_ACTIVITY_OVERRIDES
04-04 23:38:26.587  1694  2639 W OptProp : Cannot read opt property android.window.PROPERTY_COMPAT_ALLOW_MIN_ASPECT_RATIO_OVERRIDE
04-04 23:38:26.593  1056  1077 I mtkpower@impl: [setMode] type:5, enabled:1
04-04 23:38:26.596  1056  1142 I libPowerHal: [perfLockAcq] idx:2 hdl:356271 hint:68 pid:1056 tid:1056 duration:30000 lock_user:vendor.mediatek => ret_hdl:356271
04-04 23:38:26.596  1056  1142 I libPowerHal: [setClusterFreq] LAUNCH set cpufreq[0] min:2000000 max:-1 cpufreq[1] min:2500000 max:-1 
04-04 23:38:26.597  1056  1142 I libPowerHal: [setClusterFreq]  set cpu_ctrl cpufreq: 1900000 1900000 2500000 -1 
04-04 23:38:26.599  1056  1142 I libPowerHal: [PE] LAUNCH update cmd:1408300, param:100
04-04 23:38:26.599  1056  1142 I libPowerHal: [PE] LAUNCH update cmd:300c000, param:15
04-04 23:38:26.599  1056  1142 I libPowerHal: [setDvfsrcDevFreqOpp] opp:1, freq:4212000000
04-04 23:38:26.599  1056  1142 I libPowerHal: [PE] LAUNCH update cmd:1000000 param:1
04-04 23:38:26.607  2096  6113 W PopUpWinSceneDetector: Malformat: no colon symbol ':', so discard it.
04-04 23:38:26.608  2096  6113 W PopUpWinSceneDetector: PopUpWinEvent format is wrong! Ignore it
04-04 23:38:24.928  1142  1142 I Task-Turbo: Task-Turbo: task_turbo_feats is change to 15 successfully
04-04 23:38:24.945  3740  3740 I chg_check_pmic_info: psp:65 - 1
04-04 23:38:24.952  3740  3740 I [check_chg_status]vbus: 4643750,{6200000 ~ 4400000 ~ 0}
04-04 23:38:24.952  3740  3740 E check_pps_status: typec_attach=1, pd_type=4
04-04 23:38:24.952  3740  3740 I check_abnormal_status: [nt_abnormal_status] : 128
04-04 23:38:24.952  3740  3740 I [nt_abnormal_status]: { [bat full] }
04-04 23:38:24.952  3740  3740 E cooling_state_to_charger_limit: lst_rnd_alg_idx :5
04-04 23:38:24.953  3740  3740 I sc8541 11-006a: sc8541_check_charge_enabled:0
04-04 23:38:24.953  3740  3740 I instant_current: cic_idx:0
04-04 23:38:26.631  1694  2639 W OptProp : Cannot read opt property android.window.PROPERTY_COMPAT_ALLOW_ORIENTATION_OVERRIDE
04-04 23:38:24.961  3740  3740 I sc8541 11-006a: sc8541_check_charge_enabled:0
04-04 23:38:24.961  3740  3740 I chg_check_pmic_info: psp:64 - 4
04-04 23:38:24.961  3740  3740 E         : chg_check_status Couldn't get psy
04-04 23:38:26.633  1694  2639 I PowerHalWrapper: amsBoostNotify pid:26849,activity:com.whatsapp.Conversation, package:com.whatsapp.w4b, mProcessCreatePackcom.linkedin.android 
04-04 23:38:26.633  1694  2639 I PowerHalWrapper: state: 0 
04-04 23:38:26.633  1694  2639 I mtkpower_client: [PowerHal_Wrap_notifyAppState] com.whatsapp.w4b/com.whatsapp.Conversation pid=26849 activityId:139455514 state:0
04-04 23:38:26.633  1054  1054 I IPCThreadState: oneway function results for code 2 on binder at 0xb4000071fd5d4110 will be dropped but finished with status UNKNOWN_TRANSACTION
04-04 23:38:26.633  1054  1054 I vendor.mediatek.hardware.mtkpower_applist-service.mediatek: packName: com.whatsapp.w4b actName: com.whatsapp.Conversation pid: 26849 uid: 10261 state: 0
04-04 23:38:26.633  1054  1054 I MTK_APPList: [notifyAPPstate] com.whatsapp.w4b/com.whatsapp.Conversation, pid=26849, uid=10261, state:PAUSED, fps:-1, win:1
04-04 23:38:26.633  1054  1054 I MTK_APPList: [notifyAPPstate] multi_resumed_app_count: 4
04-04 23:38:26.633  1054  1054 I MTK_APPList: [notifyAPPstate] multi_resumed_app_info[0] com.android.systemui/com.android.systemui._51596708, pid:2121, fps:120, isMultiWindow:1
04-04 23:38:26.633  1054  1054 I MTK_APPList: [notifyAPPstate] multi_resumed_app_info[1] com.android.systemui/com.android.systemui._207002783, pid:2121, fps:-1, isMultiWindow:1
04-04 23:38:26.633  1054  1054 I MTK_APPList: [notifyAPPstate] multi_resumed_app_info[2] com.android.systemui/com.android.systemui._18945189, pid:2121, fps:120, isMultiWindow:1
04-04 23:38:26.633  1054  1054 I MTK_APPList: [notifyAPPstate] multi_resumed_app_info[3] com.android.systemui/com.android.systemui._33617838, pid:2121, fps:-1, isMultiWindow:1
04-04 23:38:26.633  1054  1054 I MTK_APPList: [getForegroundAPPCount] 4
04-04 23:38:26.633  1054  1054 I MTK_APPList: [notifyNetdUID] 10261
04-04 23:38:26.634  1054  1054 I MTK_APPList: [notifyPID] 26849
04-04 23:38:26.634  1694  2639 I PowerHalWrapper: amsBoostNotify AMS_BOOST_PROCESS_CREATE_BOOST:false 
04-04 23:38:26.634  1694  1694 E MBrainLocalService: notifyAppSwitch failed
04-04 23:38:26.634  1056  1142 I libPowerHal: [perfSetSysInfo] pid type:24, 26849
04-04 23:38:26.635  1694  2639 I ActivityTaskManager: START u0 {flg=0x10000000 xflg=0x5 cmp=com.smartbus.app/.activities.SplashActivity} with LAUNCH_MULTIPLE from uid 2000 pid 15216 (BAL_ALLOW_PERMISSION) result code=0
04-04 23:38:26.636  1694  1746 W BoostModuleDispatcher: Not found identify scenario.
04-04 23:38:26.638  1694  1745 I PowerHalWrapper: amsBoostProcessCreate package:com.smartbus.app 
04-04 23:38:26.644  2121  2208 W BoostModuleDispatcher: Not found identify scenario.
04-04 23:38:26.645  2392  2481 I NT-AppEventTracker: Begin non-home task duration timing:TaskDuration(taskId=6329, pkgName=com.smartbus.app, userId=UserHandle{0}, beginTime=1775326106645, endTime=0, windowType=1, duration=0, state=2)
04-04 23:38:26.647  1056  1142 I libPowerHal: [perfLockRel] hdl:356270, idx:-1
04-04 23:38:26.647  1056  1142 I libPowerHal: [perfLockAcq] idx:3 hdl:356272 hint:21 pid:1056 tid:1056 duration:10000 lock_user:vendor.mediatek => ret_hdl:356272
04-04 23:38:26.648  1056  1142 I libPowerHal: [setClusterFreq] MTKPOWER_HINT_PROCESS_CREATE set cpufreq[0] min:2000000 max:-1 cpufreq[1] min:2500000 max:-1 
04-04 23:38:26.648  1056  1142 I libPowerHal: [perfLockRel] hdl:355962, idx:-1
04-04 23:38:24.962  3740  3740 I chg_check_pmic_info: psp:0 - 1
04-04 23:38:24.963  3740  3740 I Pump    : 0x41,pump_en:0,ovp:1,wpc:0, fcc:669,fv:4490,icl:3200,ibus_ma:1070000,usb_sus:0,wls_sus:0,BattInit:1, chg_type:4,soc:100,soc_time:0,soc_pre:100,real_cap:4998000,htemp_charge:0,plug_in:1,plugGpio:1,usbTemp:34,battTemp:36,CHG_EN:1,CHG_STATUS:1,AICL:-1,AICR:2000,CV:4490,MIVR:4600,ICHG:1000,BOOST_CV:5400,BOOST_EN:0,BOOST_CC:1300,aging_mode:0,NT_CHG_TYPE:PD,CAM_LMT:{[ON_OFF]9000,[HV_CHG]1,[LMT_C]-1,hvcharger:0}
04-04 23:38:24.963  3740  3740 I [NT]lst_rnd_alg_idx: 5
04-04 23:38:24.963   513   513 E SELinux : avc:  denied  { find } for pid=1694 uid=1000 name=vendor.mediatek.hardware.gpuserv.IGpuService/default scontext=u:r:system_server:s0 tcontext=u:object_r:mtk_hal_gpuserv_service:s0 tclass=service_manager permissive=0
04-04 23:38:26.652  2392  2392 I NT-TopTaskTracker: Call back onTaskMovedToFront taskId = 6329
04-04 23:38:26.652  2907  3044 W BluetoothMetricsLogger: MetricsLogger isn't initialized
04-04 23:38:26.652  2907  3044 W BluetoothMetricsLogger: MetricsLogger isn't initialized
04-04 23:38:26.652  2907  3044 E ScannerMap: Context not found for ID 4
04-04 23:38:26.654  9606  6456 I NearbyDiscovery: (REDACTED) BloomFilterAdvManager: Detected bloom filter but too far away, ignoring. %sm, %s
04-04 23:38:26.656  2121  2216 W BoostModuleDispatcher: Not found identify scenario.
04-04 23:38:26.657  1096  2783 I BpBinder: onLastStrongRef automatically unlinking death recipients: 
04-04 23:38:26.660  1694  1755 I ActivityManager: Start proc 15219:com.smartbus.app/u0a419 for next-top-activity {com.smartbus.app/com.smartbus.app.activities.SplashActivity}
04-04 23:38:24.998 21458 21458 I [wlan][21458]halSetFWOwn: (INIT INFO) FW OWN:1, IntSta:0x00000018
04-04 23:38:26.675  1096  1096 I BpBinder: onLastStrongRef automatically unlinking death recipients: 
04-04 23:38:26.676 15219 15219 I om.smartbus.app: Late-enabling -Xcheck:jni
04-04 23:38:26.685  2121  2216 I ndroid.systemui: AssetManager2(0xb400007c40e0b418) locale list changing from [] to [en-GB]
04-04 23:38:26.691  1694  3330 I AppsFilter: interaction: PackageSetting{71946d6 com.android.microdroid.empty_payload/10256} -> PackageSetting{221de91 com.smartbus.app/10419} BLOCKED
04-04 23:38:26.691  1694  3330 I AppsFilter: interaction: PackageSetting{142e044 com.myapp/10399} -> PackageSetting{221de91 com.smartbus.app/10419} BLOCKED
04-04 23:38:26.692  1694  3330 I AppsFilter: interaction: PackageSetting{266652d com.example.imangeapp/10257} -> PackageSetting{221de91 com.smartbus.app/10419} BLOCKED
04-04 23:38:26.692  1694  3330 I AppsFilter: interaction: PackageSetting{63afa62 com.example.smartdarzi/10410} -> PackageSetting{221de91 com.smartbus.app/10419} BLOCKED
04-04 23:38:26.692  2121  2217 W BoostModuleDispatcher: Not found identify scenario.
04-04 23:38:26.699  1694  3330 W WindowManager: lockNow pending, ignore updating lockscreen timeout
04-04 23:38:26.700  1694  1755 I START_DEBUG: send START_TIMEOUT message    ProcessRecord :ProcessRecord{54b8436 15219:com.smartbus.app/u0a419}
04-04 23:38:26.700  1694  1755 I ActivityManager: ProcessObserver broadcast disabled
04-04 23:38:26.700  1694  1755 W ActivityManager: Slow operation: 62ms so far, now at startProcess: done updating pids map
04-04 23:38:26.727 15219 15219 I om.smartbus.app: Using CollectorTypeCMC GC.
04-04 23:38:26.752 13221 13229 I adbd    : jdwp connection from 15219
04-04 23:38:26.755  2121  2217 W BoostModuleDispatcher: Not found identify scenario.
04-04 23:38:26.755  2121  2216 W BoostModuleDispatcher: Not found identify scenario.
04-04 23:38:26.756  2121  2216 W BoostModuleDispatcher: Not found identify scenario.
04-04 23:38:26.761  1694  1957 I system_server: AssetManager2(0xb400007c40d58bd8) locale list changing from [] to [en-GB]
04-04 23:38:26.766  1694  2639 W WindowManager: lockNow pending, ignore updating lockscreen timeout
04-04 23:38:26.767  1694  2639 W WindowManager: Changing focus from Window{988df u0 com.whatsapp.w4b/com.whatsapp.Conversation} to null displayId=0 Callers=com.android.server.wm.RootWindowContainer.updateFocusedWindowLocked:494 com.android.server.wm.WindowManagerService.updateFocusedWindowLocked:6824 com.android.server.wm.WindowManagerService.relayoutWindow:2788 com.android.server.wm.Session.relayout:288 
04-04 23:38:26.781  1055  1055 I android.hardware.thermal-service.mediatek: getTemperaturesWithType TemperatureType: 3
04-04 23:38:26.781  1055  1055 W android.hardware.thermal-service.mediatek: i=0 tz_data[i].tz_idx[0]=10
04-04 23:38:26.781  1055  1055 W android.hardware.thermal-service.mediatek: i=1 tz_data[i].tz_idx[0]=10
04-04 23:38:26.781  1055  1055 W android.hardware.thermal-service.mediatek: i=2 tz_data[i].tz_idx[0]=7
04-04 23:38:26.781  1055  1055 W android.hardware.thermal-service.mediatek: i=3 tz_data[i].tz_idx[0]=56
04-04 23:38:26.781  1055  1055 I android.hardware.thermal-service.mediatek: fill_temperatures filterType1 name: SKIN type: SKIN throttlingStatus: LIGHT value: 39.586 ret_temps size 0
04-04 23:38:26.781  1055  1055 W android.hardware.thermal-service.mediatek: i=4 tz_data[i].tz_idx[0]=0
04-04 23:38:26.781  1055  1055 W android.hardware.thermal-service.mediatek: i=5 tz_data[i].tz_idx[0]=51
04-04 23:38:26.781  1055  1055 W android.hardware.thermal-service.mediatek: i=6 tz_data[i].tz_idx[0]=-1
04-04 23:38:26.781  1055  1055 W android.hardware.thermal-service.mediatek: i=7 tz_data[i].tz_idx[0]=-1
04-04 23:38:26.781  1055  1055 W android.hardware.thermal-service.mediatek: i=8 tz_data[i].tz_idx[0]=-1
04-04 23:38:26.781  1055  1055 W android.hardware.thermal-service.mediatek: i=9 tz_data[i].tz_idx[0]=10
04-04 23:38:26.781  1055  1055 W android.hardware.thermal-service.mediatek: i=10 tz_data[i].tz_idx[0]=10
04-04 23:38:26.781  1055  1055 W android.hardware.thermal-service.mediatek: i=11 tz_data[i].tz_idx[0]=-1
04-04 23:38:26.781  1055  1055 W android.hardware.thermal-service.mediatek: i=12 tz_data[i].tz_idx[0]=-1
04-04 23:38:26.781  1055  1055 W android.hardware.thermal-service.mediatek: i=13 tz_data[i].tz_idx[0]=10
04-04 23:38:25.115   333   333 I instant_current: cic_idx:0
04-04 23:38:26.793  2907  3044 W BluetoothMetricsLogger: MetricsLogger isn't initialized
04-04 23:38:26.793  2907  3044 W BluetoothMetricsLogger: MetricsLogger isn't initialized
04-04 23:38:26.793  2907  3044 E ScannerMap: Context not found for ID 4
04-04 23:38:26.820  1694  1746 W WindowManager: lockNow pending, ignore updating lockscreen timeout
04-04 23:38:26.834  9606 13643 I CastDatabase: Saving the database
04-04 23:38:26.839  1694  1957 I system_server: AssetManager2(0xb400007c40d6cdb8) locale list changing from [] to [en-GB]
04-04 23:38:26.850  2121  2208 I ndroid.systemui: AssetManager2(0xb400007c40dfe8f8) locale list changing from [] to [en-GB]
04-04 23:38:26.854  2392  2392 I NT-TopTaskTracker: Call back onTaskMovedToFront taskId = 6329
04-04 23:38:26.860  9606 13643 I SQLiteCastStore: [CastNetworkInfo] saved: 1, skipped: 0, [CastDeviceInfo]: saved 1, skipped 0, [ProbedNetworks]: saved 0, skipped: 0, [ProbedSocketAddress]: saved 1, skipped: 0, [Network-Device pairs]: saved: 1
04-04 23:38:26.861  1694  1746 W WindowManager: lockNow pending, ignore updating lockscreen timeout
04-04 23:38:26.864  1694  3426 I START_DEBUG: send BINDTIMEOUT    ProcessRecord :ProcessRecord{54b8436 15219:com.smartbus.app/u0a419}
04-04 23:38:26.864  1694  3426 I START_DEBUG: remove START_TIMEOUT finish    ProcessRecord :ProcessRecord{54b8436 15219:com.smartbus.app/u0a419}
04-04 23:38:26.868  2121  2208 I ndroid.systemui: AssetManager2(0xb400007c40d236b8) locale list changing from [] to [en-GB]
04-04 23:38:26.871  1055  1055 I android.hardware.thermal-service.mediatek: getTemperaturesWithType TemperatureType: 3
04-04 23:38:26.872  1055  1055 W android.hardware.thermal-service.mediatek: i=0 tz_data[i].tz_idx[0]=10
04-04 23:38:26.872  1055  1055 W android.hardware.thermal-service.mediatek: i=1 tz_data[i].tz_idx[0]=10
04-04 23:38:26.872  1055  1055 W android.hardware.thermal-service.mediatek: i=2 tz_data[i].tz_idx[0]=7
04-04 23:38:26.872  1055  1055 W android.hardware.thermal-service.mediatek: i=3 tz_data[i].tz_idx[0]=56
04-04 23:38:26.872  1055  1055 I android.hardware.thermal-service.mediatek: fill_temperatures filterType1 name: SKIN type: SKIN throttlingStatus: LIGHT value: 39.586 ret_temps size 0
04-04 23:38:26.872  1055  1055 W android.hardware.thermal-service.mediatek: i=4 tz_data[i].tz_idx[0]=0
04-04 23:38:26.872  1055  1055 W android.hardware.thermal-service.mediatek: i=5 tz_data[i].tz_idx[0]=51
04-04 23:38:26.872  1055  1055 W android.hardware.thermal-service.mediatek: i=6 tz_data[i].tz_idx[0]=-1
04-04 23:38:26.872  1055  1055 W android.hardware.thermal-service.mediatek: i=7 tz_data[i].tz_idx[0]=-1
04-04 23:38:26.872  1055  1055 W android.hardware.thermal-service.mediatek: i=8 tz_data[i].tz_idx[0]=-1
04-04 23:38:26.872  1055  1055 W android.hardware.thermal-service.mediatek: i=9 tz_data[i].tz_idx[0]=10
04-04 23:38:26.872  1055  1055 W android.hardware.thermal-service.mediatek: i=10 tz_data[i].tz_idx[0]=10
04-04 23:38:26.872  1055  1055 W android.hardware.thermal-service.mediatek: i=11 tz_data[i].tz_idx[0]=-1
04-04 23:38:26.872  1055  1055 W android.hardware.thermal-service.mediatek: i=12 tz_data[i].tz_idx[0]=-1
04-04 23:38:26.872  1055  1055 W android.hardware.thermal-service.mediatek: i=13 tz_data[i].tz_idx[0]=10
04-04 23:38:26.879  1096  1165 I SurfaceFlinger: onHandleDestroyed: layerId=287537, name=Surface(name=50b79e0 StatusBar)/@0x1f1f868 - animation-leash of insets_animation#287537
04-04 23:38:26.879  1096  3276 I SurfaceFlinger: onHandleDestroyed: layerId=287536, name=Surface(name=27c569c Taskbar)/@0xf69e6d7 - animation-leash of insets_animation#287536
04-04 23:38:26.886  1694  1957 I system_server: AssetManager2(0xb400007c40d1ad38) locale list changing from [] to [en-GB]
04-04 23:38:26.897  1056  1077 I mtkpower@impl: [setMode] type:6, enabled:1
04-04 23:38:26.897  1056  1077 E mtkpower@impl: [setMode] unknown type
04-04 23:38:26.898  1096  1096 I BufferQueueProducer: [FramebufferSurface](this:0xb40000752bc96800,id:-1,api:1,p:1096,c:1096) queueBuffer: fps=4.72 dur=11231.66 max=10796.59 min=7.17
04-04 23:38:26.909  1096  1096 I BufferQueueProducer: [StatusBar#93](this:0xb40000737beb4e18,id:-1,api:0,p:-1,c:1096) queueBuffer: fps=0.48 dur=2072.25 max=2072.25 min=2072.25
04-04 23:38:26.910  2907  3044 W BluetoothMetricsLogger: MetricsLogger isn't initialized
04-04 23:38:26.910  2907  3044 W BluetoothMetricsLogger: MetricsLogger isn't initialized
04-04 23:38:26.910  2907  3044 E ScannerMap: Context not found for ID 4
04-04 23:38:26.914  9606  6456 I NearbyDiscovery: (REDACTED) BloomFilterAdvManager: Detected bloom filter but too far away, ignoring. %sm, %s
04-04 23:38:26.922  1694  1957 I system_server: AssetManager2(0xb400007c40de2d38) locale list changing from [] to [en-GB]
04-04 23:38:26.939 15085 15135 W soft_error.cpp: [DGWClientConfig] : sgConnectTimeout: value 0 outside valid range [1, 120] <force_oncall:mi_client_infra:force_oncall>
04-04 23:38:26.940 15085 15135 W soft_error.cpp: [DGWClientConfig] : sgPingTimeout: value 0 outside valid range [1, 60] <force_oncall:mi_client_infra:force_oncall>
04-04 23:38:26.940 15085 15135 W soft_error.cpp: [DGWClientConfig] : tunnelConnectTimeout: value 0 outside valid range [1, 120] <force_oncall:mi_client_infra:force_oncall>
04-04 23:38:26.940 15085 15135 W soft_error.cpp: [DGWClientConfig] : tunnelConnectAckTimeout: value 0 outside valid range [1, 120] <force_oncall:mi_client_infra:force_oncall>
04-04 23:38:25.329 21457 21457 I [wlan][21457]kalPerMonUpdate: (SW4 INFO) <1024ms> Tput: 656(0.000mbps) [42:1:42:1][0:0:0:0][0:0:0:0][0:0:0:0] Pending:0/4096 [0:0:0:0][0:0:0:0][0:0:0:0][0:0:0:0] LQ[15528042:88126:2884] idle:0 lv:0 th:5 fg:0x9 TxCpu[2187106,3679193,3909968,4177849,208325,438493,214778,222940] RxCpu[0,0,0,0,0,0,0,0] TxDp[ST:BS:FO:QM:DP]:4126:0:0:0:41104 Tx[SQ:TI:TM:TDD:TDM:TIC:TFP]:0:15038090:15038652:0:0:114966:15038645 MgmtSub[124:144:51:9:0:0:0:0:0:0:0:562:173:467:0:0]
04-04 23:38:25.329 21457 21457 I [wlan][21457]kalPerMonUpdate: (SW4 INFO) ndevdrp:[0:0:0:301][0:0:0:56] NAPI[16018477,0,0,0,0,0,0,0,0,0,0] RxReorder[1:7:0:0] RxPending[0:0:0:0] RfbTrack[0:60:10:0:0:0:0:0:0:0:0:0:0:0:0:0:0:0:0] drv[RM,IL,RI,PA,PF,DU,DA,RT,RM,RW,RA,RB,DT,NS,IB,HS,LS,DD,ME,BD,NI,DR,TE,PE,CE,DN,FE,DE,IE,TME,CM,FB,ID,FD,NL]:21342660,0,19709297,19732206,22912,22912,0,19713470,777389077608,19411900,59030,21469,227656,57,0,958,0,4236,0,5144,0,216956,0,0,90,227594,0,0,0,0,62,0,0,0,0
04-04 23:38:25.329 21457 21457 I [wlan][21457]asicConnac2xFillCmdTxdInfo: (TX INFO) TX CMD: ID[0x7E] SEQ[197] SET[1] LEN[376]
04-04 23:38:25.329 21457 21457 I [wlan][21457]asicConnac2xFillCmdTxdInfo: (TX INFO) TX CMD: ID[0x85] SEQ[198] SET[0] LEN[92]
04-04 23:38:25.329 21457 21457 I [wlan][21457]asicConnac2xFillCmdTxdInfo: (TX INFO) TX CMD: ID[0x82] SEQ[199] SET[0] LEN[76]
04-04 23:38:25.329 21457 21457 I [wlan][21457]wlanLinkQualityMonitor: (SW4 INFO) Link Quality: Tx(rate:4330, total:15528042, retry:956, fail:1074, RTS fail:0, ACK fail:1074), Rx(rate:4333, total:88126, dup:2145, error:44594), PER(0), Congestion(idle slot:3607882018, diff:88393, AwakeDur:189720660)
04-04 23:38:25.329 21458 21458 I [wlan][21458]soc7_0ForceEnableHostCsrIrq: (HAL INFO) RD 0x7c0601a4 = 00000000
04-04 23:38:25.329 21458 21458 I [wlan][21458]soc7_0ForceEnableHostCsrIrq: (HAL INFO) WR 0x7c0601a4 = 00000001
04-04 23:38:25.331 21458 21458 I [wlan][21458]soc7_0ForceEnableHostCsrIrq: (HAL INFO) RD 0x7c011000 = 02050401
04-04 23:38:25.331 21458 21458 I [wlan][21458]soc7_0ForceEnableHostCsrIrq: (HAL INFO) RD 0x7c001210 = 00010002
04-04 23:38:25.331 21458 21458 I [wlan][21458]soc7_0ForceEnableHostCsrIrq: (HAL INFO) RD 0x7c001600 = 000003ff
04-04 23:38:25.331 21458 21458 I [wlan][21458]soc7_0ForceEnableHostCsrIrq: (HAL INFO) WR 0x7c001600 = 0x3FF
04-04 23:38:25.331 21458 21458 I [wlan][21458]soc7_0ForceEnableHostCsrIrq: (HAL INFO) RD 0x7c001600 = 000003ff
04-04 23:38:25.331 21458 21458 I [wlan][21458]soc7_0ForceEnableHostCsrIrq: (HAL INFO) RD 0x7c0601a4 = 00000001
04-04 23:38:25.331 21458 21458 I [wlan][21458]soc7_0ForceEnableHostCsrIrq: (HAL INFO) WR 0x7c0601a4 = 00000000
04-04 23:38:25.336 21458 21458 I [wlan][21458]wlanTxCmdDoneCb: (TX INFO) Add command: 000000005a99f9b4, 00000000171fb9ec, cmd=0x85, seq=198
04-04 23:38:25.336 21458 21458 I [wlan][21458]wlanTxCmdDoneCb: (TX INFO) Add command: 000000006dce3605, 00000000a24ff883, cmd=0x82, seq=199
04-04 23:38:25.337 21458 21458 I [wlan][21458]soc7_0_DumpWfsyscpupcr: (HAL INFO) wm pc=469728.221222/0x00901a98;469728.221229/0xf042d242;469728.221232/0xf042d260;469728.221236/0xf042d24e;469728.221239/0xf042cfd8;
04-04 23:38:25.337 21458 21458 I [wlan][21458]soc7_0_DumpWfsyscpupcr: (HAL INFO) wm lp=469728.221222/0xf042d19e;469728.221229/0xf042d1c8;469728.221232/0xf042d1c8;469728.221236/0xf042d1c8;469728.221239/0xf049e21e;
04-04 23:38:25.337 21458 21458 I [wlan][21458]halDumpMsduReportStats: (HAL INFO) TX_Delay D:[1:5:10:20]=[0:0:1:0:0#7] C:[10:20:50:80]=[1:0:0:0:0#0] M:[5:10:20:50]=[1:0:0:0:0#1] A:[5:10:20:50]=[0:0:0:0:0#0] F:[10:20:50:80]=[0:0:0:0:0#0] Txfail:0
04-04 23:38:25.337 21458 21458 I [wlan][21458]halDumpHifStats: (HAL INFO) I[0 / 16018478 1 0 0 0x0 0x0 0] T[322264 322264 322261 / 15057367 15057367 15055895 15056973] R[19939068 / 7726258] T_Q:T_R[0:0 0:0 0:0 0:0 0:0 0:0 0:3 0:0]  R_R:R_N[0:0 0:0 0:0 0:0] Msdu:F[8191/8192]P[0]D[0] Tok[0/4096] Rfb[4150/0/0/8/0/0/0/0/4150] txreg[9282637] rxreg[18577654]
04-04 23:38:25.337 21457 21457 I [wlan][21457]nicRxProcessEventPacket: (RX INFO) Not static config event: id=0x21, seq=198
04-04 23:38:25.337 21457 21457 I [wlan][21457]nicGetPendingCmdInfo: (TX INFO) Get command: 000000005a99f9b4, 00000000171fb9ec, cmd=0x85, seq=198
04-04 23:38:25.338 21457 21457 I [wlan][21457]nicGetPendingCmdInfo: (TX INFO) Get command: 000000006dce3605, 00000000a24ff883, cmd=0x82, seq=199
04-04 23:38:25.362 21458 21458 I [wlan][21458]halSetFWOwn: (INIT INFO) FW OWN:1, IntSta:0x08000000
04-04 23:38:27.052 15219 15219 I om.smartbus.app: AssetManager2(0xb400007c40c558f8) locale list changing from [] to [en-GB]
04-04 23:38:27.060   512   512 I lowmemorykiller: nr_free_pages: 6180 nr_inactive_file: 97641 nr_active_file: 208382 workingset_refault: 3863904144 pgscan_kswapd: 6159088726 pgscan_direct: 236506510 pgscan_direct_throttle: 4633 init_pgscan_direct: 236505998 init_pgscan_kswapd: 6159009765 base_file_lru: 279201 init_ws_refault: 3863842025 free_swap: 700977 total_swap: 1572863 swap_free_percentage: 44%
04-04 23:38:27.072   512   512 I lowmemorykiller: nr_free_pages: 5928 nr_inactive_file: 97641 nr_active_file: 208512 workingset_refault: 3863904335 pgscan_kswapd: 6159089814 pgscan_direct: 236506510 pgscan_direct_throttle: 4633 init_pgscan_direct: 236505998 init_pgscan_kswapd: 6159088726 base_file_lru: 306023 init_ws_refault: 3863904144 free_swap: 700081 total_swap: 1572863 swap_free_percentage: 44%
04-04 23:38:25.408   513   513 E SELinux : avc:  denied  { find } for pid=15219 uid=10419 name=vendor.mediatek.hardware.mbrain.IMBrain/default scontext=u:r:untrusted_app:s0:c163,c257,c512,c768 tcontext=u:object_r:mtk_hal_mbrain_service:s0 tclass=service_manager permissive=0
04-04 23:38:27.082  2907  3044 W BluetoothMetricsLogger: MetricsLogger isn't initialized
04-04 23:38:27.082  2907  3044 W BluetoothMetricsLogger: MetricsLogger isn't initialized
04-04 23:38:27.082  2907  3044 E ScannerMap: Context not found for ID 4
04-04 23:38:27.085   512   512 I lowmemorykiller: nr_free_pages: 6488 nr_inactive_file: 97645 nr_active_file: 208583 workingset_refault: 3863904403 pgscan_kswapd: 6159091222 pgscan_direct: 236506510 pgscan_direct_throttle: 4633 init_pgscan_direct: 236505998 init_pgscan_kswapd: 6159089814 base_file_lru: 306023 init_ws_refault: 3863904144 free_swap: 698902 total_swap: 1572863 swap_free_percentage: 44%
04-04 23:38:27.089  1694  3426 I START_DEBUG: remove BIND_TIMEOUT finish    ProcessRecord :ProcessRecord{54b8436 15219:com.smartbus.app/u0a419}
04-04 23:38:27.091  1694  3426 I PowerHalWrapper: amsBoostNotify pid:15219,activity:com.smartbus.app.activities.SplashActivity, package:com.smartbus.app, mProcessCreatePackcom.smartbus.app 
04-04 23:38:27.091  1694  3426 I PowerHalWrapper: state: 1 
04-04 23:38:27.091  1694  3426 I mtkpower_client: [PowerHal_Wrap_notifyAppState] com.smartbus.app/com.smartbus.app.activities.SplashActivity pid=15219 activityId:54642005 state:1
04-04 23:38:27.092  1054  1054 I IPCThreadState: oneway function results for code 2 on binder at 0xb4000071fd5d4110 will be dropped but finished with status UNKNOWN_TRANSACTION
04-04 23:38:27.092  1054  1054 I vendor.mediatek.hardware.mtkpower_applist-service.mediatek: packName: com.smartbus.app actName: com.smartbus.app.activities.SplashActivity pid: 15219 uid: 10419 state: 1
04-04 23:38:27.092  1054  1054 I MTK_APPList: [notifyAPPstate] com.smartbus.app/com.smartbus.app.activities.SplashActivity, pid=15219, uid=10419, state:RESUMED, fps:-1, win:1
04-04 23:38:27.092  1054  1054 I MTK_APPList: [notifyAPPstate] multi_resumed_app_count: 5
04-04 23:38:27.092  1054  1054 I MTK_APPList: [notifyAPPstate] multi_resumed_app_info[0] com.android.systemui/com.android.systemui._51596708, pid:2121, fps:120, isMultiWindow:1
04-04 23:38:27.092  1054  1054 I MTK_APPList: [notifyAPPstate] multi_resumed_app_info[1] com.android.systemui/com.android.systemui._207002783, pid:2121, fps:-1, isMultiWindow:1
04-04 23:38:27.092  1054  1054 I MTK_APPList: [notifyAPPstate] multi_resumed_app_info[2] com.android.systemui/com.android.systemui._18945189, pid:2121, fps:120, isMultiWindow:1
04-04 23:38:27.092  1054  1054 I MTK_APPList: [notifyAPPstate] multi_resumed_app_info[3] com.android.systemui/com.android.systemui._33617838, pid:2121, fps:-1, isMultiWindow:1
04-04 23:38:27.092  1054  1054 I MTK_APPList: [notifyAPPstate] multi_resumed_app_info[4] com.smartbus.app/com.smartbus.app.activities.SplashActivity, pid:15219, fps:-1, isMultiWindow:1
04-04 23:38:27.092  1054  1054 I MTK_APPList: [getForegroundAPPCount] 5
04-04 23:38:27.092  1054  1054 I MTK_APPList: [notifyAPPstate] foreground:com.smartbus.app, pid:15219, uid:10419
04-04 23:38:27.092  1054  1054 I MTK_APPList: [notifyNetdUID] 10419
04-04 23:38:27.094  1054  1054 I MTK_APPList: [notifyPID] 15219
04-04 23:38:27.094  1694  3426 I PowerHalWrapper: amsBoostNotify AMS_BOOST_PROCESS_CREATE_BOOST:true 
04-04 23:38:27.095  1694  1694 E MBrainLocalService: notifyAppSwitch failed
04-04 23:38:27.095  1056  1142 I libPowerHal: [perfSetSysInfo] pid type:24, 15219
04-04 23:38:27.096  1054  1054 I MTK_APPList: [notifyAPPstate] pc:0, com.whatsapp.w4b => com.smartbus.app
04-04 23:38:25.423   513   513 E SELinux : avc:  denied  { find } for pid=1694 uid=1000 name=vendor.mediatek.hardware.gpuserv.IGpuService/default scontext=u:r:system_server:s0 tcontext=u:object_r:mtk_hal_gpuserv_service:s0 tclass=service_manager permissive=0
04-04 23:38:27.097   512   512 I lowmemorykiller: nr_free_pages: 6725 nr_inactive_file: 97645 nr_active_file: 208697 workingset_refault: 3863904517 pgscan_kswapd: 6159092374 pgscan_direct: 236506510 pgscan_direct_throttle: 4633 init_pgscan_direct: 236505998 init_pgscan_kswapd: 6159091222 base_file_lru: 306023 init_ws_refault: 3863904144 free_swap: 698088 total_swap: 1572863 swap_free_percentage: 44%
04-04 23:38:27.102 15219 15219 I PowerHalWrapper: PowerHalWrapper.getInstance 
04-04 23:38:27.102 15219 15219 I PowerHalWrapper: PowerHalWrapper.getInstance 
04-04 23:38:27.102 15219 15219 I M-ProMotion: M-ProMotion is disabled
04-04 23:38:27.114 15219 15240 I DisplayManager: Choreographer implicitly registered for the refresh rate.
04-04 23:38:27.117  1008 20856 I netd    : tetherGetStats() -> {[TetherStatsParcel{iface: ccmni1, rxBytes: 3999950, rxPackets: 42679, txBytes: 3779963, txPackets: 50555, ifIndex: 0}, TetherStatsParcel{iface: ccmni2, rxBytes: 1858963, rxPackets: 16603, txBytes: 1445860, txPackets: 19349, ifIndex: 0}, TetherStatsParcel{iface: ccmni3, rxBytes: 1041185, rxPackets: 9304, txBytes: 870502, txPackets: 11401, ifIndex: 0}, TetherStatsParcel{iface: v4-ccmni1, rxBytes: 1112959460, rxPackets: 485904, txBytes: 121321328, txPackets: 500074, ifIndex: 0}, TetherStatsParcel{iface: v4-ccmni2, rxBytes: 269024249, rxPackets: 259951, txBytes: 25090607, txPackets: 101783, ifIndex: 0}, TetherStatsParcel{iface: v4-ccmni3, rxBytes: 40752930, rxPackets: 39294, txBytes: 6013669, txPackets: 24211, ifIndex: 0}, TetherStatsParcel{iface: wlan0, rxBytes: 2680895786, rxPackets: 2371268, txBytes: 675196317, txPackets: 1518260, ifIndex: 0}]} <6.16ms>
04-04 23:38:27.118  1054  1103 I libPerfCtl: xgfGetFPS pid:2121 fps:60
04-04 23:38:27.118  1054  1103 I libPerfCtl: xgfGetFPS pid:2392 fps:-1
04-04 23:38:27.118  1054  1103 I libPerfCtl: xgfGetFPS pid:26849 fps:-1
04-04 23:38:27.119   512   512 I lowmemorykiller: nr_free_pages: 5158 nr_inactive_file: 97645 nr_active_file: 210065 workingset_refault: 3863905942 pgscan_kswapd: 6159093974 pgscan_direct: 236506510 pgscan_direct_throttle: 4633 init_pgscan_direct: 236505998 init_pgscan_kswapd: 6159092374 base_file_lru: 306023 init_ws_refault: 3863904144 free_swap: 697685 total_swap: 1572863 swap_free_percentage: 44%
04-04 23:38:27.122 15219 15219 I om.smartbus.app: AssetManager2(0xb400007c40c1c558) locale list changing from [] to [en-GB]
04-04 23:38:27.127  1096  1096 I BufferQueueProducer: [Taskbar#122](this:0xb40000737bee2718,id:-1,api:0,p:-1,c:1096) queueBuffer: fps=0.03 dur=31533.12 max=31533.12 min=31533.12
04-04 23:38:27.128   512   512 I lowmemorykiller: nr_free_pages: 4402 nr_inactive_file: 97702 nr_active_file: 210350 workingset_refault: 3863906284 pgscan_kswapd: 6159095062 pgscan_direct: 236506510 pgscan_direct_throttle: 4633 init_pgscan_direct: 236505998 init_pgscan_kswapd: 6159093974 base_file_lru: 306023 init_ws_refault: 3863904144 free_swap: 696921 total_swap: 1572863 swap_free_percentage: 44%
04-04 23:38:25.458 27177 27177 W [FTS_TS]get_flow_cnt: reg0x91,val:49,last:49
04-04 23:38:27.134   514   514 I hwservicemanager: getTransport: Cannot find entry android.hardware.configstore@1.0::ISurfaceFlingerConfigs/default in either framework or device VINTF manifest.
04-04 23:38:27.141   512   512 I lowmemorykiller: nr_free_pages: 3652 nr_inactive_file: 97702 nr_active_file: 210521 workingset_refault: 3863906626 pgscan_kswapd: 6159096406 pgscan_direct: 236507470 pgscan_direct_throttle: 4633 init_pgscan_direct: 236505998 init_pgscan_kswapd: 6159095062 base_file_lru: 306023 init_ws_refault: 3863904144 free_swap: 696124 total_swap: 1572863 swap_free_percentage: 44%
04-04 23:38:27.152   512   512 I lowmemorykiller: nr_free_pages: 3580 nr_inactive_file: 97702 nr_active_file: 210692 workingset_refault: 3863906740 pgscan_kswapd: 6159097238 pgscan_direct: 236509326 pgscan_direct_throttle: 4633 init_pgscan_direct: 236505998 init_pgscan_kswapd: 6159096406 base_file_lru: 306023 init_ws_refault: 3863904144 free_swap: 694214 total_swap: 1572863 swap_free_percentage: 44%
04-04 23:38:27.158 15085 15150 W facebook.katana: JNI RegisterNativeMethods: attempt to register 0 native methods for com.facebook.omnistore.OmnistoreCollectionFrontendHolder
04-04 23:38:27.160  2907  3044 W BluetoothMetricsLogger: MetricsLogger isn't initialized
04-04 23:38:27.160  2907  3044 W BluetoothMetricsLogger: MetricsLogger isn't initialized
04-04 23:38:27.161  2907  3044 E ScannerMap: Context not found for ID 4
04-04 23:38:27.162 15219 15219 I om.smartbus.app: AssetManager2(0xb400007c40c51438) locale list changing from [] to [en-GB]
04-04 23:38:27.165  9606  6456 I NearbyDiscovery: (REDACTED) BloomFilterAdvManager: Detected bloom filter but too far away, ignoring. %sm, %s
04-04 23:38:27.165   512   512 I lowmemorykiller: nr_free_pages: 3660 nr_inactive_file: 97732 nr_active_file: 211031 workingset_refault: 3863907121 pgscan_kswapd: 6159099030 pgscan_direct: 236509902 pgscan_direct_throttle: 4633 init_pgscan_direct: 236505998 init_pgscan_kswapd: 6159097238 base_file_lru: 306023 init_ws_refault: 3863904144 free_swap: 691976 total_swap: 1572863 swap_free_percentage: 43%
04-04 23:38:27.166   512   512 E lowmemorykiller: Fail to connect to socket duraSpeedMem. return code: -1
04-04 23:38:27.166   512   512 I lowmemorykiller: Kill 'com.microsoft.appmanager:auth' (13400), uid 10159, oom_score_adj 965 to free 42420kB rss, 66892kB swap; reason: device is in direct reclaim and low on memory
04-04 23:38:27.170   512   525 E lowmemorykiller: process_mrelease 13400 failed: No such process
04-04 23:38:27.173 15219 15219 E ashmem  : Pinning is deprecated since Android Q. Please use trim or other methods.
04-04 23:38:25.505   513   513 E SELinux : avc:  denied  { find } for pid=15219 uid=10419 name=vendor.mediatek.hardware.mbrain.IMBrain/default scontext=u:r:untrusted_app:s0:c163,c257,c512,c768 tcontext=u:object_r:mtk_hal_mbrain_service:s0 tclass=service_manager permissive=0
04-04 23:38:27.186  1055  1084 W android.hardware.thermal-service.mediatek: parseMsg: Get from client TYPE=thermal_hal_notify NAME=SKIN
04-04 23:38:27.186  1055  1084 W android.hardware.thermal-service.mediatek: parseMsg:name.c_str():SKIN
04-04 23:38:27.186  1055  1084 W android.hardware.thermal-service.mediatek: parseMsg:tz notify:SKIN
04-04 23:38:27.186  1055  1084 I android.hardware.thermal-service.mediatek: Wait to accept a connection
04-04 23:38:27.187  1055  1084 I android.hardware.thermal-service.mediatek: Sending notification:  Type: SKIN Name: SKIN CurrentValue: 39.586 ThrottlingStatus: LIGHT
04-04 23:38:27.187  1055  1084 I android.hardware.thermal-service.mediatek: sendThermalChangedCallback
04-04 23:38:27.202  1694  3330 I ActivityManager: Process com.microsoft.appmanager:auth (pid 13400) has died: cch+65 CEM 
04-04 23:38:27.202   512   512 I lowmemorykiller: nr_free_pages: 4849 nr_inactive_file: 98005 nr_active_file: 211361 workingset_refault: 3863907781 pgscan_kswapd: 6159103446 pgscan_direct: 236510350 pgscan_direct_throttle: 4633 init_pgscan_direct: 236509902 init_pgscan_kswapd: 6159099030 base_file_lru: 309366 init_ws_refault: 3863907781 free_swap: 694091 total_swap: 1572863 swap_free_percentage: 44%
04-04 23:38:27.204  1011  1011 I Zygote  : Process 13400 exited due to signal 9 (Killed)
04-04 23:38:25.531  7971  7971 W binder_debug: 24 callbacks suppressed
04-04 23:38:25.531  7971  7971 I binder  : undelivered transaction 280153082, process died.
04-04 23:38:25.531  7971  7971 I binder  : undelivered transaction 280162554, process died.
04-04 23:38:25.531  7971  7971 I binder  : undelivered transaction 280117742, process died.
04-04 23:38:27.207  1694  3330 I START_DEBUG: remove ALL_TIMEOUT cleanup   ProcessRecord :ProcessRecord{e007875 13400:com.microsoft.appmanager:auth/u0a159}
04-04 23:38:27.208  1694  3330 I mtkpower_client: [PowerHal_Wrap_notifyAppState] com.microsoft.appmanager/com.microsoft.appmanager pid=13400 activityId:13400 state:3
04-04 23:38:27.208  1054  1054 I IPCThreadState: oneway function results for code 2 on binder at 0xb4000071fd5d4110 will be dropped but finished with status UNKNOWN_TRANSACTION
04-04 23:38:27.208  1054  1054 I vendor.mediatek.hardware.mtkpower_applist-service.mediatek: packName: com.microsoft.appmanager actName: com.microsoft.appmanager pid: 13400 uid: 10159 state: 3
04-04 23:38:27.208  1054  1054 I MTK_APPList: [notifyAPPstate] com.microsoft.appmanager/com.microsoft.appmanager, pid=13400, uid=10159, state:DEAD, fps:-1, win:1
04-04 23:38:27.208  1054  1054 I MTK_APPList: [notifyAPPstate] multi_resumed_app_count: 5
04-04 23:38:27.208  1054  1054 I MTK_APPList: [notifyAPPstate] multi_resumed_app_info[0] com.android.systemui/com.android.systemui._51596708, pid:2121, fps:120, isMultiWindow:1
04-04 23:38:27.208  1054  1054 I MTK_APPList: [notifyAPPstate] multi_resumed_app_info[1] com.android.systemui/com.android.systemui._207002783, pid:2121, fps:-1, isMultiWindow:1
04-04 23:38:27.208  1054  1054 I MTK_APPList: [notifyAPPstate] multi_resumed_app_info[2] com.android.systemui/com.android.systemui._18945189, pid:2121, fps:120, isMultiWindow:1
04-04 23:38:27.208  1054  1054 I MTK_APPList: [notifyAPPstate] multi_resumed_app_info[3] com.android.systemui/com.android.systemui._33617838, pid:2121, fps:-1, isMultiWindow:1
04-04 23:38:27.208  1054  1054 I MTK_APPList: [notifyAPPstate] multi_resumed_app_info[4] com.smartbus.app/com.smartbus.app.activities.SplashActivity, pid:15219, fps:-1, isMultiWindow:1
04-04 23:38:27.208  1054  1054 I MTK_APPList: [getForegroundAPPCount] 5
04-04 23:38:27.208  1054  1054 I MTK_APPList: [notifyAPPstate] pack:com.microsoft.appmanager, pid:13400, STATE_DEAD
04-04 23:38:27.208  1054  1054 I MTK_APPList: [notifyNetdUID] 10419
04-04 23:38:27.209  1054  1054 I MTK_APPList: [notifyPID] 15219
04-04 23:38:27.209  1056  1142 I libPowerHal: [perfSetSysInfo] pid type:24, 15219
04-04 23:38:27.211  1694  1757 I libprocessgroup: Removed cgroup /sys/fs/cgroup/apps/uid_10159/pid_13400
04-04 23:38:25.538   513   513 E SELinux : avc:  denied  { find } for pid=1694 uid=1000 name=vendor.mediatek.hardware.gpuserv.IGpuService/default scontext=u:r:system_server:s0 tcontext=u:object_r:mtk_hal_gpuserv_service:s0 tclass=service_manager permissive=0
04-04 23:38:27.213   512   512 I lowmemorykiller: nr_free_pages: 3868 nr_inactive_file: 98119 nr_active_file: 211988 workingset_refault: 3863908522 pgscan_kswapd: 6159104086 pgscan_direct: 236510350 pgscan_direct_throttle: 4633 init_pgscan_direct: 236509902 init_pgscan_kswapd: 6159103446 base_file_lru: 309366 init_ws_refault: 3863907781 free_swap: 693454 total_swap: 1572863 swap_free_percentage: 44%
04-04 23:38:27.226   512   512 I lowmemorykiller: nr_free_pages: 3787 nr_inactive_file: 98224 nr_active_file: 212088 workingset_refault: 3863908657 pgscan_kswapd: 6159105046 pgscan_direct: 236510606 pgscan_direct_throttle: 4633 init_pgscan_direct: 236509902 init_pgscan_kswapd: 6159104086 base_file_lru: 309366 init_ws_refault: 3863907781 free_swap: 692505 total_swap: 1572863 swap_free_percentage: 44%
04-04 23:38:27.237   512   512 I lowmemorykiller: nr_free_pages: 3409 nr_inactive_file: 98224 nr_active_file: 212088 workingset_refault: 3863908657 pgscan_kswapd: 6159105814 pgscan_direct: 236510798 pgscan_direct_throttle: 4633 init_pgscan_direct: 236509902 init_pgscan_kswapd: 6159105046 base_file_lru: 309366 init_ws_refault: 3863907781 free_swap: 691633 total_swap: 1572863 swap_free_percentage: 43%
04-04 23:38:27.240 15219 15219 I om.smartbus.app: hiddenapi: Accessing hidden method Landroid/view/View;->computeFitSystemWindows(Landroid/graphics/Rect;Landroid/graphics/Rect;)Z (runtime_flags=0, domain=platform, api=unsupported) from Landroidx/appcompat/widget/ViewUtils; (domain=app, TargetSdkVersion=35) using reflection: allowed
04-04 23:38:27.240 15219 15219 I om.smartbus.app: hiddenapi: Accessing hidden method Landroid/view/ViewGroup;->makeOptionalFitsSystemWindows()V (runtime_flags=0, domain=platform, api=unsupported) from Landroidx/appcompat/widget/ViewUtils; (domain=app, TargetSdkVersion=35) using reflection: allowed
04-04 23:38:27.250   512   512 I lowmemorykiller: nr_free_pages: 3535 nr_inactive_file: 97798 nr_active_file: 212608 workingset_refault: 3863908682 pgscan_kswapd: 6159106134 pgscan_direct: 236510798 pgscan_direct_throttle: 4633 init_pgscan_direct: 236509902 init_pgscan_kswapd: 6159105814 base_file_lru: 309366 init_ws_refault: 3863907781 free_swap: 691377 total_swap: 1572863 swap_free_percentage: 43%
04-04 23:38:27.262   512   512 I lowmemorykiller: nr_free_pages: 3724 nr_inactive_file: 96748 nr_active_file: 213963 workingset_refault: 3863909016 pgscan_kswapd: 6159106134 pgscan_direct: 236511118 pgscan_direct_throttle: 4633 init_pgscan_direct: 236509902 init_pgscan_kswapd: 6159106134 base_file_lru: 309366 init_ws_refault: 3863907781 free_swap: 691134 total_swap: 1572863 swap_free_percentage: 43%
04-04 23:38:27.272   512   512 I lowmemorykiller: nr_free_pages: 3535 nr_inactive_file: 95965 nr_active_file: 214972 workingset_refault: 3863909191 pgscan_kswapd: 6159106134 pgscan_direct: 236511118 pgscan_direct_throttle: 4633 init_pgscan_direct: 236509902 init_pgscan_kswapd: 6159106134 base_file_lru: 309366 init_ws_refault: 3863907781 free_swap: 691262 total_swap: 1572863 swap_free_percentage: 43%
04-04 23:38:27.284 15219 15219 I ContentCaptureHelper: Setting logging level to OFF
04-04 23:38:27.284   512   512 I lowmemorykiller: nr_free_pages: 3589 nr_inactive_file: 94383 nr_active_file: 216537 workingset_refault: 3863909191 pgscan_kswapd: 6159106134 pgscan_direct: 236511566 pgscan_direct_throttle: 4633 init_pgscan_direct: 236509902 init_pgscan_kswapd: 6159106134 base_file_lru: 309366 init_ws_refault: 3863907781 free_swap: 690818 total_swap: 1572863 swap_free_percentage: 43%
04-04 23:38:27.295 15219 15239 I PowerHalWrapper: PowerHalWrapper.getInstance 
04-04 23:38:27.297 15219 15219 I SurfaceFactory: [static] sSurfaceFactory = com.mediatek.view.impl.SurfaceFactoryImpl@f25823c
04-04 23:38:27.298   512   512 I lowmemorykiller: nr_free_pages: 4345 nr_inactive_file: 197659 nr_active_file: 113828 workingset_refault: 3863909702 pgscan_kswapd: 6159106966 pgscan_direct: 236511566 pgscan_direct_throttle: 4633 init_pgscan_direct: 236509902 init_pgscan_kswapd: 6159106134 base_file_lru: 309366 init_ws_refault: 3863907781 free_swap: 690117 total_swap: 1572863 swap_free_percentage: 43%
04-04 23:38:27.308 15085 15253 W fb4a.AppInfoCore: [AI] Package not found when getting package info
04-04 23:38:27.308 15219 15257 E HWUI    : attachRenderThreadToJvm
04-04 23:38:27.308 15219 15257 E HWUI    : AM IS NOT NULL!
04-04 23:38:25.639   513   513 I servicemanager: Caller(pid=15219,uid=10419,sid=u:r:untrusted_app:s0:c163,c257,c512,c768) Found android.hardware.graphics.allocator.IAllocator/default in device VINTF manifest.
04-04 23:38:25.643   513   513 I servicemanager: Caller(pid=15219,uid=10419,sid=u:r:untrusted_app:s0:c163,c257,c512,c768) Found android.hardware.graphics.allocator.IAllocator/default in device VINTF manifest.
04-04 23:38:25.644   513   513 E SELinux : avc:  denied  { find } for pid=15219 uid=10419 name=mapper/mediatek scontext=u:r:untrusted_app:s0:c163,c257,c512,c768 tcontext=u:object_r:default_android_service:s0 tclass=service_manager permissive=0
04-04 23:38:27.315 15219 15257 W ServiceManagerCppClient: Failed to get isDeclared for mapper/mediatek: Status(-1, EX_SECURITY): 'SELinux denied for service.'
04-04 23:38:27.315 15219 15257 E Gralloc5: Failed to load mapper.mediatek.so
04-04 23:38:27.316 15219 15256 E HWUI    : attachRenderThreadToJvm
04-04 23:38:27.316 15219 15256 E HWUI    : AM IS NOT NULL!
04-04 23:38:27.325 15085 15253 W fb4a.AppInfoCore: [AI] Package not found when getting package info
04-04 23:38:25.656 21458 21458 I [wlan][21458]soc7_0ForceEnableHostCsrIrq: (HAL INFO) RD 0x7c0601a4 = 00000000
04-04 23:38:25.656 21458 21458 I [wlan][21458]soc7_0ForceEnableHostCsrIrq: (HAL INFO) WR 0x7c0601a4 = 00000001
04-04 23:38:25.657 21458 21458 I [wlan][21458]soc7_0ForceEnableHostCsrIrq: (HAL INFO) RD 0x7c011000 = 02050401
04-04 23:38:25.657 21458 21458 I [wlan][21458]soc7_0ForceEnableHostCsrIrq: (HAL INFO) RD 0x7c001210 = 00010002
04-04 23:38:25.657 21458 21458 I [wlan][21458]soc7_0ForceEnableHostCsrIrq: (HAL INFO) RD 0x7c001600 = 000003ff
04-04 23:38:25.657 21458 21458 I [wlan][21458]soc7_0ForceEnableHostCsrIrq: (HAL INFO) WR 0x7c001600 = 0x3FF
04-04 23:38:25.657 21458 21458 I [wlan][21458]soc7_0ForceEnableHostCsrIrq: (HAL INFO) RD 0x7c001600 = 000003ff
04-04 23:38:25.657 21458 21458 I [wlan][21458]soc7_0ForceEnableHostCsrIrq: (HAL INFO) RD 0x7c0601a4 = 00000001
04-04 23:38:25.657 21458 21458 I [wlan][21458]soc7_0ForceEnableHostCsrIrq: (HAL INFO) WR 0x7c0601a4 = 00000000
04-04 23:38:25.661 21457 21457 I [wlan][21457]statsParsePktInfo: (RX INFO) <RX><IPv6> hop-by-hop packet, SSN:1041
04-04 23:38:25.661 21457 21457 I [wlan][21457]statsParsePktInfo: (RX INFO) <RX><IPv6> hop-by-hop packet, SSN:1042
04-04 23:38:25.661 25948 25948 W IPv6    : MLD: clamping QRV from 1 to 2!
04-04 23:38:25.661 25948 25948 W IPv6    : MLD: clamping QRV from 1 to 2!
04-04 23:38:27.334   514   514 I hwservicemanager: getTransport: Cannot find entry android.hardware.graphics.allocator@4.0::IAllocator/default in either framework or device VINTF manifest.
04-04 23:38:25.665   513   513 I servicemanager: Caller(pid=15219,uid=10419,sid=u:r:untrusted_app:s0:c163,c257,c512,c768) Found android.hardware.graphics.allocator.IAllocator/default in device VINTF manifest.
04-04 23:38:27.347  1694  2639 W WindowManager: lockNow pending, ignore updating lockscreen timeout
04-04 23:38:27.347  1694  2639 W WindowManager: Changing focus from null to Window{726ff4a u0 com.smartbus.app/com.smartbus.app.activities.SplashActivity} displayId=0 Callers=com.android.server.wm.RootWindowContainer.updateFocusedWindowLocked:494 com.android.server.wm.WindowManagerService.updateFocusedWindowLocked:6824 com.android.server.wm.WindowManagerService.relayoutWindow:2788 com.android.server.wm.Session.relayout:288 
04-04 23:38:27.349  1694  2639 I WindowManager: Relayout Window{726ff4a u0 com.smartbus.app/com.smartbus.app.activities.SplashActivity}: oldVis=4 newVis=0 focusMayChange = true requestedWidth = 1080 requestedHeight = 2400 outFrames = ClientWindowFrames{frame=[0,0][1080,2400] display=[0,0][1080,2400] parentFrame=[0,0][0,0]} outSurfaceControl = Surface(name=com.smartbus.app/com.smartbus.app.activities.SplashActivity)/@0xa682da2
04-04 23:38:25.677 25948 25948 I [wlan][25948]statsParsePktInfo: (TX INFO) <TX><IPv6> hop-by-hop packet
04-04 23:38:25.681 21458 21458 I [wlan][21458]halSetFWOwn: (INIT INFO) FW OWN:1, IntSta:0x00000001
04-04 23:38:27.353 15219 15219 E om.smartbus.app: [perfctl] 15219 15219 FPSGO ver:7
04-04 23:38:27.353 15219 15219 E om.smartbus.app: [perfctl] 1 1 1 0
04-04 23:38:27.357  1096  1165 W ServiceManagerCppClient: Permission failure: android.permission.ACCESS_SURFACE_FLINGER from uid=10419 pid=0
04-04 23:38:27.357  1096  1165 W ServiceManagerCppClient: Permission failure: android.permission.ROTATE_SURFACE_FLINGER from uid=10419 pid=0
04-04 23:38:27.357  1096  3276 W ServiceManagerCppClient: Permission failure: android.permission.ROTATE_SURFACE_FLINGER from uid=10419 pid=15219
04-04 23:38:27.357  1096  1165 W ServiceManagerCppClient: Permission failure: android.permission.INTERNAL_SYSTEM_WINDOW from uid=10419 pid=0
04-04 23:38:27.358  1096  3276 W ServiceManagerCppClient: Permission failure: android.permission.INTERNAL_SYSTEM_WINDOW from uid=10419 pid=15219
04-04 23:38:27.364  1043  1043 I mali_platform_hal: useCompressionGles pid=15219, procName=com.smartbus.app, 0
04-04 23:38:27.371  2907  3044 W BluetoothMetricsLogger: MetricsLogger isn't initialized
04-04 23:38:27.371  2907  3044 W BluetoothMetricsLogger: MetricsLogger isn't initialized
04-04 23:38:27.372  2907  3044 E ScannerMap: Context not found for ID 4
04-04 23:38:27.379  1096  1165 I SurfaceFlinger: onHandleDestroyed: layerId=287546, name=Surface(name=27c569c Taskbar)/@0xf69e6d7 - animation-leash of insets_animation#287546
04-04 23:38:27.379  1096  3276 I SurfaceFlinger: onHandleDestroyed: layerId=287547, name=Surface(name=50b79e0 StatusBar)/@0x1f1f868 - animation-leash of insets_animation#287547
04-04 23:38:27.392 15085 15148 W fb4a.lacrima: FbErrorReportingConfig.postStartupInit
