04-04 23:38:29.789  1055  1055 W android.hardware.thermal-service.mediatek: i=10 tz_data[i].tz_idx[0]=10
04-04 23:38:29.789  1055  1055 W android.hardware.thermal-service.mediatek: i=11 tz_data[i].tz_idx[0]=-1
04-04 23:38:29.789  1055  1055 W android.hardware.thermal-service.mediatek: i=12 tz_data[i].tz_idx[0]=-1
04-04 23:38:29.789  1055  1055 W android.hardware.thermal-service.mediatek: i=13 tz_data[i].tz_idx[0]=10
04-04 23:38:29.789 15219 15219 I PowerHalMgrImpl: perfLockAcq is supported. 
04-04 23:38:29.807  1096  1096 I BpBinder: onLastStrongRef automatically unlinking death recipients: 
04-04 23:38:29.812  1694  3395 W WindowManager: Changing focus from Window{726ff4a u0 com.smartbus.app/com.smartbus.app.activities.SplashActivity} to null displayId=0 Callers=com.android.server.wm.RootWindowContainer.updateFocusedWindowLocked:494 com.android.server.wm.WindowManagerService.updateFocusedWindowLocked:6824 com.android.server.wm.ActivityTaskManagerService.setLastResumedActivityUncheckLocked:5275 com.android.server.wm.ActivityTaskSupervisor.updateTopResumedActivityIfNeeded:2419 
04-04 23:38:29.813  1694  3395 I PowerHalWrapper: amsBoostNotify pid:15219,activity:com.smartbus.app.activities.LoginActivity, package:com.smartbus.app, mProcessCreatePackcom.smartbus.app 
04-04 23:38:29.813  1694  3395 I PowerHalWrapper: state: 1 
04-04 23:38:29.813  1694  3395 I mtkpower_client: [PowerHal_Wrap_notifyAppState] com.smartbus.app/com.smartbus.app.activities.LoginActivity pid=15219 activityId:94719703 state:1
04-04 23:38:29.814  1054  1054 I IPCThreadState: oneway function results for code 2 on binder at 0xb4000071fd5d4110 will be dropped but finished with status UNKNOWN_TRANSACTION
04-04 23:38:29.814  1054  1054 I vendor.mediatek.hardware.mtkpower_applist-service.mediatek: packName: com.smartbus.app actName: com.smartbus.app.activities.LoginActivity pid: 15219 uid: 10419 state: 1
04-04 23:38:29.814  1054  1054 I MTK_APPList: [notifyAPPstate] com.smartbus.app/com.smartbus.app.activities.LoginActivity, pid=15219, uid=10419, state:RESUMED, fps:-1, win:1
04-04 23:38:29.814  1054  1054 I MTK_APPList: [notifyAPPstate] multi_resumed_app_count: 5
04-04 23:38:29.814  1054  1054 I MTK_APPList: [notifyAPPstate] multi_resumed_app_info[0] com.android.systemui/com.android.systemui._51596708, pid:2121, fps:120, isMultiWindow:1
04-04 23:38:29.814  1054  1054 I MTK_APPList: [notifyAPPstate] multi_resumed_app_info[1] com.android.systemui/com.android.systemui._207002783, pid:2121, fps:-1, isMultiWindow:1
04-04 23:38:29.814  1054  1054 I MTK_APPList: [notifyAPPstate] multi_resumed_app_info[2] com.android.systemui/com.android.systemui._18945189, pid:2121, fps:120, isMultiWindow:1
04-04 23:38:29.814  1054  1054 I MTK_APPList: [notifyAPPstate] multi_resumed_app_info[3] com.android.systemui/com.android.systemui._33617838, pid:2121, fps:-1, isMultiWindow:1
04-04 23:38:29.814  1054  1054 I MTK_APPList: [notifyAPPstate] multi_resumed_app_info[4] com.smartbus.app/com.smartbus.app.activities.LoginActivity, pid:15219, fps:-1, isMultiWindow:1
04-04 23:38:29.814  1054  1054 I MTK_APPList: [getForegroundAPPCount] 5
04-04 23:38:29.814  1054  1054 I MTK_APPList: [notifyAPPstate] foreground:com.smartbus.app, pid:15219, uid:10419
04-04 23:38:29.814  1054  1054 I MTK_APPList: [notifyNetdUID] 10419
04-04 23:38:29.814  1054  1054 I MTK_APPList: [notifyPID] 15219
04-04 23:38:29.815  1056  1142 I libPowerHal: [perfSetSysInfo] pid type:24, 15219
04-04 23:38:29.815  1054  1054 I MTK_APPList: [notifyAPPstate] act com.android.searchlauncher.SearchLauncher => com.smartbus.app.activities.LoginActivity
04-04 23:38:29.816  1694  3395 I PowerHalWrapper: amsBoostNotify AMS_BOOST_PROCESS_CREATE_BOOST:true 
04-04 23:38:29.817  1694  3395 W WindowManager: lockNow pending, ignore updating lockscreen timeout
04-04 23:38:28.145   513   513 E SELinux : avc:  denied  { find } for pid=1694 uid=1000 name=vendor.mediatek.hardware.gpuserv.IGpuService/default scontext=u:r:system_server:s0 tcontext=u:object_r:mtk_hal_gpuserv_service:s0 tclass=service_manager permissive=0
04-04 23:38:29.824  1032  1070 I hwcomposer: [HWCDisplay] [Display_0 (type:1, mode:2)] fps:2.991211,dur:1002.94,max:961.57,min:15.74  
04-04 23:38:29.840   512   512 I lowmemorykiller: nr_free_pages: 54925 nr_inactive_file: 182736 nr_active_file: 96857 workingset_refault: 3863983287 pgscan_kswapd: 6159263521 pgscan_direct: 236528245 pgscan_direct_throttle: 4634 init_pgscan_direct: 236509902 init_pgscan_kswapd: 6159263521 base_file_lru: 278152 init_ws_refault: 3863981870 free_swap: 686771 total_swap: 1572863 swap_free_percentage: 43%
04-04 23:38:29.875  1055  1055 I android.hardware.thermal-service.mediatek: getTemperaturesWithType TemperatureType: 3
04-04 23:38:29.875  1055  1055 W android.hardware.thermal-service.mediatek: i=0 tz_data[i].tz_idx[0]=10
04-04 23:38:29.875  1055  1055 W android.hardware.thermal-service.mediatek: i=1 tz_data[i].tz_idx[0]=10
04-04 23:38:29.875  1055  1055 W android.hardware.thermal-service.mediatek: i=2 tz_data[i].tz_idx[0]=7
04-04 23:38:29.875  1055  1055 W android.hardware.thermal-service.mediatek: i=3 tz_data[i].tz_idx[0]=56
04-04 23:38:29.875  1055  1055 I android.hardware.thermal-service.mediatek: fill_temperatures filterType1 name: SKIN type: SKIN throttlingStatus: LIGHT value: 39.582 ret_temps size 0
04-04 23:38:29.875  1055  1055 W android.hardware.thermal-service.mediatek: i=4 tz_data[i].tz_idx[0]=0
04-04 23:38:29.875  1055  1055 W android.hardware.thermal-service.mediatek: i=5 tz_data[i].tz_idx[0]=51
04-04 23:38:29.875  1055  1055 W android.hardware.thermal-service.mediatek: i=6 tz_data[i].tz_idx[0]=-1
04-04 23:38:29.875  1055  1055 W android.hardware.thermal-service.mediatek: i=7 tz_data[i].tz_idx[0]=-1
04-04 23:38:29.875  1055  1055 W android.hardware.thermal-service.mediatek: i=8 tz_data[i].tz_idx[0]=-1
04-04 23:38:29.875  1055  1055 W android.hardware.thermal-service.mediatek: i=9 tz_data[i].tz_idx[0]=10
04-04 23:38:29.875  1055  1055 W android.hardware.thermal-service.mediatek: i=10 tz_data[i].tz_idx[0]=10
04-04 23:38:29.875  1055  1055 W android.hardware.thermal-service.mediatek: i=11 tz_data[i].tz_idx[0]=-1
04-04 23:38:29.875  1055  1055 W android.hardware.thermal-service.mediatek: i=12 tz_data[i].tz_idx[0]=-1
04-04 23:38:29.875  1055  1055 W android.hardware.thermal-service.mediatek: i=13 tz_data[i].tz_idx[0]=10
04-04 23:38:29.876 15219 15219 I ContentCaptureHelper: Setting logging level to OFF
04-04 23:38:29.895  1694  2165 W WindowManager: lockNow pending, ignore updating lockscreen timeout
04-04 23:38:29.895  1694  2165 W WindowManager: Changing focus from null to Window{ad85c16 u0 com.smartbus.app/com.smartbus.app.activities.LoginActivity} displayId=0 Callers=com.android.server.wm.RootWindowContainer.updateFocusedWindowLocked:494 com.android.server.wm.WindowManagerService.updateFocusedWindowLocked:6824 com.android.server.wm.WindowManagerService.relayoutWindow:2788 com.android.server.wm.Session.relayout:288 
04-04 23:38:29.897  1694  2165 I WindowManager: Relayout Window{ad85c16 u0 com.smartbus.app/com.smartbus.app.activities.LoginActivity}: oldVis=4 newVis=0 focusMayChange = true requestedWidth = 1080 requestedHeight = 2400 outFrames = ClientWindowFrames{frame=[0,0][1080,2400] display=[0,0][1080,2400] parentFrame=[0,0][0,0]} outSurfaceControl = Surface(name=com.smartbus.app/com.smartbus.app.activities.LoginActivity)/@0x436d7ee
04-04 23:38:29.929  1694  1746 W WindowManager: lockNow pending, ignore updating lockscreen timeout
04-04 23:38:29.930  1096  1164 I SurfaceFlinger: onHandleDestroyed: layerId=287552, name=Surface(name=27c569c Taskbar)/@0xf69e6d7 - animation-leash of insets_animation#287552
04-04 23:38:29.931  1096  1164 I SurfaceFlinger: onHandleDestroyed: layerId=287553, name=Surface(name=50b79e0 StatusBar)/@0x1f1f868 - animation-leash of insets_animation#287553
04-04 23:38:29.931  1694  1746 W WindowManager: lockNow pending, ignore updating lockscreen timeout
04-04 23:38:29.936  1056  1077 I mtkpower@impl: [setMode] type:5, enabled:0
04-04 23:38:29.937  1056  1142 I libPowerHal: [perfLockRel] hdl:356276, idx:2
04-04 23:38:29.937  1056  1142 I libPowerHal: [PD] LAUNCH update cmd:300c000 param:0
04-04 23:38:29.939  1694  3395 I PowerHalWrapper: amsBoostStop AMS_BOOST_PACK_SWITCH:false, AMS_BOOST_ACT_SWITCH:true, AMS_BOOST_PROCESS_CREATE:false, AMS_BOOST_PROCESS_CREATE_FOR_GAME:false, AMS_BOOST_HOT_LAUNCH:false 
04-04 23:38:29.940   512   512 I lowmemorykiller: nr_free_pages: 50326 nr_inactive_file: 183072 nr_active_file: 98293 workingset_refault: 3863985006 pgscan_kswapd: 6159263521 pgscan_direct: 236528245 pgscan_direct_throttle: 4634 init_pgscan_direct: 236509902 init_pgscan_kswapd: 6159263521 base_file_lru: 278152 init_ws_refault: 3863981870 free_swap: 686771 total_swap: 1572863 swap_free_percentage: 43%
04-04 23:38:29.940  1056  1077 I libPowerHal: [mtkPowerHint] hint:23, hold:0, ext:30, ext_hold:500
04-04 23:38:29.942  1056  1142 I libPowerHal: [perfLockRel] hdl:356277, idx:3
04-04 23:38:29.943  1056  1142 I libPowerHal: [setClusterFreq]  set cpu_ctrl cpufreq: -1 1900000 -1 -1 
04-04 23:38:29.943  1056  1142 I libPowerHal: [PD] MTKPOWER_HINT_ACT_SWITCH update cmd:1408300 param:0
04-04 23:38:29.944  1056  1142 I libPowerHal: [PD] MTKPOWER_HINT_ACT_SWITCH update cmd:1000000 param:-1
04-04 23:38:29.944  1694  1741 I ActivityTaskManager: Displayed com.smartbus.app/.activities.LoginActivity for user 0: +154ms
04-04 23:38:29.946  1056  1142 I libPowerHal: [perfLockAcq] idx:2 hdl:356278 hint:30 pid:1056 tid:1056 duration:500 lock_user:vendor.mediatek => ret_hdl:356278
04-04 23:38:29.947  1056  1142 I libPowerHal: [PE] MTKPOWER_HINT_EXT_LAUNCH update cmd:1408300, param:40
04-04 23:38:29.947  1056  1142 I libPowerHal: [setDvfsrcDevFreqOpp] opp:2, freq:4212000000
04-04 23:38:29.947  1056  1142 I libPowerHal: [PE] MTKPOWER_HINT_EXT_LAUNCH update cmd:1000000 param:2
04-04 23:38:28.266  1142  1142 I Task-Turbo: Task-Turbo: task_turbo_feats is change to 0 successfully
04-04 23:38:28.273 15892 15892 I         : timesync boot 745845240697142 sched 469731157653966 android 04-04 18:08:29.944023
04-04 23:38:29.949  2907  3044 W BluetoothMetricsLogger: MetricsLogger isn't initialized
04-04 23:38:29.949  2907  3044 W BluetoothMetricsLogger: MetricsLogger isn't initialized
04-04 23:38:29.949  2907  3044 E ScannerMap: Context not found for ID 4
04-04 23:38:29.949  1056  1077 I mtkpower@impl: [setMode] type:6, enabled:1
04-04 23:38:29.949  1056  1077 E mtkpower@impl: [setMode] unknown type
04-04 23:38:29.950  1096  1096 I BufferQueueProducer: [FramebufferSurface](this:0xb40000752bc96800,id:-1,api:1,p:1096,c:1096) queueBuffer: fps=10.16 dur=3051.23 max=2554.01 min=12.82
04-04 23:38:29.965  1694  1755 I ActivityManager: Start proc 15345:com.google.android.odad/u0a247 for service {com.google.android.odad/com.google.android.apps.miphone.odad.contentprotection.ContentProtectionService}
04-04 23:38:29.965  1694  1755 I START_DEBUG: send START_TIMEOUT message    ProcessRecord :ProcessRecord{512b952 15345:com.google.android.odad/u0a247}
04-04 23:38:29.965  1694  1755 I ActivityManager: ProcessObserver broadcast disabled
04-04 23:38:29.981 15345 15345 I le.android.odad: Using CollectorTypeCMC GC.
04-04 23:38:29.996  1694  3395 I START_DEBUG: send BINDTIMEOUT    ProcessRecord :ProcessRecord{512b952 15345:com.google.android.odad/u0a247}
04-04 23:38:29.996  1694  3395 I START_DEBUG: remove START_TIMEOUT finish    ProcessRecord :ProcessRecord{512b952 15345:com.google.android.odad/u0a247}
04-04 23:38:30.027  1694  1956 I ImeTracker: com.smartbus.app:8859cf9: onRequestHide at ORIGIN_SERVER reason HIDE_UNSPECIFIED_WINDOW fromUser false
04-04 23:38:30.030 15219 15219 I ImeTracker: com.smartbus.app:8859cf9: onCancelled at PHASE_CLIENT_ALREADY_HIDDEN
04-04 23:38:30.032 17726 17726 I GoogleInputMethodService: GoogleInputMethodService.onFinishInput():2159 
04-04 23:38:30.033 17726 17726 I Module  : DeviceLockedStatusModuleProvider$Module.updateDeviceLockedStatus():103 repeatCheckTimes = 0, locked = false
04-04 23:38:30.034 17726 17726 I GoogleInputMethodService: GoogleInputMethodService.onStartInput():1434 onStartInput(EditorInfo{EditorInfo{packageName=com.smartbus.app, inputType=0, inputTypeString=NULL, enableLearning=false, autoCorrection=false, autoComplete=false, imeOptions=0, privateImeOptions=null, actionName=UNSPECIFIED, actionLabel=null, initialSelStart=-1, initialSelEnd=-1, initialCapsMode=0, label=null, fieldId=0, fieldName=null, extras=null, hintText=null, hintLocales=[]}}, false)
04-04 23:38:30.034 17726 17726 I AndroidIME: LatinIMEBase.updateInputViewCoverNavigation():312 Update input view padding, isNavbarOverInputWindow=true, bottom inset=113
04-04 23:38:30.035 17726 17726 I Module  : DeviceLockedStatusModuleProvider$Module.updateDeviceLockedStatus():103 repeatCheckTimes = 1, locked = false
04-04 23:38:30.036  1694  3395 I ImeTracker: system_server:144b2373: onRequestHide at ORIGIN_SERVER reason IME_REQUESTED_CHANGED_LISTENER fromUser false
04-04 23:38:30.036  1694  3410 W PackageConfigPersister: App-specific configuration not found for packageName: com.smartbus.app and userId: 0
04-04 23:38:30.037  1694  1746 W WindowManager: lockNow pending, ignore updating lockscreen timeout
04-04 23:38:30.037  1694  1745 I ImeTracker: system_server:144b2373: onCancelled at PHASE_SERVER_SHOULD_HIDE
04-04 23:38:30.041   512   512 I lowmemorykiller: nr_free_pages: 47176 nr_inactive_file: 183197 nr_active_file: 99975 workingset_refault: 3863986824 pgscan_kswapd: 6159263521 pgscan_direct: 236528245 pgscan_direct_throttle: 4634 init_pgscan_direct: 236509902 init_pgscan_kswapd: 6159263521 base_file_lru: 278152 init_ws_refault: 3863981870 free_swap: 686899 total_swap: 1572863 swap_free_percentage: 43%
04-04 23:38:30.050  1096  3276 I SurfaceFlinger: onHandleDestroyed: layerId=287555, name=Surface(name=2efbba4 InputMethod)/@0x76442d3 - animation-leash of insets_animation#287555
04-04 23:38:28.383   333   333 I instant_current: cic_idx:0
04-04 23:38:30.054 15345 15345 I le.android.odad: AssetManager2(0xb400007c40c4fe58) locale list changing from [] to [en-GB]
04-04 23:38:28.402 21457 21457 I [wlan][21457]kalPerMonUpdate: (SW4 INFO) <1038ms> Tput: 8168(0.007mbps) [196:2:864:4][0:0:0:0][0:0:0:0][0:0:0:0] Pending:0/4096 [0:0:0:0][0:0:0:0][0:0:0:0][0:0:0:0] LQ[15528058:88150:31830] idle:0 lv:0 th:5 fg:0x9 TxCpu[2187110,3679196,3909973,4177852,208325,438493,214778,222940] RxCpu[0,0,0,0,0,0,0,0] TxDp[ST:BS:FO:QM:DP]:4126:0:0:0:41104 Tx[SQ:TI:TM:TDD:TDM:TIC:TFP]:0:15038105:15038667:0:0:114968:15038660 MgmtSub[124:144:51:9:0:0:0:0:0:0:0:562:173:467:0:0]
04-04 23:38:28.402 21457 21457 I [wlan][21457]kalPerMonUpdate: (SW4 INFO) ndevdrp:[0:0:0:301][0:0:0:56] NAPI[16018535,0,0,0,0,0,0,0,0,0,0] RxReorder[1:7:0:0] RxPending[0:0:0:0] RfbTrack[0:60:10:0:0:0:0:0:0:0:0:0:0:0:0:0:0:0:0] drv[RM,IL,RI,PA,PF,DU,DA,RT,RM,RW,RA,RB,DT,NS,IB,HS,LS,DD,ME,BD,NI,DR,TE,PE,CE,DN,FE,DE,IE,TME,CM,FB,ID,FD,NL]:21342707,0,19709317,19732226,22912,22912,0,19713483,777389077608,19411913,59030,21469,227656,57,0,958,0,4236,0,5144,0,216956,0,0,90,227594,0,0,0,0,62,0,0,0,0
04-04 23:38:28.402 21457 21457 I [wlan][21457]wlanLinkQualityMonitor: (SW4 INFO) Link Quality: Tx(rate:4330, total:15528058, retry:957, fail:1075, RTS fail:0, ACK fail:1075), Rx(rate:4333, total:88150, dup:2145, error:44619), PER(8), Congestion(idle slot:3608008737, diff:41287, AwakeDur:189722098)
04-04 23:38:30.076  1694  3395 I START_DEBUG: remove BIND_TIMEOUT finish    ProcessRecord :ProcessRecord{512b952 15345:com.google.android.odad/u0a247}
04-04 23:38:28.402 21458 21458 I [wlan][21458]soc7_0ForceEnableHostCsrIrq: (HAL INFO) RD 0x7c0601a4 = 00000000
04-04 23:38:28.402 21458 21458 I [wlan][21458]soc7_0ForceEnableHostCsrIrq: (HAL INFO) WR 0x7c0601a4 = 00000001
04-04 23:38:28.404 21458 21458 I [wlan][21458]soc7_0ForceEnableHostCsrIrq: (HAL INFO) RD 0x7c011000 = 02050401
04-04 23:38:28.404 21458 21458 I [wlan][21458]soc7_0ForceEnableHostCsrIrq: (HAL INFO) RD 0x7c001210 = 00010002
04-04 23:38:28.404 21458 21458 I [wlan][21458]soc7_0ForceEnableHostCsrIrq: (HAL INFO) RD 0x7c001600 = 000003ff
04-04 23:38:28.404 21458 21458 I [wlan][21458]soc7_0ForceEnableHostCsrIrq: (HAL INFO) WR 0x7c001600 = 0x3FF
04-04 23:38:28.404 21458 21458 I [wlan][21458]soc7_0ForceEnableHostCsrIrq: (HAL INFO) RD 0x7c001600 = 000003ff
04-04 23:38:28.404 21458 21458 I [wlan][21458]soc7_0ForceEnableHostCsrIrq: (HAL INFO) RD 0x7c0601a4 = 00000001
04-04 23:38:28.404 21458 21458 I [wlan][21458]soc7_0ForceEnableHostCsrIrq: (HAL INFO) WR 0x7c0601a4 = 00000000
04-04 23:38:28.410 21458 21458 I [wlan][21458]wlanTxCmdDoneCb: (TX INFO) Add command: 00000000d3a7c3b2, 00000000171fb9ec, cmd=0x85, seq=208
04-04 23:38:28.410 21458 21458 I [wlan][21458]wlanTxCmdDoneCb: (TX INFO) Add command: 000000000899f358, 00000000a24ff883, cmd=0x82, seq=209
04-04 23:38:28.410 21458 21458 I [wlan][21458]soc7_0_DumpWfsyscpupcr: (HAL INFO) wm pc=469731.294564/0xf047112e;469731.294576/0xf04938aa;469731.294584/0xf03809fe;469731.294592/0xf04af91c;469731.294599/0xf04af96e;
04-04 23:38:28.410 21458 21458 I [wlan][21458]soc7_0_DumpWfsyscpupcr: (HAL INFO) wm lp=469731.294564/0xf04af8fc;469731.294576/0xf04938b8;469731.294584/0xf04938b8;469731.294592/0xf04938e2;469731.294599/0xf0493946;
04-04 23:38:28.410 21458 21458 I [wlan][21458]halDumpMsduReportStats: (HAL INFO) TX_Delay D:[1:5:10:20]=[2:0:0:0:0#0] C:[10:20:50:80]=[2:0:0:0:0#0] M:[5:10:20:50]=[2:0:0:0:0#0] A:[5:10:20:50]=[0:0:0:0:0#0] F:[10:20:50:80]=[0:0:0:0:0#0] Txfail:0
04-04 23:38:28.410 21458 21458 I [wlan][21458]halDumpHifStats: (HAL INFO) I[0 / 16018536 1 0 0 0x0 0x0 0] T[322274 322274 322271 / 15057382 15057382 15055910 15056988] R[19939088 / 7726300] T_Q:T_R[0:0 0:0 0:0 0:0 0:0 0:0 0:3 0:0]  R_R:R_N[0:0 0:0 0:0 0:0] Msdu:F[8191/8192]P[0]D[0] Tok[0/4096] Rfb[4150/0/0/8/0/0/0/0/4150] txreg[9282652] rxreg[18577711]
04-04 23:38:28.411 21457 21457 I [wlan][21457]nicRxProcessEventPacket: (RX INFO) Not static config event: id=0x21, seq=208
04-04 23:38:28.411 21457 21457 I [wlan][21457]nicGetPendingCmdInfo: (TX INFO) Get command: 00000000d3a7c3b2, 00000000171fb9ec, cmd=0x85, seq=208
04-04 23:38:30.091 15345 15345 I ContentProtectionServic: CP service created
04-04 23:38:30.100  1694  1694 I RemoteContentProtectionService: Connection status for: ComponentInfo{com.google.android.odad/com.google.android.apps.miphone.odad.contentprotection.ContentProtectionService} changed to: connected
04-04 23:38:28.411 21457 21457 I [wlan][21457]nicGetPendingCmdInfo: (TX INFO) Get command: 000000000899f358, 00000000a24ff883, cmd=0x82, seq=209
04-04 23:38:28.435 21458 21458 I [wlan][21458]halSetFWOwn: (INIT INFO) FW OWN:1, IntSta:0x08000000
04-04 23:38:30.111 15345 15345 I bzu     : Starting to handle end event for package: com.smartbus.app
04-04 23:38:30.113 15345 15345 I btl     : Starting work type: HANDLE_CONTENT_PROTECTION using foreground service, isShort: false
04-04 23:38:30.118  1054  1103 I libPerfCtl: xgfGetFPS pid:2121 fps:120
04-04 23:38:30.118  1694  3395 I ActivityManager: Background started FGS: Allowed [callingPackage: com.google.android.odad; callingUid: 10247; uidState: IMPF; uidBFSL: n/a; intent: Intent { xflg=0x4 cmp=com.google.android.odad/com.google.android.apps.miphone.odad.backgroundwork.impl.WorkService (has extras) }; code:BACKGROUND_ACTIVITY_PERMISSION; tempAllowListReason:<null>; allowWiu:58; targetSdkVersion:36; callerTargetSdkVersion:36; startForegroundCount:0; bindFromPackage:null: isBindService:false]
04-04 23:38:30.118  1054  1103 I libPerfCtl: xgfGetFPS pid:2392 fps:-1
04-04 23:38:30.119  1054  1103 I libPerfCtl: xgfGetFPS pid:15219 fps:-1
04-04 23:38:30.119  1054  1103 I libPerfCtl: xgfGetFPS pid:26849 fps:-1
04-04 23:38:30.128 15345 15345 I WorkService: Work service created
04-04 23:38:30.128 15345 15345 E ashmem  : Pinning is deprecated since Android Q. Please use trim or other methods.
04-04 23:38:30.130 15345 15357 I ckj     : Started coroutine watchdog: work-service, duration: PT3M
04-04 23:38:30.140   512   512 I lowmemorykiller: nr_free_pages: 45097 nr_inactive_file: 183198 nr_active_file: 101573 workingset_refault: 3863988415 pgscan_kswapd: 6159263521 pgscan_direct: 236528245 pgscan_direct_throttle: 4634 init_pgscan_direct: 236509902 init_pgscan_kswapd: 6159263521 base_file_lru: 278152 init_ws_refault: 3863981870 free_swap: 686963 total_swap: 1572863 swap_free_percentage: 43%
04-04 23:38:30.154  1008 20856 I netd    : tetherGetStats() -> {[TetherStatsParcel{iface: ccmni1, rxBytes: 3999950, rxPackets: 42679, txBytes: 3779963, txPackets: 50555, ifIndex: 0}, TetherStatsParcel{iface: ccmni2, rxBytes: 1858963, rxPackets: 16603, txBytes: 1445860, txPackets: 19349, ifIndex: 0}, TetherStatsParcel{iface: ccmni3, rxBytes: 1041185, rxPackets: 9304, txBytes: 870502, txPackets: 11401, ifIndex: 0}, TetherStatsParcel{iface: v4-ccmni1, rxBytes: 1112959460, rxPackets: 485904, txBytes: 121321328, txPackets: 500074, ifIndex: 0}, TetherStatsParcel{iface: v4-ccmni2, rxBytes: 269024249, rxPackets: 259951, txBytes: 25090607, txPackets: 101783, ifIndex: 0}, TetherStatsParcel{iface: v4-ccmni3, rxBytes: 40752930, rxPackets: 39294, txBytes: 6013669, txPackets: 24211, ifIndex: 0}, TetherStatsParcel{iface: wlan0, rxBytes: 2680895786, rxPackets: 2371268, txBytes: 675196317, txPackets: 1518260, ifIndex: 0}]} <5.99ms>
04-04 23:38:30.160  1694  3410 W ForegroundServiceTypeLoggerModule: Foreground service start for UID: 10247 does not have any types
04-04 23:38:30.161 15345 15345 I WorkService: Moved work service to foreground
04-04 23:38:30.161 15345 15345 I btl     : Starting the handler for work type: HANDLE_CONTENT_PROTECTION
04-04 23:38:30.161 15345 15345 I WorkService: Work service returning from onStartCommand, work count: 1
04-04 23:38:30.162 15345 15360 I bss     : Starting CP from work service for com.smartbus.app
04-04 23:38:28.507   239   239 I [DISP]mtk_dsi_esd_cmp: expect[0x0], read[0x0]
04-04 23:38:28.507   239   239 I [DISP]mtk_dsi_esd_cmp: expect[0x0], read[0x0]
04-04 23:38:30.190  1055  1084 W android.hardware.thermal-service.mediatek: parseMsg: Get from client TYPE=thermal_hal_notify NAME=SKIN
04-04 23:38:30.190  1055  1084 W android.hardware.thermal-service.mediatek: parseMsg:name.c_str():SKIN
04-04 23:38:30.190  1055  1084 W android.hardware.thermal-service.mediatek: parseMsg:tz notify:SKIN
04-04 23:38:30.190  1055  1084 I android.hardware.thermal-service.mediatek: Wait to accept a connection
04-04 23:38:30.191  1055  1084 I android.hardware.thermal-service.mediatek: Sending notification:  Type: SKIN Name: SKIN CurrentValue: 39.582 ThrottlingStatus: LIGHT
04-04 23:38:30.191  1055  1084 I android.hardware.thermal-service.mediatek: sendThermalChangedCallback
04-04 23:38:30.202  2907  3044 W BluetoothMetricsLogger: MetricsLogger isn't initialized
04-04 23:38:30.203  2907  3044 W BluetoothMetricsLogger: MetricsLogger isn't initialized
04-04 23:38:30.203  2907  3044 E ScannerMap: Context not found for ID 4
04-04 23:38:30.206  9606  6456 I NearbyDiscovery: (REDACTED) BloomFilterAdvManager: Detected bloom filter but too far away, ignoring. %sm, %s
04-04 23:38:30.217 15345 15360 I le.android.odad: AssetManager2(0xb400007c40c56ed8) locale list changing from [] to [en-GB]
04-04 23:38:30.244   512   512 I lowmemorykiller: nr_free_pages: 49758 nr_inactive_file: 176726 nr_active_file: 105769 workingset_refault: 3863992812 pgscan_kswapd: 6159270369 pgscan_direct: 236528245 pgscan_direct_throttle: 4634 init_pgscan_direct: 236509902 init_pgscan_kswapd: 6159263521 base_file_lru: 278152 init_ws_refault: 3863981870 free_swap: 687155 total_swap: 1572863 swap_free_percentage: 43%
04-04 23:38:30.269 15345 15360 I bzu     : Finished handling login for package: com.smartbus.app, latency: PT0.283S, events: 12, score: 0.0, verdict: NOT_HARMFUL
04-04 23:38:30.276 15345 15367 I btl     : Finished work type: HANDLE_CONTENT_PROTECTION, success: true, latency: PT0.11S
04-04 23:38:30.276 15345 15345 I WorkService: Stopping the work service
04-04 23:38:30.277  1694  3410 W ForegroundServiceTypeLoggerModule: FGS stop call for: 10247 has no types!
04-04 23:38:30.278 15345 15345 I WorkService: Work service moved out of the foreground
04-04 23:38:30.280 15345 15345 I WorkService: Work service destroyed
04-04 23:38:30.280 15345 15345 I ckj     : Stopping watchdog: work-service, completed in time
04-04 23:38:30.420  1056  1077 I mtkpower@impl: [setMode] type:6, enabled:0
04-04 23:38:30.420  1056  1077 E mtkpower@impl: [setMode] unknown type
04-04 23:38:30.423  1694  1745 I PowerHalWrapper: amsBoostNotify pid:15219,activity:com.smartbus.app.activities.SplashActivity, package:com.smartbus.app, mProcessCreatePackcom.smartbus.app 
04-04 23:38:30.423  1694  1745 I PowerHalWrapper: state: 0 
04-04 23:38:30.423  1694  1745 I mtkpower_client: [PowerHal_Wrap_notifyAppState] com.smartbus.app/com.smartbus.app.activities.SplashActivity pid=15219 activityId:54642005 state:0
04-04 23:38:30.424  1054  1054 I IPCThreadState: oneway function results for code 2 on binder at 0xb4000071fd5d4110 will be dropped but finished with status UNKNOWN_TRANSACTION
04-04 23:38:30.424  1054  1054 I vendor.mediatek.hardware.mtkpower_applist-service.mediatek: packName: com.smartbus.app actName: com.smartbus.app.activities.SplashActivity pid: 15219 uid: 10419 state: 0
04-04 23:38:30.424  1054  1054 I MTK_APPList: [notifyAPPstate] com.smartbus.app/com.smartbus.app.activities.SplashActivity, pid=15219, uid=10419, state:PAUSED, fps:-1, win:1
04-04 23:38:30.424  1054  1054 I MTK_APPList: [notifyAPPstate] multi_resumed_app_count: 5
04-04 23:38:30.424  1054  1054 I MTK_APPList: [notifyAPPstate] multi_resumed_app_info[0] com.android.systemui/com.android.systemui._51596708, pid:2121, fps:120, isMultiWindow:1
04-04 23:38:30.424  1054  1054 I MTK_APPList: [notifyAPPstate] multi_resumed_app_info[1] com.android.systemui/com.android.systemui._207002783, pid:2121, fps:-1, isMultiWindow:1
04-04 23:38:30.424  1054  1054 I MTK_APPList: [notifyAPPstate] multi_resumed_app_info[2] com.android.systemui/com.android.systemui._18945189, pid:2121, fps:120, isMultiWindow:1
04-04 23:38:30.424  1054  1054 I MTK_APPList: [notifyAPPstate] multi_resumed_app_info[3] com.android.systemui/com.android.systemui._33617838, pid:2121, fps:-1, isMultiWindow:1
04-04 23:38:30.424  1054  1054 I MTK_APPList: [notifyAPPstate] multi_resumed_app_info[4] com.smartbus.app/com.smartbus.app.activities.LoginActivity, pid:15219, fps:-1, isMultiWindow:1
04-04 23:38:30.424  1054  1054 I MTK_APPList: [getForegroundAPPCount] 5
04-04 23:38:30.424  1054  1054 I MTK_APPList: [notifyNetdUID] 10419
04-04 23:38:30.425  1096  1096 I SurfaceFlinger: onHandleDestroyed: layerId=287548, name=2a8573f ActivityRecordInputSink com.smartbus.app/.activities.SplashActivity#287548
04-04 23:38:30.426  1694  1745 I PowerHalWrapper: amsBoostNotify AMS_BOOST_PROCESS_CREATE_BOOST:true 
04-04 23:38:30.427  1054  1054 I MTK_APPList: [notifyPID] 15219
04-04 23:38:30.427  1056  1142 I libPowerHal: [perfSetSysInfo] pid type:24, 15219
04-04 23:38:28.755   513   513 E SELinux : avc:  denied  { find } for pid=1694 uid=1000 name=vendor.mediatek.hardware.gpuserv.IGpuService/default scontext=u:r:system_server:s0 tcontext=u:object_r:mtk_hal_gpuserv_service:s0 tclass=service_manager permissive=0
04-04 23:38:30.429  1694  3395 W WindowManager: lockNow pending, ignore updating lockscreen timeout
04-04 23:38:30.438 15219 15219 W WindowOnBackDispatcher: sendCancelIfRunning: isInProgress=false callback=android.view.ViewRootImpl$$ExternalSyntheticLambda12@a39f240
04-04 23:38:30.441  1694  3395 W WindowManager: lockNow pending, ignore updating lockscreen timeout
04-04 23:38:30.448  1056  1142 I mtkpower@impl: [powerd_req] TIMER_MSG_PERF_LOCK_TIMEOUT hdl:356278
04-04 23:38:30.448  1056  1142 I libPowerHal: [perfLockRel] hdl:356278, idx:2
04-04 23:38:30.448  1056  1142 I libPowerHal: [PD] MTKPOWER_HINT_EXT_LAUNCH update cmd:1408300 param:0
04-04 23:38:30.450  1096  1096 I SurfaceFlinger: onHandleDestroyed: layerId=287550, name=726ff4a com.smartbus.app/com.smartbus.app.activities.SplashActivity#287550
04-04 23:38:30.450  1096  1096 I SurfaceFlinger: onHandleDestroyed: layerId=287551, name=com.smartbus.app/com.smartbus.app.activities.SplashActivity#287551
04-04 23:38:30.451  1056  1142 I libPowerHal: [PD] MTKPOWER_HINT_EXT_LAUNCH update cmd:1000000 param:-1
04-04 23:38:30.454  1096  2783 I SurfaceFlinger: onHandleDestroyed: layerId=287562, name=Transition Root: ActivityRecord{94719703 u0 com.smartbus.app/.activities.LoginActivity t6329}#287562
04-04 23:38:30.460  2907  3044 W BluetoothMetricsLogger: MetricsLogger isn't initialized
04-04 23:38:30.461  2907  3044 W BluetoothMetricsLogger: MetricsLogger isn't initialized
04-04 23:38:30.462  2907  3044 E ScannerMap: Context not found for ID 4
04-04 23:38:30.464  9606  6456 I NearbyDiscovery: (REDACTED) BloomFilterAdvManager: Detected bloom filter but too far away, ignoring. %sm, %s
04-04 23:38:30.521  2907  3044 W BluetoothMetricsLogger: MetricsLogger isn't initialized
04-04 23:38:30.521  2907  3044 W BluetoothMetricsLogger: MetricsLogger isn't initialized
04-04 23:38:30.522  2907  3044 E ScannerMap: Context not found for ID 4
04-04 23:38:30.592  2634  2634 W dataInfoSend: type=1400 audit(0.0:611773613): avc:  denied  { bpf } for  capability=39  scontext=u:r:bpfloader:s0 tcontext=u:r:bpfloader:s0 tclass=capability2 permissive=0
04-04 23:38:30.592  2634  2634 W dataInfoSend: type=1400 audit(0.0:611773614): avc:  denied  { bpf } for  capability=39  scontext=u:r:bpfloader:s0 tcontext=u:r:bpfloader:s0 tclass=capability2 permissive=0
04-04 23:38:30.592  2634  2634 W dataInfoSend: type=1400 audit(0.0:611773615): avc:  denied  { bpf } for  capability=39  scontext=u:r:bpfloader:s0 tcontext=u:r:bpfloader:s0 tclass=capability2 permissive=0
04-04 23:38:30.596  2634  2634 W dataInfoSend: type=1400 audit(0.0:611773616): avc:  denied  { bpf } for  capability=39  scontext=u:r:bpfloader:s0 tcontext=u:r:bpfloader:s0 tclass=capability2 permissive=0
04-04 23:38:30.596  2634  2634 W dataInfoSend: type=1400 audit(0.0:611773617): avc:  denied  { bpf } for  capability=39  scontext=u:r:bpfloader:s0 tcontext=u:r:bpfloader:s0 tclass=capability2 permissive=0
04-04 23:38:28.929 19509 19509 W audit   : audit_lost=610680392 audit_rate_limit=5 audit_backlog_limit=64
04-04 23:38:28.929 19509 19509 E audit   : rate limit exceeded
04-04 23:38:30.714  2907  3044 W BluetoothMetricsLogger: MetricsLogger isn't initialized
04-04 23:38:30.714  2907  3044 W BluetoothMetricsLogger: MetricsLogger isn't initialized
04-04 23:38:30.715  2907  3044 E ScannerMap: Context not found for ID 4
04-04 23:38:30.718  9606  6456 I NearbyDiscovery: (REDACTED) BloomFilterAdvManager: Detected bloom filter but too far away, ignoring. %sm, %s
04-04 23:38:29.112   518   518 I logd    : logdr: UID=2000 GID=2000 PID=15368 n tail=0 logMask=99 pid=0 start=0ns deadline=0ns
04-04 23:38:30.793  1055  1055 I android.hardware.thermal-service.mediatek: getTemperaturesWithType TemperatureType: 3
04-04 23:38:29.139  1424  1424 I         : [DISP]mtk_drm_crtc_mode_check++ from 1 to 0
04-04 23:38:30.794  1055  1055 W android.hardware.thermal-service.mediatek: i=0 tz_data[i].tz_idx[0]=10
04-04 23:38:30.794  1055  1055 W android.hardware.thermal-service.mediatek: i=1 tz_data[i].tz_idx[0]=10
04-04 23:38:30.794  1055  1055 W android.hardware.thermal-service.mediatek: i=2 tz_data[i].tz_idx[0]=7
04-04 23:38:30.794  1055  1055 W android.hardware.thermal-service.mediatek: i=3 tz_data[i].tz_idx[0]=56
04-04 23:38:30.794  1055  1055 I android.hardware.thermal-service.mediatek: fill_temperatures filterType1 name: SKIN type: SKIN throttlingStatus: LIGHT value: 39.582 ret_temps size 0
04-04 23:38:30.794  1055  1055 W android.hardware.thermal-service.mediatek: i=4 tz_data[i].tz_idx[0]=0
04-04 23:38:30.794  1055  1055 W android.hardware.thermal-service.mediatek: i=5 tz_data[i].tz_idx[0]=51
04-04 23:38:30.794  1055  1055 W android.hardware.thermal-service.mediatek: i=6 tz_data[i].tz_idx[0]=-1
04-04 23:38:30.794  1055  1055 W android.hardware.thermal-service.mediatek: i=7 tz_data[i].tz_idx[0]=-1
04-04 23:38:30.794  1055  1055 W android.hardware.thermal-service.mediatek: i=8 tz_data[i].tz_idx[0]=-1
04-04 23:38:30.794  1055  1055 W android.hardware.thermal-service.mediatek: i=9 tz_data[i].tz_idx[0]=10
04-04 23:38:30.794  1055  1055 W android.hardware.thermal-service.mediatek: i=10 tz_data[i].tz_idx[0]=10
04-04 23:38:30.794  1055  1055 W android.hardware.thermal-service.mediatek: i=11 tz_data[i].tz_idx[0]=-1
04-04 23:38:30.794  1055  1055 W android.hardware.thermal-service.mediatek: i=12 tz_data[i].tz_idx[0]=-1
04-04 23:38:30.794  1055  1055 W android.hardware.thermal-service.mediatek: i=13 tz_data[i].tz_idx[0]=10
04-04 23:38:30.801  1096 15816 E SurfaceFlinger: MtkDuration override mode is disabled
04-04 23:38:30.801  1096 15816 I PowerHalWrapper: updateFps(): 60
04-04 23:38:30.806  1032  1070 I hwcomposer: [HWCDisplay] (0) setActiveConfigWithConstraints config:0  
04-04 23:38:30.806  1032  1070 I hwcomposer: [HWCDisplay] setActiveConfigWithConstraints(), now 469733690483382, diff 474462, estimated_applied_time 8333333 queued_size:0  
04-04 23:38:30.810  2907  3044 W BluetoothMetricsLogger: MetricsLogger isn't initialized
04-04 23:38:30.810  2907  3044 W BluetoothMetricsLogger: MetricsLogger isn't initialized
04-04 23:38:30.811  2907  3044 E ScannerMap: Context not found for ID 4
04-04 23:38:30.813  1096  1096 I PowerHalWrapper: updateFps(): 60
04-04 23:38:30.813  1096  1096 I PowerHalWrapper: mEnableMultiDisplayMode enable=0 fps=60
04-04 23:38:30.813  1096  1096 I mtkpower_client: PowerHal_Wrap_EnableMultiDisplayMode, enable:0 fps:60 CurMultiDisplayMode:-1
04-04 23:38:30.814  1096  1096 I PowerHalWrapper: updateFps(): 60
04-04 23:38:30.817  1032  1464 I hwcomposer: [HWCDisplay] updateAppliedConfigState: applied config complete[idx:29564, config:0]  
04-04 23:38:29.139  1424  1424 I         : [DISP]mtk_crtc_disp_mode_switch_begin++ from 1 to 0
04-04 23:38:29.139  1424  1424 I         : [DISP]mtk_crtc_disp_mode_switch_begin++ from 120 to 60
04-04 23:38:29.139  1424  1424 I [DISP][fps]: drm_invoke_fps_chg_callbacks,new_fps =60
04-04 23:38:29.139   247   247 I         : [DISP]mtk_drm_mode_switch_thread++
04-04 23:38:29.140   247   247 I         : [DISP]mtk_drm_mode_switch_thread--
04-04 23:38:29.140  1424  1424 I         : [DISP]mtk_crtc_disp_mode_switch_begin--
