04-04 23:38:28.206 15085 15151 E fb4a.ColdstartExperimentsController: 	at X.7NU.A0O(Unknown Source:3)
04-04 23:38:28.206 15085 15151 E fb4a.ColdstartExperimentsController: 	at X.7NU.A1Z(Unknown Source:3)
04-04 23:38:28.206 15085 15151 E fb4a.ColdstartExperimentsController: 	at X.2Ly.A01(Unknown Source:3468)
04-04 23:38:28.206 15085 15151 E fb4a.ColdstartExperimentsController: 	at X.2Ly.run(Unknown Source:1835)
04-04 23:38:28.206 15085 15151 E fb4a.ColdstartExperimentsController: 	at X.2ML.call(Unknown Source:241)
04-04 23:38:28.206 15085 15151 E fb4a.ColdstartExperimentsController: 	at java.util.concurrent.FutureTask.run(FutureTask.java:317)
04-04 23:38:28.206 15085 15151 E fb4a.ColdstartExperimentsController: 	at X.cdd.A00(Unknown Source:19)
04-04 23:38:28.206 15085 15151 E fb4a.ColdstartExperimentsController: 	at X.1Vw.call(Unknown Source:48)
04-04 23:38:28.206 15085 15151 E fb4a.ColdstartExperimentsController: 	at java.util.concurrent.FutureTask.run(FutureTask.java:317)
04-04 23:38:28.206 15085 15151 E fb4a.ColdstartExperimentsController: 	at X.1Vn.run(Unknown Source:2)
04-04 23:38:28.206 15085 15151 E fb4a.ColdstartExperimentsController: 	at X.1C3.run(Unknown Source:2)
04-04 23:38:28.206 15085 15151 E fb4a.ColdstartExperimentsController: 	at java.util.concurrent.ThreadPoolExecutor.runWorker(ThreadPoolExecutor.java:1154)
04-04 23:38:28.206 15085 15151 E fb4a.ColdstartExperimentsController: 	at java.util.concurrent.ThreadPoolExecutor$Worker.run(ThreadPoolExecutor.java:652)
04-04 23:38:28.206 15085 15151 E fb4a.ColdstartExperimentsController: 	at X.1C8.run(Unknown Source:3)
04-04 23:38:28.206 15085 15151 E fb4a.ColdstartExperimentsController: 	at X.1CF.run(Unknown Source:17)
04-04 23:38:28.206 15085 15151 E fb4a.ColdstartExperimentsController: 	at java.lang.Thread.run(Thread.java:1564)
04-04 23:38:28.234  1694  2424 I PowerHalWrapper: amsBoostStop AMS_BOOST_PACK_SWITCH:false, AMS_BOOST_ACT_SWITCH:false, AMS_BOOST_PROCESS_CREATE:true, AMS_BOOST_PROCESS_CREATE_FOR_GAME:false, AMS_BOOST_HOT_LAUNCH:false 
04-04 23:38:28.234  1056  1077 I mtkpower@impl: [setMode] type:5, enabled:0
04-04 23:38:28.234  1056  1077 I libPowerHal: [mtkPowerHint] hint:21, hold:6000, ext:30, ext_hold:30000
04-04 23:38:28.236  1056  1142 I libPowerHal: [perfLockRel] hdl:356271, idx:2
04-04 23:38:28.238  1056  1142 I libPowerHal: [perfLockAcq] idx:4 hdl:356273 hint:21 pid:1056 tid:1056 duration:6000 lock_user:vendor.mediatek => ret_hdl:356273
04-04 23:38:28.238  1056  1142 I libPowerHal: [setClusterFreq] MTKPOWER_HINT_PROCESS_CREATE set cpufreq[0] min:2000000 max:-1 cpufreq[1] min:2500000 max:-1 
04-04 23:38:28.238  1056  1142 I libPowerHal: [perfLockRel] hdl:356272, idx:3
04-04 23:38:28.238  1056  1142 I libPowerHal: [perfLockAcq] idx:6 hdl:356274 hint:30 pid:1056 tid:1056 duration:30000 lock_user:vendor.mediatek => ret_hdl:356274
04-04 23:38:28.244   512   512 I lowmemorykiller: nr_free_pages: 33013 nr_inactive_file: 214934 nr_active_file: 83952 workingset_refault: 3863970930 pgscan_kswapd: 6159224604 pgscan_direct: 236528245 pgscan_direct_throttle: 4634 init_pgscan_direct: 236509902 init_pgscan_kswapd: 6159217140 base_file_lru: 309366 init_ws_refault: 3863907781 free_swap: 679807 total_swap: 1572863 swap_free_percentage: 43%
04-04 23:38:28.252 15085 15138 W OptimizationRunner: Using cached optimization plans for 2 configurations
04-04 23:38:28.253 15085 15138 W ExperimentConfigurator: onAppStartFinished completed: 0 configs executed
04-04 23:38:28.264  1096  1165 I SurfaceFlinger: onHandleDestroyed: layerId=287531, name=Surface(name=Task=6325)/@0xff31478_transition-leash#287531
04-04 23:38:28.264  1096  1474 I SurfaceFlinger: onHandleDestroyed: layerId=287532, name=Surface(name=Task=1)/@0x78c7751_transition-leash#287532
04-04 23:38:28.264  1096  1164 I SurfaceFlinger: onHandleDestroyed: layerId=287533, name=Surface(name=WallpaperWindowToken{5bc13d8 showWhenLocked=false})/@0xccfabb6_transition-leash#287533
04-04 23:38:28.265  1096  1165 I SurfaceFlinger: onHandleDestroyed: layerId=287538, name=Surface(name=988df com.whatsapp.w4b/com.whatsapp.Conversation)/@0x6e8706 - animation-leash of starting_reveal#287538
04-04 23:38:28.270  2121  2128 W System  : A resource failed to call release. 
04-04 23:38:28.270  2121  2128 W System  : A resource failed to call release. 
04-04 23:38:28.290 15085 15150 W HWUI    : Image decoding logging dropped!
04-04 23:38:28.292 15085 15150 W HWUI    : Image decoding logging dropped!
04-04 23:38:28.316 15085 15138 W fb4a.ServiceInfoParser: X.4zo: Service com.facebook.browser.lite.BrowserLiteInMainProcessIntentService is missing meta key com.facebook.common.jobscheduler.compat.jobIds
04-04 23:38:28.317 15085 15138 W fb4a.ServiceInfoParser: X.4zo: Service com.facebook.businessintegrity.cloakingdetection.service.CloakingDetectionService is missing meta key com.facebook.common.jobscheduler.compat.jobIds
04-04 23:38:28.317 15085 15138 W fb4a.ServiceInfoParser: X.4zo: Service com.facebook.contacts.service.ContactLocaleChangeService is missing meta key com.facebook.common.jobscheduler.compat.jobIds
04-04 23:38:28.317 15085 15138 W fb4a.ServiceInfoParser: X.4zo: Service com.facebook.falco.jobscheduler.FFJobService is missing meta key com.facebook.common.jobscheduler.compat.jobIds
04-04 23:38:28.317 15085 15138 W fb4a.ServiceInfoParser: X.4zo: Service com.facebook.registration.notification.RegistrationNotificationService is missing meta key com.facebook.common.jobscheduler.compat.jobIds
04-04 23:38:28.317 15085 15138 W fb4a.ServiceInfoParser: X.4zo: Service com.facebook.notifications.appwidget.bugreporter.NotificationsWidgetDebugHelper is missing meta key com.facebook.common.jobscheduler.compat.jobIds
04-04 23:38:28.317 15085 15138 W fb4a.ServiceInfoParser: X.4zo: Service com.facebook.account.login.notification.LoginNotificationService is missing meta key com.facebook.common.jobscheduler.compat.jobIds
04-04 23:38:28.317 15085 15138 W fb4a.ServiceInfoParser: X.4zo: Service com.facebook.compost.service.CompostNotificationService is missing meta key com.facebook.common.jobscheduler.compat.jobIds
04-04 23:38:28.318 15085 15138 W fb4a.ServiceInfoParser: X.4zo: Service com.facebook.battery.monitor.ContinuousBatteryMonitorService is missing meta key com.facebook.common.jobscheduler.compat.jobIds
04-04 23:38:28.318 15085 15138 W fb4a.ServiceInfoParser: X.4zo: Service com.facebook.googleplay.GooglePlayInstallRefererService is missing meta key com.facebook.common.jobscheduler.compat.jobIds
04-04 23:38:28.318 15085 15138 W fb4a.ServiceInfoParser: X.4zo: Service com.facebook.glc.GLCService is missing meta key com.facebook.common.jobscheduler.compat.jobIds
04-04 23:38:28.318 15085 15138 W fb4a.ServiceInfoParser: X.4zo: Service com.facebook.papaya.fb.client.services.FBPapayaJobService is missing meta key com.facebook.common.jobscheduler.compat.jobIds
04-04 23:38:28.318 15085 15138 W fb4a.ServiceInfoParser: X.4zo: Service com.google.android.datatransport.runtime.scheduling.jobscheduling.JobInfoSchedulerService is missing meta key com.facebook.common.jobscheduler.compat.jobIds
04-04 23:38:28.318 15085 15138 W fb4a.ServiceInfoParser: X.4zo: Service com.facebook.push.fcm.FcmRegistrarFbJobIntentService is missing meta key com.facebook.common.jobscheduler.compat.jobIds
04-04 23:38:28.319 15085 15138 W fb4a.ServiceInfoParser: X.4zo: Service com.facebook.push.fbpushdata.common.FbPushDataHandlerService is missing meta key com.facebook.common.jobscheduler.compat.jobIds
04-04 23:38:28.319 15085 15138 W fb4a.ServiceInfoParser: X.4zo: Service com.facebook.conditionalworker.ConditionalWorkerService is missing meta key com.facebook.common.jobscheduler.compat.jobIds
04-04 23:38:28.319 15085 15138 W fb4a.ServiceInfoParser: X.4zo: Service com.facebook.messaging.notify.client.MessagesNotificationService is missing meta key com.facebook.common.jobscheduler.compat.jobIds
04-04 23:38:28.319 15085 15138 W fb4a.ServiceInfoParser: X.4zo: Service com.facebook.confirmation.notification.ConfirmationNotificationService is missing meta key com.facebook.common.jobscheduler.compat.jobIds
04-04 23:38:28.319 15085 15138 W fb4a.ServiceInfoParser: X.4zo: Service com.facebook.voltron.download.scheduledinstaller.OxygenScheduledInstallerJobService is missing meta key com.facebook.common.jobscheduler.compat.jobIds
04-04 23:38:28.320 15085 15138 W fb4a.ServiceInfoParser: X.4zo: Service com.facebook.messaging.prefs.notifications.NotificationPrefsSyncService is missing meta key com.facebook.common.jobscheduler.compat.jobIds
04-04 23:38:28.320 15085 15138 W fb4a.ServiceInfoParser: X.4zo: Service com.facebook.push.adm.ADMService is missing meta key com.facebook.common.jobscheduler.compat.jobIds
04-04 23:38:28.320 15085 15138 W fb4a.ServiceInfoParser: X.4zo: Service com.facebook.push.adm.ADMBroadcastReceiverJobBase is missing meta key com.facebook.common.jobscheduler.compat.jobIds
04-04 23:38:28.320 15085 15138 W fb4a.ServiceInfoParser: X.4zo: Service com.facebook.push.adm.ADMJobIntentService is missing meta key com.facebook.common.jobscheduler.compat.jobIds
04-04 23:38:28.320 15085 15138 W fb4a.ServiceInfoParser: X.4zo: Service com.facebook.push.negativefeedback.PushNegativeFeedbackFbJobIntentService is missing meta key com.facebook.common.jobscheduler.compat.jobIds
04-04 23:38:28.320 15085 15138 W fb4a.ServiceInfoParser: X.4zo: Service com.facebook.push.registration.RegistrarHelperService is missing meta key com.facebook.common.jobscheduler.compat.jobIds
04-04 23:38:28.321 15085 15138 W fb4a.ServiceInfoParser: X.4zo: Service com.facebook.feed.platformads.AppInstallService is missing meta key com.facebook.common.jobscheduler.compat.jobIds
04-04 23:38:28.321 15085 15138 W fb4a.ServiceInfoParser: X.4zo: Service com.google.android.gms.analytics.AnalyticsJobService is missing meta key com.facebook.common.jobscheduler.compat.jobIds
04-04 23:38:28.321 15085 15138 W fb4a.ServiceInfoParser: X.4zo: Service com.facebook.oxygen.preloads.sdk.firstparty.managedappcache.IsManagedAppCacheJobService is missing meta key com.facebook.common.jobscheduler.compat.jobIds
04-04 23:38:28.321 15085 15138 W fb4a.ServiceInfoParser: X.4zo: Service com.facebook.videolite.api.VideoUploadJobService is missing meta key com.facebook.common.jobscheduler.compat.jobIds
04-04 23:38:28.321 15085 15138 W fb4a.ServiceInfoParser: X.4zo: Service com.facebook.videolite.api.jobscheduler.UploadJobSchedulerService is missing meta key com.facebook.common.jobscheduler.compat.jobIds
04-04 23:38:28.322 15085 15138 W fb4a.ServiceInfoParser: X.4zo: Service androidx.work.impl.background.systemjob.SystemJobService is missing meta key com.facebook.common.jobscheduler.compat.jobIds
04-04 23:38:28.322 15085 15138 W fb4a.ServiceInfoParser: X.4zo: Service com.facebook.push.mqtt.service.MqttPushHelperService is missing meta key com.facebook.common.jobscheduler.compat.jobIds
04-04 23:38:28.322 15085 15138 W fb4a.ServiceInfoParser: X.4zo: Service com.facebook.reportaproblem.base.bugreport.BugReportUploadService is missing meta key com.facebook.common.jobscheduler.compat.jobIds
04-04 23:38:28.322 15085 15138 W fb4a.ServiceInfoParser: X.4zo: Service com.facebook.appcomponentmanager.AppComponentManagerService is missing meta key com.facebook.common.jobscheduler.compat.jobIds
04-04 23:38:28.322 15085 15138 W fb4a.ServiceInfoParser: X.4zo: Service com.facebook.fbservice.service.BlueServiceJobIntentService is missing meta key com.facebook.common.jobscheduler.compat.jobIds
04-04 23:38:28.322 15085 15138 W fb4a.ServiceInfoParser: X.4zo: Service com.facebook.delayedworker.DelayedWorkerService is missing meta key com.facebook.common.jobscheduler.compat.jobIds
04-04 23:38:28.323 15085 15138 W fb4a.ServiceInfoParser: X.4zo: Service com.facebook.analytics2.logger.service.LollipopUploadSafeService is missing meta key com.facebook.common.jobscheduler.compat.jobIds
04-04 23:38:28.323 15085 15138 W fb4a.ServiceInfoParser: X.4zo: Service com.facebook.analytics2.logger.legacy.uploader.LollipopUploadService is missing meta key com.facebook.common.jobscheduler.compat.jobIds
04-04 23:38:28.323 15085 15138 W fb4a.ServiceInfoParser: X.4zo: Service com.facebook.analytics2.logger.legacy.uploader.Analytics2UploadService is missing meta key com.facebook.common.jobscheduler.compat.jobIds
04-04 23:38:28.325 14451 14455 W ista.app:plugin: userfaultfd: MOVE ioctl seems unsupported: Connection timed out
04-04 23:38:28.344   512   512 I lowmemorykiller: nr_free_pages: 59913 nr_inactive_file: 188139 nr_active_file: 89574 workingset_refault: 3863975428 pgscan_kswapd: 6159256865 pgscan_direct: 236528245 pgscan_direct_throttle: 4634 init_pgscan_direct: 236509902 init_pgscan_kswapd: 6159224604 base_file_lru: 298886 init_ws_refault: 3863970930 free_swap: 676211 total_swap: 1572863 swap_free_percentage: 42%
04-04 23:38:26.682 21458 21458 I [wlan][21458]soc7_0ForceEnableHostCsrIrq: (HAL INFO) RD 0x7c0601a4 = 00000000
04-04 23:38:26.682 21458 21458 I [wlan][21458]soc7_0ForceEnableHostCsrIrq: (HAL INFO) WR 0x7c0601a4 = 00000001
04-04 23:38:26.683 21458 21458 I [wlan][21458]soc7_0ForceEnableHostCsrIrq: (HAL INFO) RD 0x7c011000 = 02050401
04-04 23:38:26.683 21458 21458 I [wlan][21458]soc7_0ForceEnableHostCsrIrq: (HAL INFO) RD 0x7c001210 = 00010002
04-04 23:38:26.683 21458 21458 I [wlan][21458]soc7_0ForceEnableHostCsrIrq: (HAL INFO) RD 0x7c001600 = 000003ff
04-04 23:38:26.683 21458 21458 I [wlan][21458]soc7_0ForceEnableHostCsrIrq: (HAL INFO) WR 0x7c001600 = 0x3FF
04-04 23:38:26.683 21458 21458 I [wlan][21458]soc7_0ForceEnableHostCsrIrq: (HAL INFO) RD 0x7c001600 = 000003ff
04-04 23:38:26.683 21458 21458 I [wlan][21458]soc7_0ForceEnableHostCsrIrq: (HAL INFO) RD 0x7c0601a4 = 00000001
04-04 23:38:26.683 21458 21458 I [wlan][21458]soc7_0ForceEnableHostCsrIrq: (HAL INFO) WR 0x7c0601a4 = 00000000
04-04 23:38:26.684 21457 21457 I [wlan][21457]statsParsePktInfo: (RX INFO) <RX><IPv6> ICMPV6 Neighbor Solicitation SSN:3504
04-04 23:38:26.685     0     0 I [    C1] [wlan][14455]statsParsePktInfo: (TX INFO) <TX><IPv6> ICMPV6 packet
04-04 23:38:26.685 21457 21457 I [wlan][21457]nic_txd_v2_compose: (TX INFO) TX[ICMPV6] WIDX[6] PID[31]
04-04 23:38:26.685 21457 21457 I [wlan][21457]wlanPktTxDone: (TX INFO) TX DONE, Type[ICMPV6] Tag[0x5e014500] WIDX:PID[6:31] SN[2019] Status[0], SeqNo: 38
04-04 23:38:28.429 15085 15148 E fb4a.AppState: Returning default for firstRunInfo
04-04 23:38:28.431 15085 15148 E fb4a.AppState: Returning default for firstRunInfo
04-04 23:38:28.432 15085 15151 W fb4a.AppInfoCore: [AI] Package not found when getting package info
04-04 23:38:28.434 15085 15148 E fb4a.AppState: Returning default for firstRunInfo
04-04 23:38:26.763 21458 21458 I [wlan][21458]halSetFWOwn: (INIT INFO) FW OWN:1, IntSta:0x00000005
04-04 23:38:28.442 15085 15138 W fb4a.ReqContexts: fail() skipped
04-04 23:38:28.444   512   512 I lowmemorykiller: nr_free_pages: 66421 nr_inactive_file: 181520 nr_active_file: 90648 workingset_refault: 3863976221 pgscan_kswapd: 6159263521 pgscan_direct: 236528245 pgscan_direct_throttle: 4634 init_pgscan_direct: 236509902 init_pgscan_kswapd: 6159256865 base_file_lru: 298886 init_ws_refault: 3863970930 free_swap: 678643 total_swap: 1572863 swap_free_percentage: 43%
04-04 23:38:28.452 15085 15151 W fb4a.AppInfoCore: [AI] Package not found when getting package info
04-04 23:38:28.453 15085 15138 W fb4a.AppInfoCore: [AI] Package not found when getting package info
04-04 23:38:28.455 15085 15151 W fb4a.AppInfoCore: [AI] Package not found when getting package info
04-04 23:38:26.785 21458 21458 I [wlan][21458]soc7_0ForceEnableHostCsrIrq: (HAL INFO) RD 0x7c0601a4 = 00000000
04-04 23:38:26.785 21458 21458 I [wlan][21458]soc7_0ForceEnableHostCsrIrq: (HAL INFO) WR 0x7c0601a4 = 00000001
04-04 23:38:28.457 15085 15150 W fb4a.AppInfoCore: [AI] Package not found when getting package info
04-04 23:38:26.786 21458 21458 I [wlan][21458]soc7_0ForceEnableHostCsrIrq: (HAL INFO) RD 0x7c011000 = 02050401
04-04 23:38:26.786 21458 21458 I [wlan][21458]soc7_0ForceEnableHostCsrIrq: (HAL INFO) RD 0x7c001210 = 00010002
04-04 23:38:26.786 21458 21458 I [wlan][21458]soc7_0ForceEnableHostCsrIrq: (HAL INFO) RD 0x7c001600 = 000003ff
04-04 23:38:26.786 21458 21458 I [wlan][21458]soc7_0ForceEnableHostCsrIrq: (HAL INFO) WR 0x7c001600 = 0x3FF
04-04 23:38:26.786 21458 21458 I [wlan][21458]soc7_0ForceEnableHostCsrIrq: (HAL INFO) RD 0x7c001600 = 000003ff
04-04 23:38:26.786 21458 21458 I [wlan][21458]soc7_0ForceEnableHostCsrIrq: (HAL INFO) RD 0x7c0601a4 = 00000001
04-04 23:38:26.786 21458 21458 I [wlan][21458]soc7_0ForceEnableHostCsrIrq: (HAL INFO) WR 0x7c0601a4 = 00000000
04-04 23:38:28.495 15085 15154 E ActivityThread: Failed to find provider info for com.android.launcher3.cornermark.unreadbadge
04-04 23:38:28.506 15085 15139 W fb4a.InitStatus: Not blocking Provider (30838982)
04-04 23:38:28.506 15085 15139 W fb4a.InitStatus: Not blocking Provider (30838982)
04-04 23:38:28.514 15085 15150 I NtAudioManager: getStreamVolume streamType :1, pkg :com.facebook.katana, index :16
04-04 23:38:28.515 15085 15148 W fb4a.AppInfoCore: [AI] Package not found when getting package info
04-04 23:38:28.522  2907  3044 W BluetoothMetricsLogger: MetricsLogger isn't initialized
04-04 23:38:28.522  2907  3044 W BluetoothMetricsLogger: MetricsLogger isn't initialized
04-04 23:38:28.522  2907  3044 E ScannerMap: Context not found for ID 4
04-04 23:38:28.529 15085 15253 W fb4a.AppInfoCore: [AI] Package not found when getting package info
04-04 23:38:28.531 15085 15139 W fb4a.AppInfoCore: [AI] Package not found when getting package info
04-04 23:38:28.531 15085 15139 W fb4a.AppInfoCore: [AI] Package not found when getting package info
04-04 23:38:28.544   512   512 I lowmemorykiller: nr_free_pages: 64279 nr_inactive_file: 181697 nr_active_file: 92190 workingset_refault: 3863977823 pgscan_kswapd: 6159263521 pgscan_direct: 236528245 pgscan_direct_throttle: 4634 init_pgscan_direct: 236509902 init_pgscan_kswapd: 6159263521 base_file_lru: 298886 init_ws_refault: 3863970930 free_swap: 680179 total_swap: 1572863 swap_free_percentage: 43%
04-04 23:38:28.558 15085 15150 W fb4a.BloksPrivacySelectorFetchQpl: markerPoint is called unexpectedly with render location: BPS_COMPOSER
04-04 23:38:28.565 15085 15150 W fb4a.BloksPrivacySelectorFetchQpl: markerPoint is called unexpectedly with render location: BPS_VIDEO_PRODUCTION_UNIFICATION
04-04 23:38:28.568 15085 15139 W fb4a.BloksPrivacySelectorFetchQpl: markerPoint is called unexpectedly with render location: BPS_COMPOSER
04-04 23:38:28.568 15085 15139 W fb4a.BloksPrivacySelectorFetchQpl: success is called unexpectedly with render location: BPS_COMPOSER
04-04 23:38:28.572 15085 15139 W fb4a.BloksPrivacySelectorFetchQpl: markerPoint is called unexpectedly with render location: BPS_VIDEO_PRODUCTION_UNIFICATION
04-04 23:38:28.572 15085 15139 W fb4a.BloksPrivacySelectorFetchQpl: success is called unexpectedly with render location: BPS_VIDEO_PRODUCTION_UNIFICATION
04-04 23:38:28.568  2634  2634 W dataInfoSend: type=1400 audit(0.0:611766154): avc:  denied  { bpf } for  capability=39  scontext=u:r:bpfloader:s0 tcontext=u:r:bpfloader:s0 tclass=capability2 permissive=0
04-04 23:38:28.568  2634  2634 W dataInfoSend: type=1400 audit(0.0:611766155): avc:  denied  { bpf } for  capability=39  scontext=u:r:bpfloader:s0 tcontext=u:r:bpfloader:s0 tclass=capability2 permissive=0
04-04 23:38:28.568  2634  2634 W dataInfoSend: type=1400 audit(0.0:611766156): avc:  denied  { bpf } for  capability=39  scontext=u:r:bpfloader:s0 tcontext=u:r:bpfloader:s0 tclass=capability2 permissive=0
04-04 23:38:26.904 19509 19509 W audit   : audit_lost=610672943 audit_rate_limit=5 audit_backlog_limit=64
04-04 23:38:28.568  2634  2634 W dataInfoSend: type=1400 audit(0.0:611766157): avc:  denied  { bpf } for  capability=39  scontext=u:r:bpfloader:s0 tcontext=u:r:bpfloader:s0 tclass=capability2 permissive=0
04-04 23:38:26.904 19509 19509 E audit   : rate limit exceeded
04-04 23:38:28.568  2634  2634 W dataInfoSend: type=1400 audit(0.0:611766158): avc:  denied  { bpf } for  capability=39  scontext=u:r:bpfloader:s0 tcontext=u:r:bpfloader:s0 tclass=capability2 permissive=0
04-04 23:38:28.604 15085 15149 W SecurityDistractHooks_LibraryLoaders: Invalid blocklist fetched from MC: . Default one will be used.
04-04 23:38:28.614 15085 15149 W soloader.ApplicationInfoProvider: initialized: getApplicationInfo: yes; myUserId: yes
04-04 23:38:28.617 15085 15148 W fb4a.SyncInitializer: Start regular sync initialization
04-04 23:38:28.636 15085 15148 W HWUI    : Image decoding logging dropped!
04-04 23:38:26.970 21458 21458 I [wlan][21458]halSetFWOwn: (INIT INFO) FW OWN:1, IntSta:0x00000005
04-04 23:38:28.644   512   512 I lowmemorykiller: nr_free_pages: 61444 nr_inactive_file: 181782 nr_active_file: 92827 workingset_refault: 3863978572 pgscan_kswapd: 6159263521 pgscan_direct: 236528245 pgscan_direct_throttle: 4634 init_pgscan_direct: 236509902 init_pgscan_kswapd: 6159263521 base_file_lru: 298886 init_ws_refault: 3863970930 free_swap: 680947 total_swap: 1572863 swap_free_percentage: 43%
04-04 23:38:26.989 21458 21458 I [wlan][21458]soc7_0ForceEnableHostCsrIrq: (HAL INFO) RD 0x7c0601a4 = 00000000
04-04 23:38:26.989 21458 21458 I [wlan][21458]soc7_0ForceEnableHostCsrIrq: (HAL INFO) WR 0x7c0601a4 = 00000001
04-04 23:38:26.991 21458 21458 I [wlan][21458]soc7_0ForceEnableHostCsrIrq: (HAL INFO) RD 0x7c011000 = 02050401
04-04 23:38:26.991 21458 21458 I [wlan][21458]soc7_0ForceEnableHostCsrIrq: (HAL INFO) RD 0x7c001210 = 00010002
04-04 23:38:26.991 21458 21458 I [wlan][21458]soc7_0ForceEnableHostCsrIrq: (HAL INFO) RD 0x7c001600 = 000003ff
04-04 23:38:26.991 21458 21458 I [wlan][21458]soc7_0ForceEnableHostCsrIrq: (HAL INFO) WR 0x7c001600 = 0x3FF
04-04 23:38:26.991 21458 21458 I [wlan][21458]soc7_0ForceEnableHostCsrIrq: (HAL INFO) RD 0x7c001600 = 000003ff
04-04 23:38:26.991 21458 21458 I [wlan][21458]soc7_0ForceEnableHostCsrIrq: (HAL INFO) RD 0x7c0601a4 = 00000001
04-04 23:38:26.991 21458 21458 I [wlan][21458]soc7_0ForceEnableHostCsrIrq: (HAL INFO) WR 0x7c0601a4 = 00000000
04-04 23:38:28.710 15085 15333 W JobInfo : Requested important-while-foreground flag for job1309 is ignored and takes no effect
04-04 23:38:27.051 21458 21458 I [wlan][21458]halSetFWOwn: (INIT INFO) FW OWN:1, IntSta:0x00000004
04-04 23:38:27.069 21458 21458 I [wlan][21458]soc7_0ForceEnableHostCsrIrq: (HAL INFO) RD 0x7c0601a4 = 00000000
04-04 23:38:27.069 21458 21458 I [wlan][21458]soc7_0ForceEnableHostCsrIrq: (HAL INFO) WR 0x7c0601a4 = 00000001
04-04 23:38:27.070 21458 21458 I [wlan][21458]soc7_0ForceEnableHostCsrIrq: (HAL INFO) RD 0x7c011000 = 02050401
04-04 23:38:27.071 21458 21458 I [wlan][21458]soc7_0ForceEnableHostCsrIrq: (HAL INFO) RD 0x7c001210 = 00010002
04-04 23:38:27.071 21458 21458 I [wlan][21458]soc7_0ForceEnableHostCsrIrq: (HAL INFO) RD 0x7c001600 = 000003ff
04-04 23:38:27.071 21458 21458 I [wlan][21458]soc7_0ForceEnableHostCsrIrq: (HAL INFO) WR 0x7c001600 = 0x3FF
04-04 23:38:27.071 21458 21458 I [wlan][21458]soc7_0ForceEnableHostCsrIrq: (HAL INFO) RD 0x7c001600 = 000003ff
04-04 23:38:27.071 21458 21458 I [wlan][21458]soc7_0ForceEnableHostCsrIrq: (HAL INFO) RD 0x7c0601a4 = 00000001
04-04 23:38:27.071 21458 21458 I [wlan][21458]soc7_0ForceEnableHostCsrIrq: (HAL INFO) WR 0x7c0601a4 = 00000000
04-04 23:38:28.745   512   512 I lowmemorykiller: nr_free_pages: 60562 nr_inactive_file: 182154 nr_active_file: 93332 workingset_refault: 3863979415 pgscan_kswapd: 6159263521 pgscan_direct: 236528245 pgscan_direct_throttle: 4634 init_pgscan_direct: 236509902 init_pgscan_kswapd: 6159263521 base_file_lru: 298886 init_ws_refault: 3863970930 free_swap: 681267 total_swap: 1572863 swap_free_percentage: 43%
04-04 23:38:28.755 15085 15154 W Profilo/TraceControl: Loom client config id: 2092679780824897091
04-04 23:38:28.763 15085 15089 W facebook.katana: Cleared Reference was only reachable from finalizer (only reported once)
04-04 23:38:28.770 15085 15089 W facebook.katana: userfaultfd: MOVE ioctl seems unsupported: Connection timed out
04-04 23:38:28.787  1055  1055 I android.hardware.thermal-service.mediatek: getTemperaturesWithType TemperatureType: 3
04-04 23:38:28.787  1055  1055 W android.hardware.thermal-service.mediatek: i=0 tz_data[i].tz_idx[0]=10
04-04 23:38:28.787  1055  1055 W android.hardware.thermal-service.mediatek: i=1 tz_data[i].tz_idx[0]=10
04-04 23:38:28.787  1055  1055 W android.hardware.thermal-service.mediatek: i=2 tz_data[i].tz_idx[0]=7
04-04 23:38:28.787  1055  1055 W android.hardware.thermal-service.mediatek: i=3 tz_data[i].tz_idx[0]=56
04-04 23:38:28.787  1055  1055 I android.hardware.thermal-service.mediatek: fill_temperatures filterType1 name: SKIN type: SKIN throttlingStatus: LIGHT value: 39.586 ret_temps size 0
04-04 23:38:28.787  1055  1055 W android.hardware.thermal-service.mediatek: i=4 tz_data[i].tz_idx[0]=0
04-04 23:38:28.787  1055  1055 W android.hardware.thermal-service.mediatek: i=5 tz_data[i].tz_idx[0]=51
04-04 23:38:28.787  1055  1055 W android.hardware.thermal-service.mediatek: i=6 tz_data[i].tz_idx[0]=-1
04-04 23:38:28.787  1055  1055 W android.hardware.thermal-service.mediatek: i=7 tz_data[i].tz_idx[0]=-1
04-04 23:38:28.787  1055  1055 W android.hardware.thermal-service.mediatek: i=8 tz_data[i].tz_idx[0]=-1
04-04 23:38:28.787  1055  1055 W android.hardware.thermal-service.mediatek: i=9 tz_data[i].tz_idx[0]=10
04-04 23:38:28.787  1055  1055 W android.hardware.thermal-service.mediatek: i=10 tz_data[i].tz_idx[0]=10
04-04 23:38:28.787  1055  1055 W android.hardware.thermal-service.mediatek: i=11 tz_data[i].tz_idx[0]=-1
04-04 23:38:28.787  1055  1055 W android.hardware.thermal-service.mediatek: i=12 tz_data[i].tz_idx[0]=-1
04-04 23:38:28.787  1055  1055 W android.hardware.thermal-service.mediatek: i=13 tz_data[i].tz_idx[0]=10
04-04 23:38:28.804  2907  3044 W BluetoothMetricsLogger: MetricsLogger isn't initialized
04-04 23:38:28.805  2907  3044 W BluetoothMetricsLogger: MetricsLogger isn't initialized
04-04 23:38:28.805  2907  3044 E ScannerMap: Context not found for ID 4
04-04 23:38:27.142 21458 21458 I [wlan][21458]halSetFWOwn: (INIT INFO) FW OWN:1, IntSta:0x00000018
04-04 23:38:28.821  1032  1070 I hwcomposer: [HWCDisplay] [Display_0 (type:1, mode:2)] fps:52.335106,dur:1375.75,max:550.95,min:6.01  
04-04 23:38:28.846   512   512 I lowmemorykiller: nr_free_pages: 61477 nr_inactive_file: 182253 nr_active_file: 93355 workingset_refault: 3863979491 pgscan_kswapd: 6159263521 pgscan_direct: 236528245 pgscan_direct_throttle: 4634 init_pgscan_direct: 236509902 init_pgscan_kswapd: 6159263521 base_file_lru: 298886 init_ws_refault: 3863970930 free_swap: 682483 total_swap: 1572863 swap_free_percentage: 43%
04-04 23:38:27.194 21458 21458 I [wlan][21458]soc7_0ForceEnableHostCsrIrq: (HAL INFO) RD 0x7c0601a4 = 00000000
04-04 23:38:27.194 21458 21458 I [wlan][21458]soc7_0ForceEnableHostCsrIrq: (HAL INFO) WR 0x7c0601a4 = 00000001
04-04 23:38:27.195 21458 21458 I [wlan][21458]soc7_0ForceEnableHostCsrIrq: (HAL INFO) RD 0x7c011000 = 02050401
04-04 23:38:27.195 21458 21458 I [wlan][21458]soc7_0ForceEnableHostCsrIrq: (HAL INFO) RD 0x7c001210 = 00010002
04-04 23:38:27.195 21458 21458 I [wlan][21458]soc7_0ForceEnableHostCsrIrq: (HAL INFO) RD 0x7c001600 = 000003ff
04-04 23:38:27.195 21458 21458 I [wlan][21458]soc7_0ForceEnableHostCsrIrq: (HAL INFO) WR 0x7c001600 = 0x3FF
04-04 23:38:27.195 21458 21458 I [wlan][21458]soc7_0ForceEnableHostCsrIrq: (HAL INFO) RD 0x7c001600 = 000003ff
04-04 23:38:27.195 21458 21458 I [wlan][21458]soc7_0ForceEnableHostCsrIrq: (HAL INFO) RD 0x7c0601a4 = 00000001
04-04 23:38:27.195 21458 21458 I [wlan][21458]soc7_0ForceEnableHostCsrIrq: (HAL INFO) WR 0x7c0601a4 = 00000000
04-04 23:38:28.874  1055  1055 I android.hardware.thermal-service.mediatek: getTemperaturesWithType TemperatureType: 3
04-04 23:38:28.874  1055  1055 W android.hardware.thermal-service.mediatek: i=0 tz_data[i].tz_idx[0]=10
04-04 23:38:28.874  1055  1055 W android.hardware.thermal-service.mediatek: i=1 tz_data[i].tz_idx[0]=10
04-04 23:38:28.874  1055  1055 W android.hardware.thermal-service.mediatek: i=2 tz_data[i].tz_idx[0]=7
04-04 23:38:28.874  1055  1055 W android.hardware.thermal-service.mediatek: i=3 tz_data[i].tz_idx[0]=56
04-04 23:38:28.874  1055  1055 I android.hardware.thermal-service.mediatek: fill_temperatures filterType1 name: SKIN type: SKIN throttlingStatus: LIGHT value: 39.586 ret_temps size 0
04-04 23:38:28.874  1055  1055 W android.hardware.thermal-service.mediatek: i=4 tz_data[i].tz_idx[0]=0
04-04 23:38:28.874  1055  1055 W android.hardware.thermal-service.mediatek: i=5 tz_data[i].tz_idx[0]=51
04-04 23:38:28.874  1055  1055 W android.hardware.thermal-service.mediatek: i=6 tz_data[i].tz_idx[0]=-1
04-04 23:38:28.874  1055  1055 W android.hardware.thermal-service.mediatek: i=7 tz_data[i].tz_idx[0]=-1
04-04 23:38:28.874  1055  1055 W android.hardware.thermal-service.mediatek: i=8 tz_data[i].tz_idx[0]=-1
04-04 23:38:28.874  1055  1055 W android.hardware.thermal-service.mediatek: i=9 tz_data[i].tz_idx[0]=10
04-04 23:38:28.874  1055  1055 W android.hardware.thermal-service.mediatek: i=10 tz_data[i].tz_idx[0]=10
04-04 23:38:28.874  1055  1055 W android.hardware.thermal-service.mediatek: i=11 tz_data[i].tz_idx[0]=-1
04-04 23:38:28.874  1055  1055 W android.hardware.thermal-service.mediatek: i=12 tz_data[i].tz_idx[0]=-1
04-04 23:38:28.874  1055  1055 W android.hardware.thermal-service.mediatek: i=13 tz_data[i].tz_idx[0]=10
04-04 23:38:28.877 15085 15092 W System  : A resource failed to call close. 
04-04 23:38:28.877 15085 15092 W fb4a.fw8: AsyncDrawable with url https://lookaside.facebook.com/ras/v2/?id=AQACHbcaDXk4&cfg=d$2.34x wasn't hidden before it was GC'd. Please call setVisible(false, ___ ) in View.onDetachedFromWindow()
04-04 23:38:28.877 15085 15139 W fb4a.AppInfoCore: [AI] Package not found when getting package info
04-04 23:38:28.878 15085 15139 W fb4a.AppInfoCore: [AI] Package not found when getting package info
04-04 23:38:28.923  1694  2424 I system_server: AssetManager2(0xb400007c40e01198) locale list changing from [] to [en-GB]
04-04 23:38:28.934  2907  3044 W BluetoothMetricsLogger: MetricsLogger isn't initialized
04-04 23:38:28.934  2907  3044 W BluetoothMetricsLogger: MetricsLogger isn't initialized
04-04 23:38:28.934  2907  3044 E ScannerMap: Context not found for ID 4
04-04 23:38:28.935  9606  6456 I NearbyDiscovery: (REDACTED) BloomFilterAdvManager: Detected bloom filter but too far away, ignoring. %sm, %s
04-04 23:38:28.947   512   512 I lowmemorykiller: nr_free_pages: 59461 nr_inactive_file: 182608 nr_active_file: 94452 workingset_refault: 3863980849 pgscan_kswapd: 6159263521 pgscan_direct: 236528245 pgscan_direct_throttle: 4634 init_pgscan_direct: 236509902 init_pgscan_kswapd: 6159263521 base_file_lru: 298886 init_ws_refault: 3863970930 free_swap: 685466 total_swap: 1572863 swap_free_percentage: 43%
04-04 23:38:27.295   333   333 I instant_current: cic_idx:0
04-04 23:38:29.000 14760 14779 W .app:AppMetrica: userfaultfd: MOVE ioctl seems unsupported: Connection timed out
04-04 23:38:27.364 21458 21458 I [wlan][21458]halDumpMsduReportStats: (HAL INFO) TX_Delay D:[1:5:10:20]=[10:0:1:0:0#0] C:[10:20:50:80]=[11:0:0:0:0#0] M:[5:10:20:50]=[11:0:0:0:0#0] A:[5:10:20:50]=[0:0:0:0:0#0] F:[10:20:50:80]=[0:0:0:0:0#0] Txfail:0
04-04 23:38:27.364 21458 21458 I [wlan][21458]halDumpHifStats: (HAL INFO) I[0 / 16018526 1 0 1 0x0 0x0 0] T[322268 322268 322268 / 15057380 15057380 15055906 15056986] R[19939085 / 7726295] T_Q:T_R[0:2 0:0 0:0 0:0 0:0 0:0 0:0 0:0]  R_R:R_N[0:0 0:0 0:0 0:0] Msdu:F[8191/8192]P[0]D[0] Tok[0/4096] Rfb[4149/0/0/8/0/0/0/0/4150] txreg[9282650] rxreg[18577703]
04-04 23:38:27.364 21457 21457 I [wlan][21457]kalPerMonUpdate: (SW4 INFO) <1019ms> Tput: 56776(0.055mbps) [4474:11:2758:9][0:0:0:0][0:0:0:0][0:0:0:0] Pending:0/4096 [0:0:0:0][0:0:0:0][0:0:0:0][0:0:0:0] LQ[15528046:88136:53602] idle:0 lv:0 th:5 fg:0x9 TxCpu[2187109,3679196,3909973,4177851,208325,438493,214778,222940] RxCpu[0,0,0,0,0,0,0,0] TxDp[ST:BS:FO:QM:DP]:4126:0:0:0:41104 Tx[SQ:TI:TM:TDD:TDM:TIC:TFP]:0:15038103:15038665:0:0:114968:15038658 MgmtSub[124:144:51:9:0:0:0:0:0:0:0:562:173:467:0:0]
04-04 23:38:27.364 21457 21457 I [wlan][21457]kalPerMonUpdate: (SW4 INFO) ndevdrp:[0:0:0:301][0:0:0:56] NAPI[16018526,0,0,0,0,0,0,0,0,0,0] RxReorder[1:7:0:0] RxPending[0:0:0:0] RfbTrack[0:60:10:0:0:0:0:0:0:0:0:0:0:0:0:0:0:0:0] drv[RM,IL,RI,PA,PF,DU,DA,RT,RM,RW,RA,RB,DT,NS,IB,HS,LS,DD,ME,BD,NI,DR,TE,PE,CE,DN,FE,DE,IE,TME,CM,FB,ID,FD,NL]:21342701,0,19709314,19732222,22912,22912,0,19713480,777389077608,19411910,59030,21469,227656,57,0,958,0,4236,0,5144,0,216956,0,0,90,227594,0,0,0,0,62,0,0,0,0
04-04 23:38:29.047   512   512 I lowmemorykiller: nr_free_pages: 58768 nr_inactive_file: 182626 nr_active_file: 94452 workingset_refault: 3863980865 pgscan_kswapd: 6159263521 pgscan_direct: 236528245 pgscan_direct_throttle: 4634 init_pgscan_direct: 236509902 init_pgscan_kswapd: 6159263521 base_file_lru: 298886 init_ws_refault: 3863970930 free_swap: 685939 total_swap: 1572863 swap_free_percentage: 43%
04-04 23:38:27.381 21457 21457 I [wlan][21457]wlanLinkQualityMonitor: (SW4 INFO) Link Quality: Tx(rate:4330, total:15528046, retry:956, fail:1074, RTS fail:0, ACK fail:1074), Rx(rate:4333, total:88136, dup:2145, error:44617), PER(0), Congestion(idle slot:3607967450, diff:31830, AwakeDur:189721483)
04-04 23:38:27.381 21458 21458 I [wlan][21458]wlanTxCmdDoneCb: (TX INFO) Add command: 000000006262b39a, 00000000171fb9ec, cmd=0x85, seq=205
04-04 23:38:27.381 21458 21458 I [wlan][21458]wlanTxCmdDoneCb: (TX INFO) Add command: 0000000028ada7d5, 00000000a24ff883, cmd=0x82, seq=206
04-04 23:38:27.381 21458 21458 I [wlan][21458]soc7_0_DumpWfsyscpupcr: (HAL INFO) wm pc=469730.265927/0xf046751e;469730.265932/0x009041b8;469730.265936/0xf0411fbe;469730.265939/0xf0476fd2;469730.265942/0xf038add2;
04-04 23:38:27.381 21458 21458 I [wlan][21458]soc7_0_DumpWfsyscpupcr: (HAL INFO) wm lp=469730.265927/0xf04708ac;469730.265932/0xf0423528;469730.265936/0xf0411fe0;469730.265939/0xf0476fd4;469730.265942/0xf0476fd4;
04-04 23:38:27.382 21457 21457 I [wlan][21457]nicRxProcessEventPacket: (RX INFO) Not static config event: id=0x21, seq=205
04-04 23:38:27.382 21457 21457 I [wlan][21457]nicGetPendingCmdInfo: (TX INFO) Get command: 000000006262b39a, 00000000171fb9ec, cmd=0x85, seq=205
04-04 23:38:29.117  1054  1103 I libPerfCtl: xgfGetFPS pid:2121 fps:120
04-04 23:38:29.117  1054  1103 I libPerfCtl: xgfGetFPS pid:2392 fps:-1
04-04 23:38:29.117  1054  1103 I libPerfCtl: xgfGetFPS pid:15219 fps:-1
04-04 23:38:29.117  1054  1103 I libPerfCtl: xgfGetFPS pid:26849 fps:-1
04-04 23:38:29.142  1008 20856 I netd    : tetherGetStats() -> {[TetherStatsParcel{iface: ccmni1, rxBytes: 3999950, rxPackets: 42679, txBytes: 3779963, txPackets: 50555, ifIndex: 0}, TetherStatsParcel{iface: ccmni2, rxBytes: 1858963, rxPackets: 16603, txBytes: 1445860, txPackets: 19349, ifIndex: 0}, TetherStatsParcel{iface: ccmni3, rxBytes: 1041185, rxPackets: 9304, txBytes: 870502, txPackets: 11401, ifIndex: 0}, TetherStatsParcel{iface: v4-ccmni1, rxBytes: 1112959460, rxPackets: 485904, txBytes: 121321328, txPackets: 500074, ifIndex: 0}, TetherStatsParcel{iface: v4-ccmni2, rxBytes: 269024249, rxPackets: 259951, txBytes: 25090607, txPackets: 101783, ifIndex: 0}, TetherStatsParcel{iface: v4-ccmni3, rxBytes: 40752930, rxPackets: 39294, txBytes: 6013669, txPackets: 24211, ifIndex: 0}, TetherStatsParcel{iface: wlan0, rxBytes: 2680895786, rxPackets: 2371268, txBytes: 675196317, txPackets: 1518260, ifIndex: 0}]} <3.48ms>
04-04 23:38:29.145   512   512 I lowmemorykiller: nr_free_pages: 57949 nr_inactive_file: 182645 nr_active_file: 95128 workingset_refault: 3863981551 pgscan_kswapd: 6159263521 pgscan_direct: 236528245 pgscan_direct_throttle: 4634 init_pgscan_direct: 236509902 init_pgscan_kswapd: 6159263521 base_file_lru: 298886 init_ws_refault: 3863970930 free_swap: 686195 total_swap: 1572863 swap_free_percentage: 43%
04-04 23:38:27.383 21457 21457 I [wlan][21457]nicGetPendingCmdInfo: (TX INFO) Get command: 0000000028ada7d5, 00000000a24ff883, cmd=0x82, seq=206
04-04 23:38:27.509     0     0 I         : [    C7] swpm_sp_routine regular update(3132), total_suspend(276097155596)
04-04 23:38:29.186  2907  3044 W BluetoothMetricsLogger: MetricsLogger isn't initialized
04-04 23:38:29.186  2907  3044 W BluetoothMetricsLogger: MetricsLogger isn't initialized
04-04 23:38:29.186  2907  3044 E ScannerMap: Context not found for ID 4
04-04 23:38:29.187  9606  6456 I NearbyDiscovery: (REDACTED) BloomFilterAdvManager: Detected bloom filter but too far away, ignoring. %sm, %s
04-04 23:38:29.189  1055  1084 W android.hardware.thermal-service.mediatek: parseMsg: Get from client TYPE=thermal_hal_notify NAME=SKIN
04-04 23:38:29.189  1055  1084 W android.hardware.thermal-service.mediatek: parseMsg:name.c_str():SKIN
04-04 23:38:29.189  1055  1084 W android.hardware.thermal-service.mediatek: parseMsg:tz notify:SKIN
04-04 23:38:29.189  1055  1084 I android.hardware.thermal-service.mediatek: Wait to accept a connection
04-04 23:38:29.189  1055  1084 I android.hardware.thermal-service.mediatek: Sending notification:  Type: SKIN Name: SKIN CurrentValue: 39.586 ThrottlingStatus: LIGHT
04-04 23:38:29.189  1055  1084 I android.hardware.thermal-service.mediatek: sendThermalChangedCallback
04-04 23:38:29.228   512   512 I lowmemorykiller: nr_free_pages: 57634 nr_inactive_file: 182707 nr_active_file: 95138 workingset_refault: 3863981555 pgscan_kswapd: 6159263521 pgscan_direct: 236528245 pgscan_direct_throttle: 4634 init_pgscan_direct: 236509902 init_pgscan_kswapd: 6159263521 base_file_lru: 298886 init_ws_refault: 3863970930 free_swap: 686451 total_swap: 1572863 swap_free_percentage: 43%
04-04 23:38:29.236  1694  2095 I mtkpower_client: perf_lock_acq, hdl:355964, dur:3000, num:2, pid:1694, tid:2095
04-04 23:38:29.239  1694  2095 I mtkpower_client: ret_hdl:356275
04-04 23:38:29.239  1694  2095 I mtkpower_client: perf_lock_rel, hdl:356275, pid: 1694, tid:2095
04-04 23:38:29.239  1056  1142 I libPowerHal: [perfLockAcq] idx:2 hdl:356275 hint:-1 pid:1694 tid:2095 duration:3000 lock_user:system_server => ret_hdl:356275
04-04 23:38:29.239  1056  1142 I SbeHandle: end_default_hold_time HindID : 21
04-04 23:38:29.239  1056  1142 I libPowerHal: [disableScenarioByHintId] Disable HindID : 21
04-04 23:38:29.239  1056  1142 I libPowerHal: [disableScenarioByHintId] disableScenarioByHintId: HindID : 21
04-04 23:38:29.240  1056  1142 I libPowerHal: [setClusterFreq]  set cpu_ctrl cpufreq: -1 1900000 -1 -1 
04-04 23:38:29.240  1056  1142 I libPowerHal: [PD] MTKPOWER_HINT_PROCESS_CREATE update cmd:1408300 param:40
04-04 23:38:29.240  1056  1142 I libPowerHal: [PD] MTKPOWER_HINT_PROCESS_CREATE update cmd:300c000 param:0
04-04 23:38:29.241  1056  1142 I libPowerHal: [setDvfsrcDevFreqOpp] opp:2, freq:4212000000
04-04 23:38:29.241  1056  1142 I libPowerHal: [PD] MTKPOWER_HINT_PROCESS_CREATE update cmd:1000000 param:2
04-04 23:38:29.241  1056  1142 I libPowerHal: [PE] system_server update ONESHOT(set) cmd:3410300 param:21
04-04 23:38:29.242  1056  1142 I libPowerHal: [perfLockRel] hdl:356275, idx:2
04-04 23:38:29.244  1056  1142 I SbeHandle: end_default_hold_time HindID : 21
04-04 23:38:29.244  1056  1142 I libPowerHal: [disableScenarioByHintId] Disable HindID : 21
04-04 23:38:29.244  1056  1142 I libPowerHal: [PD] system_server update ONESHOT(unset) cmd:3410300 param:21
04-04 23:38:29.329   512   512 I lowmemorykiller: nr_free_pages: 57634 nr_inactive_file: 182709 nr_active_file: 95443 workingset_refault: 3863981870 pgscan_kswapd: 6159263521 pgscan_direct: 236528245 pgscan_direct_throttle: 4634 init_pgscan_direct: 236509902 init_pgscan_kswapd: 6159263521 base_file_lru: 298886 init_ws_refault: 3863970930 free_swap: 686451 total_swap: 1572863 swap_free_percentage: 43%
04-04 23:38:29.378  2907  3044 W BluetoothMetricsLogger: MetricsLogger isn't initialized
04-04 23:38:29.378  2907  3044 W BluetoothMetricsLogger: MetricsLogger isn't initialized
04-04 23:38:29.379  2907  3044 E ScannerMap: Context not found for ID 4
04-04 23:38:29.430   512   512 I lowmemorykiller: nr_free_pages: 57256 nr_inactive_file: 182709 nr_active_file: 95724 workingset_refault: 3863982141 pgscan_kswapd: 6159263521 pgscan_direct: 236528245 pgscan_direct_throttle: 4634 init_pgscan_direct: 236509902 init_pgscan_kswapd: 6159263521 base_file_lru: 278152 init_ws_refault: 3863981870 free_swap: 686451 total_swap: 1572863 swap_free_percentage: 43%
04-04 23:38:27.570  1142  1142 I Task-Turbo: Task-Turbo: task_turbo_feats is change to 0 successfully
04-04 23:38:27.768 18100 18100 I         : [btmtk_err] ***btmtk_rx_work skb_queue_len is zero***
04-04 23:38:29.441  2907  3044 W BluetoothMetricsLogger: MetricsLogger isn't initialized
04-04 23:38:29.442  2907  3044 W BluetoothMetricsLogger: MetricsLogger isn't initialized
04-04 23:38:29.442  2907  3044 E ScannerMap: Context not found for ID 4
04-04 23:38:29.445  9606  6456 I NearbyDiscovery: (REDACTED) BloomFilterAdvManager: Detected bloom filter but too far away, ignoring. %sm, %s
04-04 23:38:29.532   512   512 I lowmemorykiller: nr_free_pages: 56941 nr_inactive_file: 182709 nr_active_file: 95968 workingset_refault: 3863982387 pgscan_kswapd: 6159263521 pgscan_direct: 236528245 pgscan_direct_throttle: 4634 init_pgscan_direct: 236509902 init_pgscan_kswapd: 6159263521 base_file_lru: 278152 init_ws_refault: 3863981870 free_swap: 686643 total_swap: 1572863 swap_free_percentage: 43%
04-04 23:38:27.869 21458 21458 I [wlan][21458]halSetFWOwn: (INIT INFO) FW OWN:1, IntSta:0x00000005
04-04 23:38:29.576  2634  2634 W dataInfoSend: type=1400 audit(0.0:611769884): avc:  denied  { bpf } for  capability=39  scontext=u:r:bpfloader:s0 tcontext=u:r:bpfloader:s0 tclass=capability2 permissive=0
04-04 23:38:29.576  2634  2634 W dataInfoSend: type=1400 audit(0.0:611769885): avc:  denied  { bpf } for  capability=39  scontext=u:r:bpfloader:s0 tcontext=u:r:bpfloader:s0 tclass=capability2 permissive=0
04-04 23:38:29.576  2634  2634 W dataInfoSend: type=1400 audit(0.0:611769886): avc:  denied  { bpf } for  capability=39  scontext=u:r:bpfloader:s0 tcontext=u:r:bpfloader:s0 tclass=capability2 permissive=0
04-04 23:38:29.576  2634  2634 W dataInfoSend: type=1400 audit(0.0:611769887): avc:  denied  { bpf } for  capability=39  scontext=u:r:bpfloader:s0 tcontext=u:r:bpfloader:s0 tclass=capability2 permissive=0
04-04 23:38:29.576  2634  2634 W dataInfoSend: type=1400 audit(0.0:611769888): avc:  denied  { bpf } for  capability=39  scontext=u:r:bpfloader:s0 tcontext=u:r:bpfloader:s0 tclass=capability2 permissive=0
04-04 23:38:27.913 19509 19509 W audit   : audit_lost=610676668 audit_rate_limit=5 audit_backlog_limit=64
04-04 23:38:27.913 19509 19509 E audit   : rate limit exceeded
04-04 23:38:29.633   512   512 I lowmemorykiller: nr_free_pages: 56626 nr_inactive_file: 182716 nr_active_file: 96341 workingset_refault: 3863982762 pgscan_kswapd: 6159263521 pgscan_direct: 236528245 pgscan_direct_throttle: 4634 init_pgscan_direct: 236509902 init_pgscan_kswapd: 6159263521 base_file_lru: 278152 init_ws_refault: 3863981870 free_swap: 686771 total_swap: 1572863 swap_free_percentage: 43%
04-04 23:38:29.646  1694  3336 E TaskPersister: File error accessing recents directory (directory doesn't exist?).
04-04 23:38:29.735   512   512 I lowmemorykiller: nr_free_pages: 56500 nr_inactive_file: 182729 nr_active_file: 96341 workingset_refault: 3863982771 pgscan_kswapd: 6159263521 pgscan_direct: 236528245 pgscan_direct_throttle: 4634 init_pgscan_direct: 236509902 init_pgscan_kswapd: 6159263521 base_file_lru: 278152 init_ws_refault: 3863981870 free_swap: 686771 total_swap: 1572863 swap_free_percentage: 43%
04-04 23:38:29.776  1694  2165 W OptProp : Cannot read opt property android.window.PROPERTY_COMPAT_ALLOW_RESIZEABLE_ACTIVITY_OVERRIDES
04-04 23:38:29.776  1694  2165 W OptProp : Cannot read opt property android.window.PROPERTY_COMPAT_ALLOW_MIN_ASPECT_RATIO_OVERRIDE
04-04 23:38:29.777  1056  1077 I mtkpower@impl: [setMode] type:5, enabled:1
04-04 23:38:29.777  1694  2165 W OptProp : Cannot read opt property android.window.PROPERTY_COMPAT_ALLOW_ORIENTATION_OVERRIDE
04-04 23:38:29.779  1056  1142 I libPowerHal: [perfLockAcq] idx:2 hdl:356276 hint:68 pid:1056 tid:1056 duration:30000 lock_user:vendor.mediatek => ret_hdl:356276
04-04 23:38:29.779  1056  1142 I libPowerHal: [setClusterFreq] LAUNCH set cpufreq[0] min:2000000 max:-1 cpufreq[1] min:2500000 max:-1 
04-04 23:38:29.780  1056  1142 I libPowerHal: [setClusterFreq]  set cpu_ctrl cpufreq: 1900000 1900000 2500000 -1 
04-04 23:38:29.781  1056  1142 I libPowerHal: [PE] LAUNCH update cmd:1408300, param:100
04-04 23:38:29.781  1056  1142 I libPowerHal: [PE] LAUNCH update cmd:300c000, param:15
04-04 23:38:29.781  1056  1142 I libPowerHal: [setDvfsrcDevFreqOpp] opp:1, freq:4212000000
04-04 23:38:29.781  1056  1142 I libPowerHal: [PE] LAUNCH update cmd:1000000 param:1
04-04 23:38:29.783  1694  2165 I PowerHalWrapper: amsBoostNotify pid:15219,activity:com.smartbus.app.activities.SplashActivity, package:com.smartbus.app, mProcessCreatePackcom.smartbus.app 
04-04 23:38:29.783  1694  2165 I PowerHalWrapper: state: 0 
04-04 23:38:29.783  1694  2165 I mtkpower_client: [PowerHal_Wrap_notifyAppState] com.smartbus.app/com.smartbus.app.activities.SplashActivity pid=15219 activityId:54642005 state:0
04-04 23:38:29.783  1054  1054 I IPCThreadState: oneway function results for code 2 on binder at 0xb4000071fd5d4110 will be dropped but finished with status UNKNOWN_TRANSACTION
04-04 23:38:29.783  1054  1054 I vendor.mediatek.hardware.mtkpower_applist-service.mediatek: packName: com.smartbus.app actName: com.smartbus.app.activities.SplashActivity pid: 15219 uid: 10419 state: 0
04-04 23:38:29.783  1054  1054 I MTK_APPList: [notifyAPPstate] com.smartbus.app/com.smartbus.app.activities.SplashActivity, pid=15219, uid=10419, state:PAUSED, fps:-1, win:1
04-04 23:38:29.783  1054  1054 I MTK_APPList: [notifyAPPstate] multi_resumed_app_count: 4
04-04 23:38:29.783  1054  1054 I MTK_APPList: [notifyAPPstate] multi_resumed_app_info[0] com.android.systemui/com.android.systemui._51596708, pid:2121, fps:120, isMultiWindow:1
04-04 23:38:29.783  1054  1054 I MTK_APPList: [notifyAPPstate] multi_resumed_app_info[1] com.android.systemui/com.android.systemui._207002783, pid:2121, fps:-1, isMultiWindow:1
04-04 23:38:29.783  1054  1054 I MTK_APPList: [notifyAPPstate] multi_resumed_app_info[2] com.android.systemui/com.android.systemui._18945189, pid:2121, fps:120, isMultiWindow:1
04-04 23:38:29.783  1054  1054 I MTK_APPList: [notifyAPPstate] multi_resumed_app_info[3] com.android.systemui/com.android.systemui._33617838, pid:2121, fps:-1, isMultiWindow:1
04-04 23:38:29.783  1054  1054 I MTK_APPList: [getForegroundAPPCount] 4
04-04 23:38:29.783  1054  1054 I MTK_APPList: [notifyNetdUID] 10419
04-04 23:38:29.783  1096  1165 I BpBinder: onLastStrongRef automatically unlinking death recipients: 
04-04 23:38:29.784  1054  1054 I MTK_APPList: [notifyPID] 15219
04-04 23:38:29.784  1056  1142 I libPowerHal: [perfSetSysInfo] pid type:24, 15219
04-04 23:38:29.786  1694  2165 I PowerHalWrapper: amsBoostNotify AMS_BOOST_PROCESS_CREATE_BOOST:true 
04-04 23:38:29.786  1694  1694 E MBrainLocalService: notifyAppSwitch failed
04-04 23:38:29.786  1694  2165 I PowerHalWrapper: <amsBoostResume> last:com.smartbus.app, next:com.smartbus.apphasATProcess:false 
04-04 23:38:29.786  1694  2165 I PowerHalWrapper:  mIsColdLaunch :false 
04-04 23:38:29.787  1056  1142 I libPowerHal: [perfLockRel] hdl:356274, idx:6
04-04 23:38:29.787  1694  2165 I ActivityTaskManager: START u0 {xflg=0x4 cmp=com.smartbus.app/.activities.LoginActivity} with LAUNCH_MULTIPLE from uid 10419 pid 15219 (sr=54642005) (BAL_ALLOW_VISIBLE_WINDOW) result code=0
04-04 23:38:29.787  1694  1746 W BoostModuleDispatcher: Not found identify scenario.
04-04 23:38:29.788  2121  2208 W BoostModuleDispatcher: Not found identify scenario.
04-04 23:38:29.788  1056  1142 I libPowerHal: [perfLockAcq] idx:3 hdl:356277 hint:23 pid:1056 tid:1056 duration:10000 lock_user:vendor.mediatek => ret_hdl:356277
04-04 23:38:29.788  1056  1142 I libPowerHal: [setClusterFreq] MTKPOWER_HINT_ACT_SWITCH set cpufreq[0] min:2000000 max:-1 cpufreq[1] min:2500000 max:-1 
04-04 23:38:29.788  1055  1055 I android.hardware.thermal-service.mediatek: getTemperaturesWithType TemperatureType: 3
04-04 23:38:28.111  1142  1142 I Task-Turbo: Task-Turbo: task_turbo_feats is change to 15 successfully
04-04 23:38:28.115   513   513 E SELinux : avc:  denied  { find } for pid=1694 uid=1000 name=vendor.mediatek.hardware.gpuserv.IGpuService/default scontext=u:r:system_server:s0 tcontext=u:object_r:mtk_hal_gpuserv_service:s0 tclass=service_manager permissive=0
04-04 23:38:29.789  1055  1055 W android.hardware.thermal-service.mediatek: i=0 tz_data[i].tz_idx[0]=10
04-04 23:38:29.789  1055  1055 W android.hardware.thermal-service.mediatek: i=1 tz_data[i].tz_idx[0]=10
04-04 23:38:29.789  1055  1055 W android.hardware.thermal-service.mediatek: i=2 tz_data[i].tz_idx[0]=7
04-04 23:38:29.789  1055  1055 W android.hardware.thermal-service.mediatek: i=3 tz_data[i].tz_idx[0]=56
04-04 23:38:29.789  1055  1055 I android.hardware.thermal-service.mediatek: fill_temperatures filterType1 name: SKIN type: SKIN throttlingStatus: LIGHT value: 39.582 ret_temps size 0
04-04 23:38:29.789  1055  1055 W android.hardware.thermal-service.mediatek: i=4 tz_data[i].tz_idx[0]=0
04-04 23:38:29.789  1055  1055 W android.hardware.thermal-service.mediatek: i=5 tz_data[i].tz_idx[0]=51
04-04 23:38:29.789  1055  1055 W android.hardware.thermal-service.mediatek: i=6 tz_data[i].tz_idx[0]=-1
04-04 23:38:29.789  1055  1055 W android.hardware.thermal-service.mediatek: i=7 tz_data[i].tz_idx[0]=-1
04-04 23:38:29.789  1055  1055 W android.hardware.thermal-service.mediatek: i=8 tz_data[i].tz_idx[0]=-1
04-04 23:38:29.789  1055  1055 W android.hardware.thermal-service.mediatek: i=9 tz_data[i].tz_idx[0]=10
